Archive member included to satisfy reference by file (symbol)

app/libapp.a(app_nfc.c.obj)   (--whole-archive)
app/libapp.a(main.c.obj)      (--whole-archive)
app/libapp.a(ws2812_i2s.c.obj)
                              (--whole-archive)
zephyr/libzephyr.a(heap.c.obj)
                              (--whole-archive)
zephyr/libzephyr.a(cbprintf_packaged.c.obj)
                              (--whole-archive)
zephyr/libzephyr.a(printk.c.obj)
                              (--whole-archive)
zephyr/libzephyr.a(sem.c.obj)
                              (--whole-archive)
zephyr/libzephyr.a(thread_entry.c.obj)
                              (--whole-archive)
zephyr/libzephyr.a(cbprintf_complete.c.obj)
                              (--whole-archive)
zephyr/libzephyr.a(assert.c.obj)
                              (--whole-archive)
zephyr/libzephyr.a(mpsc_pbuf.c.obj)
                              (--whole-archive)
zephyr/libzephyr.a(dec.c.obj)
                              (--whole-archive)
zephyr/libzephyr.a(hex.c.obj)
                              (--whole-archive)
zephyr/libzephyr.a(rb.c.obj)  (--whole-archive)
zephyr/libzephyr.a(timeutil.c.obj)
                              (--whole-archive)
zephyr/libzephyr.a(bitarray.c.obj)
                              (--whole-archive)
zephyr/libzephyr.a(onoff.c.obj)
                              (--whole-archive)
zephyr/libzephyr.a(notify.c.obj)
                              (--whole-archive)
zephyr/libzephyr.a(last_section_id.c.obj)
                              (--whole-archive)
zephyr/libzephyr.a(configs.c.obj)
                              (--whole-archive)
zephyr/libzephyr.a(log_core.c.obj)
                              (--whole-archive)
zephyr/libzephyr.a(log_mgmt.c.obj)
                              (--whole-archive)
zephyr/libzephyr.a(log_cache.c.obj)
                              (--whole-archive)
zephyr/libzephyr.a(log_msg.c.obj)
                              (--whole-archive)
zephyr/libzephyr.a(log_output.c.obj)
                              (--whole-archive)
zephyr/libzephyr.a(log_backend_uart.c.obj)
                              (--whole-archive)
zephyr/libzephyr.a(mem_attr.c.obj)
                              (--whole-archive)
zephyr/libzephyr.a(tracing_none.c.obj)
                              (--whole-archive)
zephyr/libzephyr.a(usb_device.c.obj)
                              (--whole-archive)
zephyr/libzephyr.a(usb_descriptor.c.obj)
                              (--whole-archive)
zephyr/libzephyr.a(usb_transfer.c.obj)
                              (--whole-archive)
zephyr/libzephyr.a(banner.c.obj)
                              (--whole-archive)
zephyr/libzephyr.a(flash_map_partition_manager.c.obj)
                              (--whole-archive)
zephyr/libzephyr.a(nrf_cc3xx_platform_abort_zephyr.c.obj)
                              (--whole-archive)
zephyr/libzephyr.a(nrf_cc3xx_platform_mutex_zephyr.c.obj)
                              (--whole-archive)
zephyr/arch/common/libarch__common.a(sw_isr_common.c.obj)
                              (--whole-archive)
zephyr/arch/arch/arm/core/libarch__arm__core.a(fatal.c.obj)
                              (--whole-archive)
zephyr/arch/arch/arm/core/libarch__arm__core.a(nmi.c.obj)
                              (--whole-archive)
zephyr/arch/arch/arm/core/libarch__arm__core.a(nmi_on_reset.S.obj)
                              (--whole-archive)
zephyr/arch/arch/arm/core/libarch__arm__core.a(tls.c.obj)
                              (--whole-archive)
zephyr/arch/arch/arm/core/cortex_m/libarch__arm__core__cortex_m.a(exc_exit.c.obj)
                              (--whole-archive)
zephyr/arch/arch/arm/core/cortex_m/libarch__arm__core__cortex_m.a(fault.c.obj)
                              (--whole-archive)
zephyr/arch/arch/arm/core/cortex_m/libarch__arm__core__cortex_m.a(fault_s.S.obj)
                              (--whole-archive)
zephyr/arch/arch/arm/core/cortex_m/libarch__arm__core__cortex_m.a(fpu.c.obj)
                              (--whole-archive)
zephyr/arch/arch/arm/core/cortex_m/libarch__arm__core__cortex_m.a(reset.S.obj)
                              (--whole-archive)
zephyr/arch/arch/arm/core/cortex_m/libarch__arm__core__cortex_m.a(scb.c.obj)
                              (--whole-archive)
zephyr/arch/arch/arm/core/cortex_m/libarch__arm__core__cortex_m.a(thread_abort.c.obj)
                              (--whole-archive)
zephyr/arch/arch/arm/core/cortex_m/libarch__arm__core__cortex_m.a(vector_table.S.obj)
                              (--whole-archive)
zephyr/arch/arch/arm/core/cortex_m/libarch__arm__core__cortex_m.a(swap_helper.S.obj)
                              (--whole-archive)
zephyr/arch/arch/arm/core/cortex_m/libarch__arm__core__cortex_m.a(irq_manage.c.obj)
                              (--whole-archive)
zephyr/arch/arch/arm/core/cortex_m/libarch__arm__core__cortex_m.a(prep_c.c.obj)
                              (--whole-archive)
zephyr/arch/arch/arm/core/cortex_m/libarch__arm__core__cortex_m.a(thread.c.obj)
[...]
Memory Configuration

Name             Origin             Length             Attributes
FLASH            0x0000000000000000 0x0000000000100000 xr
RAM              0x0000000020000000 0x0000000000070000 xw
IDT_LIST         0x00000000ffff7fff 0x0000000000008000 xw
*default*        0x0000000000000000 0xffffffffffffffff

Linker script and memory map

                0x000000000000a7a4                vfprintf = __l_vfprintf
                0x0000000000000000                vfscanf = __l_vfscanf
LOAD zephyr/CMakeFiles/zephyr_final.dir/misc/empty_file.c.obj
LOAD zephyr/CMakeFiles/zephyr_final.dir/isr_tables.c.obj
LOAD zephyr/CMakeFiles/offsets.dir/./arch/arm/core/offsets/offsets.c.obj
LOAD app/libapp.a
LOAD zephyr/libzephyr.a
LOAD zephyr/arch/common/libarch__common.a
LOAD zephyr/arch/arch/arm/core/libarch__arm__core.a
LOAD zephyr/arch/arch/arm/core/cortex_m/libarch__arm__core__cortex_m.a
LOAD zephyr/arch/arch/arm/core/cortex_m/cmse/libarch__arm__core__cortex_m__cmse.a
LOAD zephyr/arch/arch/arm/core/mpu/libarch__arm__core__mpu.a
LOAD zephyr/lib/libc/picolibc/liblib__libc__picolibc.a
LOAD zephyr/lib/libc/common/liblib__libc__common.a
LOAD zephyr/soc/soc/nrf5340/libsoc__nordic.a
LOAD zephyr/subsys/usb/device/class/hid/libsubsys__usb__device__class__hid.a
LOAD zephyr/subsys/input/libsubsys__input.a
LOAD zephyr/drivers/usb/device/libdrivers__usb__device.a
LOAD zephyr/drivers/usb/common/nrf_usbd_common/libdrivers__usb__common__nrf_usbd_common.a
LOAD zephyr/drivers/clock_control/libdrivers__clock_control.a
LOAD zephyr/drivers/console/libdrivers__console.a
LOAD zephyr/drivers/gpio/libdrivers__gpio.a
LOAD zephyr/drivers/hwinfo/libdrivers__hwinfo.a
LOAD zephyr/drivers/i2s/libdrivers__i2s.a
LOAD zephyr/drivers/input/libdrivers__input.a
LOAD zephyr/drivers/pinctrl/libdrivers__pinctrl.a
LOAD zephyr/drivers/serial/libdrivers__serial.a
LOAD zephyr/drivers/timer/libdrivers__timer.a
LOAD modules/nrf/drivers/hw_cc3xx/lib..__nrf__drivers__hw_cc3xx.a
LOAD modules/hal_nordic/modules/hal_nordic/nrfx/libmodules__hal_nordic__nrfx.a
LOAD zephyr/kernel/libkernel.a
LOAD zephyr/arch/common/libisr_tables.a
LOAD C:/ncs/v3.0.1/nrfxlib/crypto/nrf_cc312_platform/lib/cortex-m33/soft-float/no-interrupts/libnrf_cc312_platform_0.9.19.a
LOAD c:\ncs\toolchains\b620d30767\opt\zephyr-sdk\arm-zephyr-eabi\bin\../lib/gcc/../../picolibc/arm-zephyr-eabi/lib/thumb/v8-m.main/nofp\libc.a
LOAD c:/ncs/toolchains/b620d30767/opt/zephyr-sdk/arm-zephyr-eabi/bin/../lib/gcc/arm-zephyr-eabi/12.2.0/thumb/v8-m.main/nofp\libgcc.a
                0x0000000000000020                _region_min_align = 0x20

.rel.plt        0x0000000000000000        0x0
 *(SORT_BY_ALIGNMENT(.rel.plt))
                [!provide]                        PROVIDE (__rel_iplt_start = .)
 *(SORT_BY_ALIGNMENT(.rel.iplt))
 .rel.iplt      0x0000000000000000        0x0 zephyr/CMakeFiles/zephyr_final.dir/isr_tables.c.obj
                [!provide]                        PROVIDE (__rel_iplt_end = .)

.rela.plt       0x0000000000000000        0x0
 *(SORT_BY_ALIGNMENT(.rela.plt))
                [!provide]                        PROVIDE (__rela_iplt_start = .)
 *(SORT_BY_ALIGNMENT(.rela.iplt))
                [!provide]                        PROVIDE (__rela_iplt_end = .)

.rel.dyn
 *(SORT_BY_ALIGNMENT(.rel.*))

.rela.dyn
 *(SORT_BY_ALIGNMENT(.rela.*))

/DISCARD/
 *(SORT_BY_ALIGNMENT(.plt))

/DISCARD/
 *(SORT_BY_ALIGNMENT(.iplt))
                0x0000000000000000                __rom_region_start = 0x0

rom_start       0x0000000000000000      0x154
                0x0000000000000000                __rom_start_address = .
 FILL mask 0x00
                0x0000000000000000                . = (. + (0x0 - (. - __rom_start_address)))
                0x0000000000000000                . = ALIGN (0x4)
                0x0000000000000000                . = ALIGN (0x80)
                0x0000000000000000                . = ALIGN (0x200)
                0x0000000000000000                _vector_start = .
 *(SORT_BY_ALIGNMENT(.exc_vector_table))
 *(SORT_BY_ALIGNMENT(.exc_vector_table.*))
 .exc_vector_table._vector_table_section
                0x0000000000000000       0x40 zephyr/arch/arch/arm/core/cortex_m/libarch__arm__core__cortex_m.a(vector_table.S.obj)
                0x0000000000000000                _vector_table
 *(SORT_BY_ALIGNMENT(.vectors))
                0x0000000000000154                _vector_end = .
                0x0000000000000040                . = ALIGN (0x4)
 *(SORT_BY_ALIGNMENT(.gnu.linkonce.irq_vector_table*))
 .gnu.linkonce.irq_vector_table
                0x0000000000000040      0x114 zephyr/CMakeFiles/zephyr_final.dir/isr_tables.c.obj
                0x0000000000000040                _irq_vector_table
                0x0000000000000154                _vector_end = .

text            0x0000000000000154     0xcecc
                0x0000000000000154                __text_region_start = .
 *(SORT_BY_ALIGNMENT(.text))
 .text          0x0000000000000154       0x30 c:/ncs/toolchains/b620d30767/opt/zephyr-sdk/arm-zephyr-eabi/bin/../lib/gcc/arm-zephyr-eabi/12.2.0/thumb/v8-m.main/nofp\libgcc.a(_aeabi_uldivmod.o)
                0x0000000000000154                __aeabi_uldivmod
 .text          0x0000000000000184        0x4 c:/ncs/toolchains/b620d30767/opt/zephyr-sdk/arm-zephyr-eabi/bin/../lib/gcc/arm-zephyr-eabi/12.2.0/thumb/v8-m.main/nofp\libgcc.a(_dvmd_tls.o)
                0x0000000000000184                __aeabi_idiv0
                0x0000000000000184                __aeabi_ldiv0
 .text          0x0000000000000188       0x14 c:\ncs\toolchains\b620d30767\opt\zephyr-sdk\arm-zephyr-eabi\bin\../lib/gcc/../../picolibc/arm-zephyr-eabi/lib/thumb/v8-m.main/nofp\libc.a(strcmp.S.o)
                0x0000000000000188                strcmp
 .text          0x000000000000019c       0x10 c:\ncs\toolchains\b620d30767\opt\zephyr-sdk\arm-zephyr-eabi\bin\../lib/gcc/../../picolibc/arm-zephyr-eabi/lib/thumb/v8-m.main/nofp\libc.a(strlen.S.o)
                0x000000000000019c                strlen
 .text          0x00000000000001ac      0x29c c:/ncs/toolchains/b620d30767/opt/zephyr-sdk/arm-zephyr-eabi/bin/../lib/gcc/arm-zephyr-eabi/12.2.0/thumb/v8-m.main/nofp\libgcc.a(_udivmoddi4.o)
                0x00000000000001ac                __udivmoddi4
 *(SORT_BY_ALIGNMENT(.text.*))
 .text.handle_key_event
                0x0000000000000448       0xc4 app/libapp.a(main.c.obj)
 .text.main     0x000000000000050c       0xb0 app/libapp.a(main.c.obj)
                0x000000000000050c                main
 .text.ws2812_i2s_init
                0x00000000000005bc       0xb4 app/libapp.a(ws2812_i2s.c.obj)
 .text.ws2812_strip_update_rgb
                0x0000000000000670      0x13c app/libapp.a(ws2812_i2s.c.obj)
 .text.cbvprintf_package
                0x00000000000007ac      0x3a4 zephyr/libzephyr.a(cbprintf_packaged.c.obj)
                0x00000000000007ac                cbvprintf_package
 .text.cbprintf_package_convert
                0x0000000000000b50      0x3cc zephyr/libzephyr.a(cbprintf_packaged.c.obj)
                0x0000000000000b50                cbprintf_package_convert
 .text.__printk_hook_install
                0x0000000000000f1c        0xc zephyr/libzephyr.a(printk.c.obj)
                0x0000000000000f1c                __printk_hook_install
 .text.z_thread_entry
                0x0000000000000f28       0x34 zephyr/libzephyr.a(thread_entry.c.obj)
                0x0000000000000f28                z_thread_entry
 .text.process_event
                0x0000000000000f5c      0x21c zephyr/libzephyr.a(onoff.c.obj)
 .text.activate_foreach_backend
                0x0000000000001178       0x64 zephyr/libzephyr.a(log_core.c.obj)
 .text.enable_logger
                0x00000000000011dc       0x5c zephyr/libzephyr.a(log_core.c.obj)
 .text.log_process_thread_timer_expiry_fn
                0x0000000000001238        0xc zephyr/libzephyr.a(log_core.c.obj)
 .text.z_log_init
                0x0000000000001244       0x90 zephyr/libzephyr.a(log_core.c.obj)
 .text.log_format_func_t_get
                0x00000000000012d4        0xc zephyr/libzephyr.a(log_core.c.obj)
                0x00000000000012d4                log_format_func_t_get
 .text.log_set_timestamp_func
                0x00000000000012e0       0x20 zephyr/libzephyr.a(log_core.c.obj)
                0x00000000000012e0                log_set_timestamp_func
 .text.z_log_notify_backend_enabled
                0x0000000000001300       0x1c zephyr/libzephyr.a(log_core.c.obj)
                0x0000000000001300                z_log_notify_backend_enabled
 .text.z_log_dropped
                0x000000000000131c       0x3c zephyr/libzephyr.a(log_core.c.obj)
                0x000000000000131c                z_log_dropped
 .text.z_log_dropped_read_and_clear
                0x0000000000001358       0x18 zephyr/libzephyr.a(log_core.c.obj)
                0x0000000000001358                z_log_dropped_read_and_clear
 .text.dropped_notify
                0x0000000000001370       0x30 zephyr/libzephyr.a(log_core.c.obj)
                0x0000000000001370                dropped_notify
 .text.z_log_msg_init
                0x00000000000013a0       0x20 zephyr/libzephyr.a(log_core.c.obj)
                0x00000000000013a0                z_log_msg_init
 .text.log_core_init
                0x00000000000013c0       0x34 zephyr/libzephyr.a(log_core.c.obj)
                0x00000000000013c0                log_core_init
 .text.z_log_msg_alloc
                0x00000000000013f4       0x10 zephyr/libzephyr.a(log_core.c.obj)
                0x00000000000013f4                z_log_msg_alloc
 .text.z_log_msg_local_claim
                0x0000000000001404        0xc zephyr/libzephyr.a(log_core.c.obj)
                0x0000000000001404                z_log_msg_local_claim
 .text.z_log_msg_free
                0x0000000000001410       0x10 zephyr/libzephyr.a(log_core.c.obj)
                0x0000000000001410                z_log_msg_free
 .text.z_log_msg_pending
                0x0000000000001420        0xc zephyr/libzephyr.a(log_core.c.obj)
                0x0000000000001420                z_log_msg_pending
 .text.z_impl_log_process
                0x000000000000142c       0xb4 zephyr/libzephyr.a(log_core.c.obj)
                0x000000000000142c                z_impl_log_process
 .text.z_impl_log_panic
                0x00000000000014e0       0x44 zephyr/libzephyr.a(log_core.c.obj)
                0x00000000000014e0                z_impl_log_panic
 .text.log_process_thread_func
                0x0000000000001524       0xa4 zephyr/libzephyr.a(log_core.c.obj)
 .text.z_log_msg_post_finalize
                0x00000000000015c8       0x78 zephyr/libzephyr.a(log_core.c.obj)
 .text.z_log_msg_commit
                0x0000000000001640       0x24 zephyr/libzephyr.a(log_core.c.obj)
                0x0000000000001640                z_log_msg_commit
 .text.log_source_name_get
                0x0000000000001664       0x1c zephyr/libzephyr.a(log_mgmt.c.obj)
                0x0000000000001664                log_source_name_get
 .text.log_backend_enable
                0x0000000000001680       0x28 zephyr/libzephyr.a(log_mgmt.c.obj)
                0x0000000000001680                log_backend_enable
 .text.z_impl_z_log_msg_static_create
                0x00000000000016a8      0x108 zephyr/libzephyr.a(log_msg.c.obj)
                0x00000000000016a8                z_impl_z_log_msg_static_create
 .text.z_log_msg_runtime_vcreate
                0x00000000000017b0       0xa0 zephyr/libzephyr.a(log_msg.c.obj)
                0x00000000000017b0                z_log_msg_runtime_vcreate
 .text.log_msg_get_source_id
                0x0000000000001850       0x18 zephyr/libzephyr.a(log_msg.c.obj)
                0x0000000000001850                log_msg_get_source_id
 .text.print_formatted
                0x0000000000001868       0x24 zephyr/libzephyr.a(log_output.c.obj)
 .text.newline_print
                0x000000000000188c       0x1c zephyr/libzephyr.a(log_output.c.obj)
 .text.log_output_process
                0x00000000000018a8      0x2d4 zephyr/libzephyr.a(log_output.c.obj)
                0x00000000000018a8                log_output_process
 .text.log_output_dropped_process
                0x0000000000001b7c       0x58 zephyr/libzephyr.a(log_output.c.obj)
                0x0000000000001b7c                log_output_dropped_process
 .text.log_output_timestamp_freq_set
                0x0000000000001bd4       0x2c zephyr/libzephyr.a(log_output.c.obj)
                0x0000000000001bd4                log_output_timestamp_freq_set
 .text.char_out
                0x0000000000001c00       0x24 zephyr/libzephyr.a(log_backend_uart.c.obj)
 .text.mem_attr_get_regions
                0x0000000000001c24        0xc zephyr/libzephyr.a(mem_attr.c.obj)
                0x0000000000001c24                mem_attr_get_regions
 .text.class_handler
                0x0000000000001c30       0x40 zephyr/libzephyr.a(usb_device.c.obj)
 .text.custom_handler
                0x0000000000001c70       0x60 zephyr/libzephyr.a(usb_device.c.obj)
 .text.vendor_handler
                0x0000000000001cd0       0x3c zephyr/libzephyr.a(usb_device.c.obj)
 .text.usb_reset_alt_setting
                0x0000000000001d0c       0x10 zephyr/libzephyr.a(usb_device.c.obj)
 .text.is_ep_valid.part.0
                0x0000000000001d1c       0x38 zephyr/libzephyr.a(usb_device.c.obj)
 .text.get_ep_bm_from_addr.part.0
                0x0000000000001d54       0x1c zephyr/libzephyr.a(usb_device.c.obj)
 .text.disable_endpoint
                0x0000000000001d70       0x58 zephyr/libzephyr.a(usb_device.c.obj)
 .text.usb_handle_request.constprop.0
                0x0000000000001dc8       0x2c zephyr/libzephyr.a(usb_device.c.obj)
 .text.forward_status_cb
                0x0000000000001df4       0xb0 zephyr/libzephyr.a(usb_device.c.obj)
 .text.usb_halt_endpoint_req.isra.0
                0x0000000000001ea4       0x78 zephyr/libzephyr.a(usb_device.c.obj)
 .text.set_endpoint
                0x0000000000001f1c       0xcc zephyr/libzephyr.a(usb_device.c.obj)
 .text.usb_handle_standard_request
                0x0000000000001fe8      0x2ec zephyr/libzephyr.a(usb_device.c.obj)
 .text.usb_write
                0x00000000000022d4       0x4c zephyr/libzephyr.a(usb_device.c.obj)
                0x00000000000022d4                usb_write
 .text.usb_data_to_host
                0x0000000000002320       0x60 zephyr/libzephyr.a(usb_device.c.obj)
 .text.usb_handle_control_transfer
                0x0000000000002380       0xf4 zephyr/libzephyr.a(usb_device.c.obj)
 .text.usb_set_config
                0x0000000000002474       0x2c zephyr/libzephyr.a(usb_device.c.obj)
                0x0000000000002474                usb_set_config
 .text.usb_enable
                0x00000000000024a0      0x160 zephyr/libzephyr.a(usb_device.c.obj)
                0x00000000000024a0                usb_enable
 .text.usb_update_sn_string_descriptor
                0x0000000000002600       0x88 zephyr/libzephyr.a(usb_descriptor.c.obj)
                0x0000000000002600                usb_update_sn_string_descriptor
 .text.usb_get_device_descriptor
                0x0000000000002688      0x25c zephyr/libzephyr.a(usb_descriptor.c.obj)
                0x0000000000002688                usb_get_device_descriptor
 .text.usb_ep_get_transfer
                0x00000000000028e4       0x2c zephyr/libzephyr.a(usb_transfer.c.obj)
 .text.usb_transfer_work
                0x0000000000002910      0x118 zephyr/libzephyr.a(usb_transfer.c.obj)
 .text.usb_cancel_transfer
                0x0000000000002a28       0x3c zephyr/libzephyr.a(usb_transfer.c.obj)
                0x0000000000002a28                usb_cancel_transfer
 .text.usb_cancel_transfers
                0x0000000000002a64       0x44 zephyr/libzephyr.a(usb_transfer.c.obj)
                0x0000000000002a64                usb_cancel_transfers
 .text.usb_transfer_init
                0x0000000000002aa8       0x34 zephyr/libzephyr.a(usb_transfer.c.obj)
                0x0000000000002aa8                usb_transfer_init
 .text.boot_banner
                0x0000000000002adc       0x1c zephyr/libzephyr.a(banner.c.obj)
                0x0000000000002adc                boot_banner
 .text.nrf_cc3xx_platform_abort_init
                0x0000000000002af8        0xc zephyr/libzephyr.a(nrf_cc3xx_platform_abort_zephyr.c.obj)
                0x0000000000002af8                nrf_cc3xx_platform_abort_init
 .text.mutex_free_platform
                0x0000000000002b04       0x54 zephyr/libzephyr.a(nrf_cc3xx_platform_mutex_zephyr.c.obj)
 .text.mutex_lock_platform
                0x0000000000002b58       0x74 zephyr/libzephyr.a(nrf_cc3xx_platform_mutex_zephyr.c.obj)
 .text.mutex_unlock_platform
                0x0000000000002bcc       0x68 zephyr/libzephyr.a(nrf_cc3xx_platform_mutex_zephyr.c.obj)
 .text.mutex_init_platform
                0x0000000000002c34       0x94 zephyr/libzephyr.a(nrf_cc3xx_platform_mutex_zephyr.c.obj)
 .text.nrf_cc3xx_platform_mutex_init
                0x0000000000002cc8       0x2c zephyr/libzephyr.a(nrf_cc3xx_platform_mutex_zephyr.c.obj)
                0x0000000000002cc8                nrf_cc3xx_platform_mutex_init
 .text.z_arm_fatal_error
                0x0000000000002cf4       0xb8 zephyr/arch/arch/arm/core/libarch__arm__core.a(fatal.c.obj)
                0x0000000000002cf4                z_arm_fatal_error
 .text.z_SysNmiOnReset
                0x0000000000002dac        0x8 zephyr/arch/arch/arm/core/libarch__arm__core.a(nmi_on_reset.S.obj)
                0x0000000000002dac                z_SysNmiOnReset
 .text.arch_tls_stack_setup
                0x0000000000002db4       0x40 zephyr/arch/arch/arm/core/libarch__arm__core.a(tls.c.obj)
                0x0000000000002db4                arch_tls_stack_setup
 .text._HandlerModeExit
                0x0000000000002df4       0x28 zephyr/arch/arch/arm/core/cortex_m/libarch__arm__core__cortex_m.a(exc_exit.c.obj)
                0x0000000000002df4                z_arm_int_exit
                0x0000000000002df4                z_arm_exc_exit
 .text.mem_manage_fault.constprop.0
                0x0000000000002e1c       0xd0 zephyr/arch/arch/arm/core/cortex_m/libarch__arm__core__cortex_m.a(fault.c.obj)
 .text.usage_fault.constprop.0
                0x0000000000002eec       0xbc zephyr/arch/arch/arm/core/cortex_m/libarch__arm__core__cortex_m.a(fault.c.obj)
 .text.bus_fault.constprop.0
                0x0000000000002fa8       0xd0 zephyr/arch/arch/arm/core/cortex_m/libarch__arm__core__cortex_m.a(fault.c.obj)
 .text.z_arm_fault
                0x0000000000003078      0x1d0 zephyr/arch/arch/arm/core/cortex_m/libarch__arm__core__cortex_m.a(fault.c.obj)
                0x0000000000003078                z_arm_fault
 .text.z_arm_fault_init
                0x0000000000003248       0x20 zephyr/arch/arch/arm/core/cortex_m/libarch__arm__core__cortex_m.a(fault.c.obj)
                0x0000000000003248                z_arm_fault_init
 .text.__fault  0x0000000000003268       0x14 zephyr/arch/arch/arm/core/cortex_m/libarch__arm__core__cortex_m.a(fault_s.S.obj)
                0x0000000000003268                z_arm_usage_fault
                0x0000000000003268                z_arm_mpu_fault
                0x0000000000003268                z_arm_exc_spurious
                0x0000000000003268                z_arm_debug_monitor
                0x0000000000003268                z_arm_hard_fault
                0x0000000000003268                z_arm_bus_fault
 .text._reset_section
                0x000000000000327c       0x60 zephyr/arch/arch/arm/core/cortex_m/libarch__arm__core__cortex_m.a(reset.S.obj)
                0x000000000000327c                __start
                0x000000000000327c                z_arm_reset
 .text.z_arm_clear_arm_mpu_config
                0x00000000000032dc       0x24 zephyr/arch/arch/arm/core/cortex_m/libarch__arm__core__cortex_m.a(scb.c.obj)
                0x00000000000032dc                z_arm_clear_arm_mpu_config
 .text.z_arm_init_arch_hw_at_boot
                0x0000000000003300       0x4c zephyr/arch/arch/arm/core/cortex_m/libarch__arm__core__cortex_m.a(scb.c.obj)
                0x0000000000003300                z_arm_init_arch_hw_at_boot
 .text.z_impl_k_thread_abort
                0x000000000000334c       0x2c zephyr/arch/arch/arm/core/cortex_m/libarch__arm__core__cortex_m.a(thread_abort.c.obj)
                0x000000000000334c                z_impl_k_thread_abort
 .text.z_arm_pendsv
                0x0000000000003378       0x68 zephyr/arch/arch/arm/core/cortex_m/libarch__arm__core__cortex_m.a(swap_helper.S.obj)
                0x0000000000003378                z_arm_pendsv
 .text.z_arm_svc
                0x00000000000033e0       0x24 zephyr/arch/arch/arm/core/cortex_m/libarch__arm__core__cortex_m.a(swap_helper.S.obj)
                0x00000000000033e0                z_arm_svc
 .text.arch_irq_enable
                0x0000000000003404       0x1c zephyr/arch/arch/arm/core/cortex_m/libarch__arm__core__cortex_m.a(irq_manage.c.obj)
                0x0000000000003404                arch_irq_enable
 .text.arch_irq_disable
                0x0000000000003420       0x28 zephyr/arch/arch/arm/core/cortex_m/libarch__arm__core__cortex_m.a(irq_manage.c.obj)
                0x0000000000003420                arch_irq_disable
 .text.arch_irq_is_enabled
                0x0000000000003448       0x1c zephyr/arch/arch/arm/core/cortex_m/libarch__arm__core__cortex_m.a(irq_manage.c.obj)
                0x0000000000003448                arch_irq_is_enabled
 .text.z_arm_irq_priority_set
                0x0000000000003464       0x2c zephyr/arch/arch/arm/core/cortex_m/libarch__arm__core__cortex_m.a(irq_manage.c.obj)
                0x0000000000003464                z_arm_irq_priority_set
 .text.z_prep_c
                0x0000000000003490       0x38 zephyr/arch/arch/arm/core/cortex_m/libarch__arm__core__cortex_m.a(prep_c.c.obj)
                0x0000000000003490                z_prep_c
 .text.arch_new_thread
                0x00000000000034c8       0x38 zephyr/arch/arch/arm/core/cortex_m/libarch__arm__core__cortex_m.a(thread.c.obj)
                0x00000000000034c8                arch_new_thread
 .text.arch_switch_to_main_thread
                0x0000000000003500       0x40 zephyr/arch/arch/arm/core/cortex_m/libarch__arm__core__cortex_m.a(thread.c.obj)
                0x0000000000003500                arch_switch_to_main_thread
 .text.z_arm_cpu_idle_init
                0x0000000000003540        0xc zephyr/arch/arch/arm/core/cortex_m/libarch__arm__core__cortex_m.a(cpu_idle.c.obj)
                0x0000000000003540                z_arm_cpu_idle_init
 .text.z_arm_interrupt_init
                0x000000000000354c       0x18 zephyr/arch/arch/arm/core/cortex_m/libarch__arm__core__cortex_m.a(irq_init.c.obj)
                0x000000000000354c                z_arm_interrupt_init
 .text._isr_wrapper
                0x0000000000003564       0x24 zephyr/arch/arch/arm/core/cortex_m/libarch__arm__core__cortex_m.a(isr_wrapper.c.obj)
                0x0000000000003564                _isr_wrapper
 .text.z_arm_configure_static_mpu_regions
                0x0000000000003588       0x38 zephyr/arch/arch/arm/core/mpu/libarch__arm__core__mpu.a(arm_core_mpu.c.obj)
                0x0000000000003588                z_arm_configure_static_mpu_regions
 .text.region_init
                0x00000000000035c0       0x34 zephyr/arch/arch/arm/core/mpu/libarch__arm__core__mpu.a(arm_mpu.c.obj)
 .text.region_allocate_and_init
                0x00000000000035f4       0x38 zephyr/arch/arch/arm/core/mpu/libarch__arm__core__mpu.a(arm_mpu.c.obj)
 .text.mpu_configure_regions_and_partition.constprop.0
                0x000000000000362c      0x164 zephyr/arch/arch/arm/core/mpu/libarch__arm__core__mpu.a(arm_mpu.c.obj)
 .text.arm_core_mpu_enable
                0x0000000000003790       0x18 zephyr/arch/arch/arm/core/mpu/libarch__arm__core__mpu.a(arm_mpu.c.obj)
                0x0000000000003790                arm_core_mpu_enable
 .text.arm_core_mpu_disable
                0x00000000000037a8       0x14 zephyr/arch/arch/arm/core/mpu/libarch__arm__core__mpu.a(arm_mpu.c.obj)
                0x00000000000037a8                arm_core_mpu_disable
 .text.arm_core_mpu_configure_static_mpu_regions
                0x00000000000037bc       0x14 zephyr/arch/arch/arm/core/mpu/libarch__arm__core__mpu.a(arm_mpu.c.obj)
                0x00000000000037bc                arm_core_mpu_configure_static_mpu_regions
 .text.arm_core_mpu_mark_areas_for_dynamic_regions
                0x00000000000037d0       0xb8 zephyr/arch/arch/arm/core/mpu/libarch__arm__core__mpu.a(arm_mpu.c.obj)
                0x00000000000037d0                arm_core_mpu_mark_areas_for_dynamic_regions
 .text.z_arm_mpu_init
                0x0000000000003888      0x11c zephyr/arch/arch/arm/core/mpu/libarch__arm__core__mpu.a(arm_mpu.c.obj)
                0x0000000000003888                z_arm_mpu_init
 .text.cbvprintf
                0x00000000000039a4       0x38 zephyr/lib/libc/picolibc/liblib__libc__picolibc.a(cbprintf.c.obj)
                0x00000000000039a4                cbvprintf
 .text.z_impl_zephyr_fputc
                0x00000000000039dc       0x10 zephyr/lib/libc/picolibc/liblib__libc__picolibc.a(stdio.c.obj)
                0x00000000000039dc                z_impl_zephyr_fputc
 .text.__stdout_hook_install
                0x00000000000039ec       0x18 zephyr/lib/libc/picolibc/liblib__libc__picolibc.a(stdio.c.obj)
                0x00000000000039ec                __stdout_hook_install
 .text.malloc_prepare
                0x0000000000003a04       0x24 zephyr/lib/libc/common/liblib__libc__common.a(malloc.c.obj)
 .text.nrf_gpio_pin_control_select
                0x0000000000003a28       0x3c zephyr/soc/soc/nrf5340/libsoc__nordic.a(soc.c.obj)
 .text.nordicsemi_nrf53_init
                0x0000000000003a64       0x5c zephyr/soc/soc/nrf5340/libsoc__nordic.a(soc.c.obj)
 .text.rtc_pretick_init
                0x0000000000003ac0       0x60 zephyr/soc/soc/nrf5340/libsoc__nordic.a(soc.c.obj)
 .text.z_arm_on_enter_cpu_idle
                0x0000000000003b20       0x64 zephyr/soc/soc/nrf5340/libsoc__nordic.a(soc.c.obj)
                0x0000000000003b20                z_arm_on_enter_cpu_idle
 .text.arch_busy_wait
                0x0000000000003b84       0x24 zephyr/soc/soc/nrf5340/libsoc__nordic.a(soc.c.obj)
                0x0000000000003b84                arch_busy_wait
 .text.nrf53_cpunet_mgmt_init
                0x0000000000003ba8       0x10 zephyr/soc/soc/nrf5340/libsoc__nordic.a(nrf53_cpunet_mgmt.c.obj)
 .text.onoff_start
                0x0000000000003bb8       0x6c zephyr/soc/soc/nrf5340/libsoc__nordic.a(nrf53_cpunet_mgmt.c.obj)
 .text.hid_int_in.part.0
                0x0000000000003c24       0x14 zephyr/subsys/usb/device/class/hid/libsubsys__usb__device__class__hid.a(core.c.obj)
 .text.hid_int_in
                0x0000000000003c38       0x38 zephyr/subsys/usb/device/class/hid/libsubsys__usb__device__class__hid.a(core.c.obj)
 .text.hid_status_cb.part.0
                0x0000000000003c70       0x2c zephyr/subsys/usb/device/class/hid/libsubsys__usb__device__class__hid.a(core.c.obj)
 .text.hid_status_cb
                0x0000000000003c9c       0xfc zephyr/subsys/usb/device/class/hid/libsubsys__usb__device__class__hid.a(core.c.obj)
 .text.hid_class_handle_req
                0x0000000000003d98       0xe8 zephyr/subsys/usb/device/class/hid/libsubsys__usb__device__class__hid.a(core.c.obj)
 .text.hid_custom_handle_req
                0x0000000000003e80       0x94 zephyr/subsys/usb/device/class/hid/libsubsys__usb__device__class__hid.a(core.c.obj)
 .text.usb_hid_register_device
                0x0000000000003f14       0x2c zephyr/subsys/usb/device/class/hid/libsubsys__usb__device__class__hid.a(core.c.obj)
                0x0000000000003f14                usb_hid_register_device
 .text.hid_int_ep_write
                0x0000000000003f40       0x34 zephyr/subsys/usb/device/class/hid/libsubsys__usb__device__class__hid.a(core.c.obj)
                0x0000000000003f40                hid_int_ep_write
 .text.input_thread
                0x0000000000003f74       0x5c zephyr/subsys/input/libsubsys__input.a(input.c.obj)
 .text.input_report
                0x0000000000003fd0       0x70 zephyr/subsys/input/libsubsys__input.a(input.c.obj)
                0x0000000000003fd0                input_report
 .text.input_to_hid_code
                0x0000000000004040       0x18 zephyr/subsys/input/libsubsys__input.a(input_hid.c.obj)
                0x0000000000004040                input_to_hid_code
 .text.keymap_init.part.0
                0x0000000000004058       0x1c zephyr/subsys/input/libsubsys__input.a(input_keymap.c.obj)
 .text.keymap_cb
                0x0000000000004074       0x88 zephyr/subsys/input/libsubsys__input.a(input_keymap.c.obj)
 .text.endpoint_ctx
                0x00000000000040fc       0x60 zephyr/drivers/usb/device/libdrivers__usb__device.a(usb_dc_nrfx.c.obj)
 .text.usbd_work_schedule
                0x000000000000415c       0x10 zephyr/drivers/usb/device/libdrivers__usb__device.a(usb_dc_nrfx.c.obj)
 .text.usbd_evt_put
                0x000000000000416c        0xc zephyr/drivers/usb/device/libdrivers__usb__device.a(usb_dc_nrfx.c.obj)
 .text.usbd_evt_get
                0x0000000000004178       0x10 zephyr/drivers/usb/device/libdrivers__usb__device.a(usb_dc_nrfx.c.obj)
 .text.usb_init
                0x0000000000004188       0x78 zephyr/drivers/usb/device/libdrivers__usb__device.a(usb_dc_nrfx.c.obj)
 .text.hfxo_stop.constprop.0.isra.0
                0x0000000000004200       0x38 zephyr/drivers/usb/device/libdrivers__usb__device.a(usb_dc_nrfx.c.obj)
 .text.eps_ctx_init
                0x0000000000004238       0x68 zephyr/drivers/usb/device/libdrivers__usb__device.a(usb_dc_nrfx.c.obj)
 .text.usbd_evt_flush
                0x00000000000042a0       0x1c zephyr/drivers/usb/device/libdrivers__usb__device.a(usb_dc_nrfx.c.obj)
 .text.usbd_evt_alloc
                0x00000000000042bc       0x68 zephyr/drivers/usb/device/libdrivers__usb__device.a(usb_dc_nrfx.c.obj)
 .text.usb_dc_power_event_handler.part.0
                0x0000000000004324       0x14 zephyr/drivers/usb/device/libdrivers__usb__device.a(usb_dc_nrfx.c.obj)
 .text.usb_dc_power_event_handler
                0x0000000000004338       0x3c zephyr/drivers/usb/device/libdrivers__usb__device.a(usb_dc_nrfx.c.obj)
 .text.usbd_work_handler
                0x0000000000004374      0x340 zephyr/drivers/usb/device/libdrivers__usb__device.a(usb_dc_nrfx.c.obj)
 .text.usbd_event_transfer_data
                0x00000000000046b4       0xc8 zephyr/drivers/usb/device/libdrivers__usb__device.a(usb_dc_nrfx.c.obj)
 .text.usbd_event_handler
                0x000000000000477c      0x14c zephyr/drivers/usb/device/libdrivers__usb__device.a(usb_dc_nrfx.c.obj)
 .text.usb_dc_attach
                0x00000000000048c8       0x64 zephyr/drivers/usb/device/libdrivers__usb__device.a(usb_dc_nrfx.c.obj)
                0x00000000000048c8                usb_dc_attach
 .text.usb_dc_set_address
                0x000000000000492c       0x24 zephyr/drivers/usb/device/libdrivers__usb__device.a(usb_dc_nrfx.c.obj)
                0x000000000000492c                usb_dc_set_address
 .text.usb_dc_ep_check_cap
                0x0000000000004950       0x58 zephyr/drivers/usb/device/libdrivers__usb__device.a(usb_dc_nrfx.c.obj)
                0x0000000000004950                usb_dc_ep_check_cap
 .text.usb_dc_ep_configure
                0x00000000000049a8       0x5c zephyr/drivers/usb/device/libdrivers__usb__device.a(usb_dc_nrfx.c.obj)
                0x00000000000049a8                usb_dc_ep_configure
 .text.usb_dc_ep_set_stall
                0x0000000000004a04       0x64 zephyr/drivers/usb/device/libdrivers__usb__device.a(usb_dc_nrfx.c.obj)
                0x0000000000004a04                usb_dc_ep_set_stall
 .text.usb_dc_ep_clear_stall
                0x0000000000004a68       0x40 zephyr/drivers/usb/device/libdrivers__usb__device.a(usb_dc_nrfx.c.obj)
                0x0000000000004a68                usb_dc_ep_clear_stall
 .text.usb_dc_ep_is_stalled
                0x0000000000004aa8       0x38 zephyr/drivers/usb/device/libdrivers__usb__device.a(usb_dc_nrfx.c.obj)
                0x0000000000004aa8                usb_dc_ep_is_stalled
 .text.usb_dc_ep_enable
                0x0000000000004ae0       0x54 zephyr/drivers/usb/device/libdrivers__usb__device.a(usb_dc_nrfx.c.obj)
                0x0000000000004ae0                usb_dc_ep_enable
 .text.usb_dc_ep_write
                0x0000000000004b34      0x114 zephyr/drivers/usb/device/libdrivers__usb__device.a(usb_dc_nrfx.c.obj)
                0x0000000000004b34                usb_dc_ep_write
 .text.usb_dc_ep_read_wait
                0x0000000000004c48       0xac zephyr/drivers/usb/device/libdrivers__usb__device.a(usb_dc_nrfx.c.obj)
                0x0000000000004c48                usb_dc_ep_read_wait
 .text.usb_dc_ep_read_continue
                0x0000000000004cf4       0x9c zephyr/drivers/usb/device/libdrivers__usb__device.a(usb_dc_nrfx.c.obj)
                0x0000000000004cf4                usb_dc_ep_read_continue
 .text.usb_dc_ep_set_callback
                0x0000000000004d90       0x28 zephyr/drivers/usb/device/libdrivers__usb__device.a(usb_dc_nrfx.c.obj)
                0x0000000000004d90                usb_dc_ep_set_callback
 .text.usb_dc_set_status_callback
                0x0000000000004db8        0xc zephyr/drivers/usb/device/libdrivers__usb__device.a(usb_dc_nrfx.c.obj)
                0x0000000000004db8                usb_dc_set_status_callback
 .text.usb_dc_ep_mps
                0x0000000000004dc4       0x24 zephyr/drivers/usb/device/libdrivers__usb__device.a(usb_dc_nrfx.c.obj)
                0x0000000000004dc4                usb_dc_ep_mps
 .text.ep_state_access
                0x0000000000004de8       0x20 zephyr/drivers/usb/common/nrf_usbd_common/libdrivers__usb__common__nrf_usbd_common.a(nrf_usbd_common.c.obj)
 .text.nrf_usbd_common_uninit
                0x0000000000004e08       0x14 zephyr/drivers/usb/common/nrf_usbd_common/libdrivers__usb__common__nrf_usbd_common.a(nrf_usbd_common.c.obj)
                0x0000000000004e08                nrf_usbd_common_uninit
 .text.nrf_usbd_common_enable
                0x0000000000004e1c       0x64 zephyr/drivers/usb/common/nrf_usbd_common/libdrivers__usb__common__nrf_usbd_common.a(nrf_usbd_common.c.obj)
                0x0000000000004e1c                nrf_usbd_common_enable
 .text.nrf_usbd_common_start
                0x0000000000004e80       0x38 zephyr/drivers/usb/common/nrf_usbd_common/libdrivers__usb__common__nrf_usbd_common.a(nrf_usbd_common.c.obj)
                0x0000000000004e80                nrf_usbd_common_start
 .text.nrf_usbd_common_is_enabled
                0x0000000000004eb8       0x14 zephyr/drivers/usb/common/nrf_usbd_common/libdrivers__usb__common__nrf_usbd_common.a(nrf_usbd_common.c.obj)
                0x0000000000004eb8                nrf_usbd_common_is_enabled
 .text.nrf_usbd_common_suspend
                0x0000000000004ecc       0x6c zephyr/drivers/usb/common/nrf_usbd_common/libdrivers__usb__common__nrf_usbd_common.a(nrf_usbd_common.c.obj)
                0x0000000000004ecc                nrf_usbd_common_suspend
 .text.nrf_usbd_common_init
                0x0000000000004f38       0x84 zephyr/drivers/usb/common/nrf_usbd_common/libdrivers__usb__common__nrf_usbd_common.a(nrf_usbd_common.c.obj)
                0x0000000000004f38                nrf_usbd_common_init
 .text.nrf_usbd_common_ep_enable_check
                0x0000000000004fbc       0x28 zephyr/drivers/usb/common/nrf_usbd_common/libdrivers__usb__common__nrf_usbd_common.a(nrf_usbd_common.c.obj)
                0x0000000000004fbc                nrf_usbd_common_ep_enable_check
 .text.nrf_usbd_common_ep_transfer
                0x0000000000004fe4       0x9c zephyr/drivers/usb/common/nrf_usbd_common/libdrivers__usb__common__nrf_usbd_common.a(nrf_usbd_common.c.obj)
                0x0000000000004fe4                nrf_usbd_common_ep_transfer
 .text.nrf_usbd_common_epout_size_get
                0x0000000000005080       0x28 zephyr/drivers/usb/common/nrf_usbd_common/libdrivers__usb__common__nrf_usbd_common.a(nrf_usbd_common.c.obj)
                0x0000000000005080                nrf_usbd_common_epout_size_get
 .text.nrf_usbd_common_irq_handler
                0x00000000000050a8      0x48c zephyr/drivers/usb/common/nrf_usbd_common/libdrivers__usb__common__nrf_usbd_common.a(nrf_usbd_common.c.obj)
                0x00000000000050a8                nrf_usbd_common_irq_handler
 .text.nrf_usbd_common_ep_stall
                0x0000000000005534       0x10 zephyr/drivers/usb/common/nrf_usbd_common/libdrivers__usb__common__nrf_usbd_common.a(nrf_usbd_common.c.obj)
                0x0000000000005534                nrf_usbd_common_ep_stall
 .text.nrf_usbd_common_ep_stall_check
                0x0000000000005544       0x34 zephyr/drivers/usb/common/nrf_usbd_common/libdrivers__usb__common__nrf_usbd_common.a(nrf_usbd_common.c.obj)
                0x0000000000005544                nrf_usbd_common_ep_stall_check
 .text.nrf_usbd_common_ep_dtoggle_clear
                0x0000000000005578       0x14 zephyr/drivers/usb/common/nrf_usbd_common/libdrivers__usb__common__nrf_usbd_common.a(nrf_usbd_common.c.obj)
                0x0000000000005578                nrf_usbd_common_ep_dtoggle_clear
 .text.nrf_usbd_common_setup_get
                0x000000000000558c       0x44 zephyr/drivers/usb/common/nrf_usbd_common/libdrivers__usb__common__nrf_usbd_common.a(nrf_usbd_common.c.obj)
                0x000000000000558c                nrf_usbd_common_setup_get
 .text.nrf_usbd_common_setup_data_clear
                0x00000000000055d0        0xc zephyr/drivers/usb/common/nrf_usbd_common/libdrivers__usb__common__nrf_usbd_common.a(nrf_usbd_common.c.obj)
                0x00000000000055d0                nrf_usbd_common_setup_data_clear
 .text.nrf_usbd_common_setup_clear
                0x00000000000055dc        0xc zephyr/drivers/usb/common/nrf_usbd_common/libdrivers__usb__common__nrf_usbd_common.a(nrf_usbd_common.c.obj)
                0x00000000000055dc                nrf_usbd_common_setup_clear
 .text.nrf_usbd_common_setup_stall
                0x00000000000055e8        0xc zephyr/drivers/usb/common/nrf_usbd_common/libdrivers__usb__common__nrf_usbd_common.a(nrf_usbd_common.c.obj)
                0x00000000000055e8                nrf_usbd_common_setup_stall
 .text.nrf_usbd_common_last_setup_dir_get
                0x00000000000055f4        0xc zephyr/drivers/usb/common/nrf_usbd_common/libdrivers__usb__common__nrf_usbd_common.a(nrf_usbd_common.c.obj)
                0x00000000000055f4                nrf_usbd_common_last_setup_dir_get
 .text.nrf_usbd_common_transfer_out_drop
                0x0000000000005600       0x4c zephyr/drivers/usb/common/nrf_usbd_common/libdrivers__usb__common__nrf_usbd_common.a(nrf_usbd_common.c.obj)
                0x0000000000005600                nrf_usbd_common_transfer_out_drop
 .text.usbd_ep_abort
                0x000000000000564c       0xf0 zephyr/drivers/usb/common/nrf_usbd_common/libdrivers__usb__common__nrf_usbd_common.a(nrf_usbd_common.c.obj)
 .text.nrf_usbd_common_ep_abort
                0x000000000000573c       0x34 zephyr/drivers/usb/common/nrf_usbd_common/libdrivers__usb__common__nrf_usbd_common.a(nrf_usbd_common.c.obj)
                0x000000000000573c                nrf_usbd_common_ep_abort
 .text.nrf_usbd_common_disable
                0x0000000000005770       0xd0 zephyr/drivers/usb/common/nrf_usbd_common/libdrivers__usb__common__nrf_usbd_common.a(nrf_usbd_common.c.obj)
                0x0000000000005770                nrf_usbd_common_disable
 .text.nrf_usbd_common_ep_disable
                0x0000000000005840       0x60 zephyr/drivers/usb/common/nrf_usbd_common/libdrivers__usb__common__nrf_usbd_common.a(nrf_usbd_common.c.obj)
                0x0000000000005840                nrf_usbd_common_ep_disable
 .text.nrf_usbd_common_ep_enable
                0x00000000000058a0       0x70 zephyr/drivers/usb/common/nrf_usbd_common/libdrivers__usb__common__nrf_usbd_common.a(nrf_usbd_common.c.obj)
                0x00000000000058a0                nrf_usbd_common_ep_enable
 .text.nrf_usbd_common_ep_stall_clear
                0x0000000000005910       0x20 zephyr/drivers/usb/common/nrf_usbd_common/libdrivers__usb__common__nrf_usbd_common.a(nrf_usbd_common.c.obj)
                0x0000000000005910                nrf_usbd_common_ep_stall_clear
 .text.onoff_stop
                0x0000000000005930       0x30 zephyr/drivers/clock_control/libdrivers__clock_control.a(clock_control_nrf.c.obj)
 .text.onoff_start
                0x0000000000005960       0x44 zephyr/drivers/clock_control/libdrivers__clock_control.a(clock_control_nrf.c.obj)
 .text.generic_hfclk_stop
                0x00000000000059a4       0x34 zephyr/drivers/clock_control/libdrivers__clock_control.a(clock_control_nrf.c.obj)
 .text.clk_init
                0x00000000000059d8       0x64 zephyr/drivers/clock_control/libdrivers__clock_control.a(clock_control_nrf.c.obj)
 .text.api_blocking_start
                0x0000000000005a3c       0x34 zephyr/drivers/clock_control/libdrivers__clock_control.a(clock_control_nrf.c.obj)
 .text.clkstarted_handle.constprop.0
                0x0000000000005a70       0x4c zephyr/drivers/clock_control/libdrivers__clock_control.a(clock_control_nrf.c.obj)
 .text.generic_hfclk_start
                0x0000000000005abc       0x78 zephyr/drivers/clock_control/libdrivers__clock_control.a(clock_control_nrf.c.obj)
 .text.clock_event_handler
                0x0000000000005b34       0x34 zephyr/drivers/clock_control/libdrivers__clock_control.a(clock_control_nrf.c.obj)
 .text.z_nrf_clock_control_get_onoff
                0x0000000000005b68       0x10 zephyr/drivers/clock_control/libdrivers__clock_control.a(clock_control_nrf.c.obj)
                0x0000000000005b68                z_nrf_clock_control_get_onoff
 .text.z_nrf_clock_control_lf_on
                0x0000000000005b78       0xf8 zephyr/drivers/clock_control/libdrivers__clock_control.a(clock_control_nrf.c.obj)
                0x0000000000005b78                z_nrf_clock_control_lf_on
 .text.uart_console_init
                0x0000000000005c70       0x28 zephyr/drivers/console/libdrivers__console.a(uart_console.c.obj)
 .text.console_out
                0x0000000000005c98       0x28 zephyr/drivers/console/libdrivers__console.a(uart_console.c.obj)
 .text.gpio_nrfx_pin_interrupt_configure
                0x0000000000005cc0      0x100 zephyr/drivers/gpio/libdrivers__gpio.a(gpio_nrfx.c.obj)
 .text.gpio_nrfx_init
                0x0000000000005dc0       0x48 zephyr/drivers/gpio/libdrivers__gpio.a(gpio_nrfx.c.obj)
 .text.nrfx_gpio_handler
                0x0000000000005e08       0x4c zephyr/drivers/gpio/libdrivers__gpio.a(gpio_nrfx.c.obj)
 .text.gpio_nrfx_pin_configure
                0x0000000000005e54      0x188 zephyr/drivers/gpio/libdrivers__gpio.a(gpio_nrfx.c.obj)
 .text.get_next_rx_buffer
                0x0000000000005fdc       0x2c zephyr/drivers/i2s/libdrivers__i2s.a(i2s_nrfx.c.obj)
 .text.start_transfer
                0x0000000000006008       0xc8 zephyr/drivers/i2s/libdrivers__i2s.a(i2s_nrfx.c.obj)
 .text.i2s_nrfx_init0
                0x00000000000060d0       0x68 zephyr/drivers/i2s/libdrivers__i2s.a(i2s_nrfx.c.obj)
 .text.i2s_nrfx_write
                0x0000000000006138       0xdc zephyr/drivers/i2s/libdrivers__i2s.a(i2s_nrfx.c.obj)
 .text.data_handler0
                0x0000000000006214      0x1a4 zephyr/drivers/i2s/libdrivers__i2s.a(i2s_nrfx.c.obj)
 .text.i2s_nrfx_configure
                0x00000000000063b8      0x330 zephyr/drivers/i2s/libdrivers__i2s.a(i2s_nrfx.c.obj)
 .text.i2s_nrfx_trigger
                0x00000000000066e8      0x1e8 zephyr/drivers/i2s/libdrivers__i2s.a(i2s_nrfx.c.obj)
 .text.i2s_nrfx_read
                0x00000000000068d0       0x84 zephyr/drivers/i2s/libdrivers__i2s.a(i2s_nrfx.c.obj)
 .text.gpio_kbd_matrix_cb_0
                0x0000000000006954        0xc zephyr/drivers/input/libdrivers__input.a(input_gpio_kbd_matrix.c.obj)
 .text.gpio_kbd_matrix_set_detect_mode
                0x0000000000006960       0xc8 zephyr/drivers/input/libdrivers__input.a(input_gpio_kbd_matrix.c.obj)
 .text.gpio_kbd_matrix_init
                0x0000000000006a28      0x18c zephyr/drivers/input/libdrivers__input.a(input_gpio_kbd_matrix.c.obj)
 .text.gpio_keys_change_deferred
                0x0000000000006bb4       0x78 zephyr/drivers/input/libdrivers__input.a(input_gpio_keys.c.obj)
 .text.gpio_keys_init
                0x0000000000006c2c      0x1a8 zephyr/drivers/input/libdrivers__input.a(input_gpio_keys.c.obj)
 .text.input_kbd_matrix_polling_thread
                0x0000000000006dd4      0x2d8 zephyr/drivers/input/libdrivers__input.a(input_kbd_matrix.c.obj)
 .text.input_kbd_matrix_common_init
                0x00000000000070ac       0x50 zephyr/drivers/input/libdrivers__input.a(input_kbd_matrix.c.obj)
                0x00000000000070ac                input_kbd_matrix_common_init
 .text.nrf_gpio_pin_port_decode
                0x00000000000070fc       0x24 zephyr/drivers/pinctrl/libdrivers__pinctrl.a(pinctrl_nrf.c.obj)
 .text.pinctrl_configure_pins
                0x0000000000007120      0x1d8 zephyr/drivers/pinctrl/libdrivers__pinctrl.a(pinctrl_nrf.c.obj)
                0x0000000000007120                pinctrl_configure_pins
 .text.uarte_nrfx_poll_out
                0x00000000000072f8       0xb4 zephyr/drivers/serial/libdrivers__serial.a(uart_nrfx_uarte.c.obj)
 .text.uarte_0_init
                0x00000000000073ac      0x120 zephyr/drivers/serial/libdrivers__serial.a(uart_nrfx_uarte.c.obj)
 .text.compare_int_lock
                0x00000000000074cc       0x40 zephyr/drivers/timer/libdrivers__timer.a(nrf_rtc_timer.c.obj)
 .text.sys_clock_timeout_handler
                0x000000000000750c       0x48 zephyr/drivers/timer/libdrivers__timer.a(nrf_rtc_timer.c.obj)
 .text.compare_int_unlock
                0x0000000000007554       0x4c zephyr/drivers/timer/libdrivers__timer.a(nrf_rtc_timer.c.obj)
 .text.z_nrf_rtc_timer_read
                0x00000000000075a0       0x44 zephyr/drivers/timer/libdrivers__timer.a(nrf_rtc_timer.c.obj)
                0x00000000000075a0                z_nrf_rtc_timer_read
 .text.compare_set
                0x00000000000075e4      0x124 zephyr/drivers/timer/libdrivers__timer.a(nrf_rtc_timer.c.obj)
 .text.sys_clock_driver_init
                0x0000000000007708       0x90 zephyr/drivers/timer/libdrivers__timer.a(nrf_rtc_timer.c.obj)
 .text.rtc_nrf_isr
                0x0000000000007798       0xd0 zephyr/drivers/timer/libdrivers__timer.a(nrf_rtc_timer.c.obj)
                0x0000000000007798                rtc_nrf_isr
 .text.sys_clock_set_timeout
                0x0000000000007868       0x5c zephyr/drivers/timer/libdrivers__timer.a(nrf_rtc_timer.c.obj)
                0x0000000000007868                sys_clock_set_timeout
 .text.sys_clock_elapsed
                0x00000000000078c4       0x14 zephyr/drivers/timer/libdrivers__timer.a(nrf_rtc_timer.c.obj)
                0x00000000000078c4                sys_clock_elapsed
 .text.nrf53_errata_42
                0x00000000000078d8       0x24 modules/hal_nordic/modules/hal_nordic/nrfx/libmodules__hal_nordic__nrfx.a(system_nrf5340_application.c.obj)
 .text.SystemInit
                0x00000000000078fc      0x1c4 modules/hal_nordic/modules/hal_nordic/nrfx/libmodules__hal_nordic__nrfx.a(system_nrf5340_application.c.obj)
                0x00000000000078fc                SystemInit
 .text.nrfx_flag32_alloc
                0x0000000000007ac0       0x40 modules/hal_nordic/modules/hal_nordic/nrfx/libmodules__hal_nordic__nrfx.a(nrfx_flag32_allocator.c.obj)
                0x0000000000007ac0                nrfx_flag32_alloc
 .text.nrfx_flag32_free
                0x0000000000007b00       0x38 modules/hal_nordic/modules/hal_nordic/nrfx/libmodules__hal_nordic__nrfx.a(nrfx_flag32_allocator.c.obj)
                0x0000000000007b00                nrfx_flag32_free
 .text.nrfx_gppi_channels_enable
                0x0000000000007b38        0xc modules/hal_nordic/modules/hal_nordic/nrfx/libmodules__hal_nordic__nrfx.a(nrfx_gppi_dppi.c.obj)
                0x0000000000007b38                nrfx_gppi_channels_enable
 .text.nrfx_gppi_channel_alloc
                0x0000000000007b44        0xc modules/hal_nordic/modules/hal_nordic/nrfx/libmodules__hal_nordic__nrfx.a(nrfx_gppi_dppi.c.obj)
                0x0000000000007b44                nrfx_gppi_channel_alloc
 .text.clock_stop
                0x0000000000007b50       0xf4 modules/hal_nordic/modules/hal_nordic/nrfx/libmodules__hal_nordic__nrfx.a(nrfx_clock.c.obj)
 .text.nrfx_clock_init
                0x0000000000007c44       0x20 modules/hal_nordic/modules/hal_nordic/nrfx/libmodules__hal_nordic__nrfx.a(nrfx_clock.c.obj)
                0x0000000000007c44                nrfx_clock_init
 .text.nrfx_clock_enable
                0x0000000000007c64       0x38 modules/hal_nordic/modules/hal_nordic/nrfx/libmodules__hal_nordic__nrfx.a(nrfx_clock.c.obj)
                0x0000000000007c64                nrfx_clock_enable
 .text.nrfx_clock_start
                0x0000000000007c9c       0xd0 modules/hal_nordic/modules/hal_nordic/nrfx/libmodules__hal_nordic__nrfx.a(nrfx_clock.c.obj)
                0x0000000000007c9c                nrfx_clock_start
 .text.nrfx_clock_irq_handler
                0x0000000000007d6c       0x70 modules/hal_nordic/modules/hal_nordic/nrfx/libmodules__hal_nordic__nrfx.a(nrfx_clock.c.obj)
                0x0000000000007d6c                nrfx_clock_irq_handler
 .text.nrfx_dppi_channel_alloc
                0x0000000000007ddc       0x10 modules/hal_nordic/modules/hal_nordic/nrfx/libmodules__hal_nordic__nrfx.a(nrfx_dppi.c.obj)
                0x0000000000007ddc                nrfx_dppi_channel_alloc
 .text.nrf_gpio_pin_port_decode
                0x0000000000007dec       0x24 modules/hal_nordic/modules/hal_nordic/nrfx/libmodules__hal_nordic__nrfx.a(nrfx_gpiote.c.obj)
 .text.get_pin_idx
                0x0000000000007e10       0x14 modules/hal_nordic/modules/hal_nordic/nrfx/libmodules__hal_nordic__nrfx.a(nrfx_gpiote.c.obj)
 .text.call_handler.constprop.0
                0x0000000000007e24       0x40 modules/hal_nordic/modules/hal_nordic/nrfx/libmodules__hal_nordic__nrfx.a(nrfx_gpiote.c.obj)
 .text.pin_te_get.constprop.0
                0x0000000000007e64       0x18 modules/hal_nordic/modules/hal_nordic/nrfx/libmodules__hal_nordic__nrfx.a(nrfx_gpiote.c.obj)
 .text.pin_is_output.constprop.0
                0x0000000000007e7c       0x18 modules/hal_nordic/modules/hal_nordic/nrfx/libmodules__hal_nordic__nrfx.a(nrfx_gpiote.c.obj)
 .text.pin_in_use_by_te.constprop.0
                0x0000000000007e94       0x18 modules/hal_nordic/modules/hal_nordic/nrfx/libmodules__hal_nordic__nrfx.a(nrfx_gpiote.c.obj)
 .text.latch_pending_read_and_check
                0x0000000000007eac       0x3c modules/hal_nordic/modules/hal_nordic/nrfx/libmodules__hal_nordic__nrfx.a(nrfx_gpiote.c.obj)
 .text.release_handler.isra.0
                0x0000000000007ee8       0x58 modules/hal_nordic/modules/hal_nordic/nrfx/libmodules__hal_nordic__nrfx.a(nrfx_gpiote.c.obj)
 .text.__nrfy_internal_gpiote_events_process.constprop.0
                0x0000000000007f40       0x5c modules/hal_nordic/modules/hal_nordic/nrfx/libmodules__hal_nordic__nrfx.a(nrfx_gpiote.c.obj)
 .text.pin_uninit
                0x0000000000007f9c       0x84 modules/hal_nordic/modules/hal_nordic/nrfx/libmodules__hal_nordic__nrfx.a(nrfx_gpiote.c.obj)
 .text.nrfx_gpiote_input_configure
                0x0000000000008020      0x178 modules/hal_nordic/modules/hal_nordic/nrfx/libmodules__hal_nordic__nrfx.a(nrfx_gpiote.c.obj)
                0x0000000000008020                nrfx_gpiote_input_configure
 .text.nrfx_gpiote_output_configure
                0x0000000000008198      0x104 modules/hal_nordic/modules/hal_nordic/nrfx/libmodules__hal_nordic__nrfx.a(nrfx_gpiote.c.obj)
                0x0000000000008198                nrfx_gpiote_output_configure
 .text.nrfx_gpiote_global_callback_set
                0x000000000000829c        0xc modules/hal_nordic/modules/hal_nordic/nrfx/libmodules__hal_nordic__nrfx.a(nrfx_gpiote.c.obj)
                0x000000000000829c                nrfx_gpiote_global_callback_set
 .text.nrfx_gpiote_channel_get
                0x00000000000082a8       0x34 modules/hal_nordic/modules/hal_nordic/nrfx/libmodules__hal_nordic__nrfx.a(nrfx_gpiote.c.obj)
                0x00000000000082a8                nrfx_gpiote_channel_get
 .text.nrfx_gpiote_init
                0x00000000000082dc       0x64 modules/hal_nordic/modules/hal_nordic/nrfx/libmodules__hal_nordic__nrfx.a(nrfx_gpiote.c.obj)
                0x00000000000082dc                nrfx_gpiote_init
 .text.nrfx_gpiote_init_check
                0x0000000000008340       0x14 modules/hal_nordic/modules/hal_nordic/nrfx/libmodules__hal_nordic__nrfx.a(nrfx_gpiote.c.obj)
                0x0000000000008340                nrfx_gpiote_init_check
 .text.nrfx_gpiote_channel_free
                0x0000000000008354        0xc modules/hal_nordic/modules/hal_nordic/nrfx/libmodules__hal_nordic__nrfx.a(nrfx_gpiote.c.obj)
                0x0000000000008354                nrfx_gpiote_channel_free
 .text.nrfx_gpiote_channel_alloc
                0x0000000000008360        0xc modules/hal_nordic/modules/hal_nordic/nrfx/libmodules__hal_nordic__nrfx.a(nrfx_gpiote.c.obj)
                0x0000000000008360                nrfx_gpiote_channel_alloc
 .text.nrfx_gpiote_trigger_enable
                0x000000000000836c       0xac modules/hal_nordic/modules/hal_nordic/nrfx/libmodules__hal_nordic__nrfx.a(nrfx_gpiote.c.obj)
                0x000000000000836c                nrfx_gpiote_trigger_enable
 .text.nrfx_gpiote_0_irq_handler
                0x0000000000008418      0x1b8 modules/hal_nordic/modules/hal_nordic/nrfx/libmodules__hal_nordic__nrfx.a(nrfx_gpiote.c.obj)
                0x0000000000008418                nrfx_gpiote_0_irq_handler
 .text.nrf_gpio_cfg.constprop.0
                0x00000000000085d0       0x44 modules/hal_nordic/modules/hal_nordic/nrfx/libmodules__hal_nordic__nrfx.a(nrfx_i2s.c.obj)
 .text.nrfx_i2s_init
                0x0000000000008614      0x1a4 modules/hal_nordic/modules/hal_nordic/nrfx/libmodules__hal_nordic__nrfx.a(nrfx_i2s.c.obj)
                0x0000000000008614                nrfx_i2s_init
 .text.nrfx_i2s_start
                0x00000000000087b8       0xe8 modules/hal_nordic/modules/hal_nordic/nrfx/libmodules__hal_nordic__nrfx.a(nrfx_i2s.c.obj)
                0x00000000000087b8                nrfx_i2s_start
 .text.nrfx_i2s_next_buffers_set
                0x00000000000088a0       0x84 modules/hal_nordic/modules/hal_nordic/nrfx/libmodules__hal_nordic__nrfx.a(nrfx_i2s.c.obj)
                0x00000000000088a0                nrfx_i2s_next_buffers_set
 .text.nrfx_i2s_stop
                0x0000000000008924       0x24 modules/hal_nordic/modules/hal_nordic/nrfx/libmodules__hal_nordic__nrfx.a(nrfx_i2s.c.obj)
                0x0000000000008924                nrfx_i2s_stop
 .text.nrfx_i2s_uninit
                0x0000000000008948       0x7c modules/hal_nordic/modules/hal_nordic/nrfx/libmodules__hal_nordic__nrfx.a(nrfx_i2s.c.obj)
                0x0000000000008948                nrfx_i2s_uninit
 .text.nrfx_i2s_0_irq_handler
                0x00000000000089c4      0x120 modules/hal_nordic/modules/hal_nordic/nrfx/libmodules__hal_nordic__nrfx.a(nrfx_i2s.c.obj)
                0x00000000000089c4                nrfx_i2s_0_irq_handler
 .text.nrfx_power_init
                0x0000000000008ae4       0x74 modules/hal_nordic/modules/hal_nordic/nrfx/libmodules__hal_nordic__nrfx.a(nrfx_power.c.obj)
                0x0000000000008ae4                nrfx_power_init
 .text.nrfx_power_irq_handler
                0x0000000000008b58       0x70 modules/hal_nordic/modules/hal_nordic/nrfx/libmodules__hal_nordic__nrfx.a(nrfx_power.c.obj)
                0x0000000000008b58                nrfx_power_irq_handler
 .text.nrfx_usbreg_enable
                0x0000000000008bc8       0x10 modules/hal_nordic/modules/hal_nordic/nrfx/libmodules__hal_nordic__nrfx.a(nrfx_usbreg.c.obj)
                0x0000000000008bc8                nrfx_usbreg_enable
 .text.nrfx_usbreg_disable
                0x0000000000008bd8       0x10 modules/hal_nordic/modules/hal_nordic/nrfx/libmodules__hal_nordic__nrfx.a(nrfx_usbreg.c.obj)
                0x0000000000008bd8                nrfx_usbreg_disable
 .text.nrfx_usbreg_uninit
                0x0000000000008be8       0x20 modules/hal_nordic/modules/hal_nordic/nrfx/libmodules__hal_nordic__nrfx.a(nrfx_usbreg.c.obj)
                0x0000000000008be8                nrfx_usbreg_uninit
 .text.nrfx_usbreg_init
                0x0000000000008c08       0x28 modules/hal_nordic/modules/hal_nordic/nrfx/libmodules__hal_nordic__nrfx.a(nrfx_usbreg.c.obj)
                0x0000000000008c08                nrfx_usbreg_init
 .text.nrfx_usbreg_irq_handler
                0x0000000000008c30       0x50 modules/hal_nordic/modules/hal_nordic/nrfx/libmodules__hal_nordic__nrfx.a(nrfx_usbreg.c.obj)
                0x0000000000008c30                nrfx_usbreg_irq_handler
 .text.z_impl_device_get_binding
                0x0000000000008c80       0x48 zephyr/kernel/libkernel.a(device.c.obj)
                0x0000000000008c80                z_impl_device_get_binding
 .text.k_sys_fatal_error_handler
                0x0000000000008cc8       0x20 zephyr/kernel/libkernel.a(fatal.c.obj)
                0x0000000000008cc8                k_sys_fatal_error_handler
 .text.z_fatal_error
                0x0000000000008ce8       0xe8 zephyr/kernel/libkernel.a(fatal.c.obj)
                0x0000000000008ce8                z_fatal_error
 .text.z_sys_init_run_level
                0x0000000000008dd0       0x2c zephyr/kernel/libkernel.a(init.c.obj)
 .text.bg_thread_main
                0x0000000000008dfc       0xc4 zephyr/kernel/libkernel.a(init.c.obj)
 .text.z_bss_zero
                0x0000000000008ec0       0x18 zephyr/kernel/libkernel.a(init.c.obj)
                0x0000000000008ec0                z_bss_zero
 .text.z_init_cpu
                0x0000000000008ed8       0x68 zephyr/kernel/libkernel.a(init.c.obj)
                0x0000000000008ed8                z_init_cpu
 .text.z_cstart
                0x0000000000008f40       0xe0 zephyr/kernel/libkernel.a(init.c.obj)
                0x0000000000008f40                z_cstart
 .text.init_mem_slab_obj_core_list
                0x0000000000009020       0x24 zephyr/kernel/libkernel.a(mem_slab.c.obj)
 .text.k_mem_slab_alloc
                0x0000000000009044       0x5c zephyr/kernel/libkernel.a(mem_slab.c.obj)
                0x0000000000009044                k_mem_slab_alloc
 .text.z_impl_k_msgq_put
                0x00000000000090a0       0xac zephyr/kernel/libkernel.a(msg_q.c.obj)
                0x00000000000090a0                z_impl_k_msgq_put
 .text.z_impl_k_msgq_get
                0x000000000000914c       0xc4 zephyr/kernel/libkernel.a(msg_q.c.obj)
                0x000000000000914c                z_impl_k_msgq_get
 .text.z_impl_k_mutex_lock
                0x0000000000009210       0xf0 zephyr/kernel/libkernel.a(mutex.c.obj)
                0x0000000000009210                z_impl_k_mutex_lock
 .text.z_impl_k_mutex_unlock
                0x0000000000009300       0xa0 zephyr/kernel/libkernel.a(mutex.c.obj)
                0x0000000000009300                z_impl_k_mutex_unlock
 .text.z_impl_k_queue_get
                0x00000000000093a0       0x64 zephyr/kernel/libkernel.a(queue.c.obj)
                0x00000000000093a0                z_impl_k_queue_get
 .text.z_impl_k_sem_give
                0x0000000000009404       0x68 zephyr/kernel/libkernel.a(sem.c.obj)
                0x0000000000009404                z_impl_k_sem_give
 .text.z_impl_k_sem_take
                0x000000000000946c       0x4c zephyr/kernel/libkernel.a(sem.c.obj)
                0x000000000000946c                z_impl_k_sem_take
 .text.k_sys_work_q_init
                0x00000000000094b8       0x34 zephyr/kernel/libkernel.a(system_work_q.c.obj)
 .text.work_queue_main
                0x00000000000094ec      0x14c zephyr/kernel/libkernel.a(work.c.obj)
 .text.submit_to_queue_locked
                0x0000000000009638       0xb4 zephyr/kernel/libkernel.a(work.c.obj)
 .text.k_work_queue_start
                0x00000000000096ec       0x7c zephyr/kernel/libkernel.a(work.c.obj)
                0x00000000000096ec                k_work_queue_start
 .text.k_work_reschedule_for_queue
                0x0000000000009768       0x5c zephyr/kernel/libkernel.a(work.c.obj)
                0x0000000000009768                k_work_reschedule_for_queue
 .text.k_work_reschedule
                0x00000000000097c4        0xc zephyr/kernel/libkernel.a(work.c.obj)
                0x00000000000097c4                k_work_reschedule
 .text.z_setup_new_thread
                0x00000000000097d0       0x7c zephyr/kernel/libkernel.a(thread.c.obj)
                0x00000000000097d0                z_setup_new_thread
 .text.z_impl_k_thread_create
                0x000000000000984c       0x58 zephyr/kernel/libkernel.a(thread.c.obj)
                0x000000000000984c                z_impl_k_thread_create
 .text.z_swap_irqlock
                0x00000000000098a4       0x30 zephyr/kernel/libkernel.a(sched.c.obj)
 .text.ready_thread
                0x00000000000098d4       0x90 zephyr/kernel/libkernel.a(sched.c.obj)
 .text.unready_thread
                0x0000000000009964       0x54 zephyr/kernel/libkernel.a(sched.c.obj)
 .text.move_thread_to_end_of_prio_q
                0x00000000000099b8       0x90 zephyr/kernel/libkernel.a(sched.c.obj)
                0x00000000000099b8                move_thread_to_end_of_prio_q
 .text.z_pend_curr
                0x0000000000009a48       0x58 zephyr/kernel/libkernel.a(sched.c.obj)
                0x0000000000009a48                z_pend_curr
 .text.z_thread_prio_set
                0x0000000000009aa0       0x9c zephyr/kernel/libkernel.a(sched.c.obj)
                0x0000000000009aa0                z_thread_prio_set
 .text.z_reschedule
                0x0000000000009b3c       0x24 zephyr/kernel/libkernel.a(sched.c.obj)
                0x0000000000009b3c                z_reschedule
 .text.z_reschedule_irqlock
                0x0000000000009b60       0x28 zephyr/kernel/libkernel.a(sched.c.obj)
                0x0000000000009b60                z_reschedule_irqlock
 .text.k_sched_lock
                0x0000000000009b88       0x28 zephyr/kernel/libkernel.a(sched.c.obj)
                0x0000000000009b88                k_sched_lock
 .text.k_sched_unlock
                0x0000000000009bb0       0x68 zephyr/kernel/libkernel.a(sched.c.obj)
                0x0000000000009bb0                k_sched_unlock
 .text.z_sched_init
                0x0000000000009c18       0x10 zephyr/kernel/libkernel.a(sched.c.obj)
                0x0000000000009c18                z_sched_init
 .text.z_impl_k_yield
                0x0000000000009c28       0x88 zephyr/kernel/libkernel.a(sched.c.obj)
                0x0000000000009c28                z_impl_k_yield
 .text.z_tick_sleep
                0x0000000000009cb0       0x80 zephyr/kernel/libkernel.a(sched.c.obj)
 .text.z_impl_k_usleep
                0x0000000000009d30       0x3c zephyr/kernel/libkernel.a(sched.c.obj)
                0x0000000000009d30                z_impl_k_usleep
 .text.z_impl_k_wakeup
                0x0000000000009d6c       0x4c zephyr/kernel/libkernel.a(sched.c.obj)
                0x0000000000009d6c                z_impl_k_wakeup
 .text.z_impl_k_sched_current_thread_query
                0x0000000000009db8        0xc zephyr/kernel/libkernel.a(sched.c.obj)
                0x0000000000009db8                z_impl_k_sched_current_thread_query
 .text.z_thread_abort
                0x0000000000009dc4      0x110 zephyr/kernel/libkernel.a(sched.c.obj)
                0x0000000000009dc4                z_thread_abort
 .text.z_sched_wait
                0x0000000000009ed4       0x24 zephyr/kernel/libkernel.a(sched.c.obj)
                0x0000000000009ed4                z_sched_wait
 .text.slice_timeout
                0x0000000000009ef8       0x20 zephyr/kernel/libkernel.a(timeslicing.c.obj)
 .text.thread_is_sliceable
                0x0000000000009f18       0x3c zephyr/kernel/libkernel.a(timeslicing.c.obj)
                0x0000000000009f18                thread_is_sliceable
 .text.z_reset_time_slice
                0x0000000000009f54       0x50 zephyr/kernel/libkernel.a(timeslicing.c.obj)
                0x0000000000009f54                z_reset_time_slice
 .text.z_time_slice
                0x0000000000009fa4       0x60 zephyr/kernel/libkernel.a(timeslicing.c.obj)
                0x0000000000009fa4                z_time_slice
 .text.z_data_copy
                0x000000000000a004       0x38 zephyr/kernel/libkernel.a(xip.c.obj)
                0x000000000000a004                z_data_copy
 .text.first    0x000000000000a03c       0x10 zephyr/kernel/libkernel.a(timeout.c.obj)
 .text.elapsed  0x000000000000a04c       0x14 zephyr/kernel/libkernel.a(timeout.c.obj)
 .text.remove_timeout
                0x000000000000a060       0x38 zephyr/kernel/libkernel.a(timeout.c.obj)
 .text.z_add_timeout
                0x000000000000a098       0xec zephyr/kernel/libkernel.a(timeout.c.obj)
                0x000000000000a098                z_add_timeout
 .text.sys_clock_announce
                0x000000000000a184       0xbc zephyr/kernel/libkernel.a(timeout.c.obj)
                0x000000000000a184                sys_clock_announce
 .text.sys_clock_tick_get
                0x000000000000a240       0x30 zephyr/kernel/libkernel.a(timeout.c.obj)
                0x000000000000a240                sys_clock_tick_get
 .text.z_timer_expiration_handler
                0x000000000000a270       0xe0 zephyr/kernel/libkernel.a(timer.c.obj)
                0x000000000000a270                z_timer_expiration_handler
 .text.z_impl_k_timer_start
                0x000000000000a350       0x74 zephyr/kernel/libkernel.a(timer.c.obj)
                0x000000000000a350                z_impl_k_timer_start
 .text.z_thread_aligned_alloc
                0x000000000000a3c4       0x40 zephyr/kernel/libkernel.a(mempool.c.obj)
                0x000000000000a3c4                z_thread_aligned_alloc
 .text.statics_init
                0x000000000000a404       0x24 zephyr/kernel/libkernel.a(kheap.c.obj)
 .text.nrf_cc3xx_platform_init_no_rng
                0x000000000000a428       0x38 C:/ncs/v3.0.1/nrfxlib/crypto/nrf_cc312_platform/lib/cortex-m33/soft-float/no-interrupts/libnrf_cc312_platform_0.9.19.a(nrf_cc3xx_platform.c.obj)
                0x000000000000a428                nrf_cc3xx_platform_init_no_rng
 .text.nrf_cc3xx_platform_abort
                0x000000000000a460       0x24 C:/ncs/v3.0.1/nrfxlib/crypto/nrf_cc312_platform/lib/cortex-m33/soft-float/no-interrupts/libnrf_cc312_platform_0.9.19.a(nrf_cc3xx_platform_abort.c.obj)
 .text.CC_PalAbort
                0x000000000000a484       0x44 C:/ncs/v3.0.1/nrfxlib/crypto/nrf_cc312_platform/lib/cortex-m33/soft-float/no-interrupts/libnrf_cc312_platform_0.9.19.a(nrf_cc3xx_platform_abort.c.obj)
                0x000000000000a484                CC_PalAbort
 .text.nrf_cc3xx_platform_set_abort
                0x000000000000a4c8       0x10 C:/ncs/v3.0.1/nrfxlib/crypto/nrf_cc312_platform/lib/cortex-m33/soft-float/no-interrupts/libnrf_cc312_platform_0.9.19.a(nrf_cc3xx_platform_abort.c.obj)
                0x000000000000a4c8                nrf_cc3xx_platform_set_abort
 .text.mutex_free
                0x000000000000a4d8       0x34 C:/ncs/v3.0.1/nrfxlib/crypto/nrf_cc312_platform/lib/cortex-m33/soft-float/no-interrupts/libnrf_cc312_platform_0.9.19.a(nrf_cc3xx_platform_mutex.c.obj)
 .text.mutex_lock
                0x000000000000a50c       0x48 C:/ncs/v3.0.1/nrfxlib/crypto/nrf_cc312_platform/lib/cortex-m33/soft-float/no-interrupts/libnrf_cc312_platform_0.9.19.a(nrf_cc3xx_platform_mutex.c.obj)
 .text.mutex_unlock
                0x000000000000a554       0x38 C:/ncs/v3.0.1/nrfxlib/crypto/nrf_cc312_platform/lib/cortex-m33/soft-float/no-interrupts/libnrf_cc312_platform_0.9.19.a(nrf_cc3xx_platform_mutex.c.obj)
 .text.mutex_init
                0x000000000000a58c       0x20 C:/ncs/v3.0.1/nrfxlib/crypto/nrf_cc312_platform/lib/cortex-m33/soft-float/no-interrupts/libnrf_cc312_platform_0.9.19.a(nrf_cc3xx_platform_mutex.c.obj)
 .text.nrf_cc3xx_platform_set_mutexes
                0x000000000000a5ac       0x78 C:/ncs/v3.0.1/nrfxlib/crypto/nrf_cc312_platform/lib/cortex-m33/soft-float/no-interrupts/libnrf_cc312_platform_0.9.19.a(nrf_cc3xx_platform_mutex.c.obj)
                0x000000000000a5ac                nrf_cc3xx_platform_set_mutexes
 .text.CC_LibInitNoRng
                0x000000000000a624       0x28 C:/ncs/v3.0.1/nrfxlib/crypto/nrf_cc312_platform/lib/cortex-m33/soft-float/no-interrupts/libnrf_cc312_platform_0.9.19.a(cc_lib.c.obj)
                0x000000000000a624                CC_LibInitNoRng
 .text.CC_HalInit
                0x000000000000a64c        0x4 C:/ncs/v3.0.1/nrfxlib/crypto/nrf_cc312_platform/lib/cortex-m33/soft-float/no-interrupts/libnrf_cc312_platform_0.9.19.a(cc_hal.c.obj)
                0x000000000000a64c                CC_HalInit
 .text.CC_PalInit
                0x000000000000a650       0x5c C:/ncs/v3.0.1/nrfxlib/crypto/nrf_cc312_platform/lib/cortex-m33/soft-float/no-interrupts/libnrf_cc312_platform_0.9.19.a(cc_pal.c.obj)
                0x000000000000a650                CC_PalInit
 .text.CC_PalTerminate
                0x000000000000a6ac       0x34 C:/ncs/v3.0.1/nrfxlib/crypto/nrf_cc312_platform/lib/cortex-m33/soft-float/no-interrupts/libnrf_cc312_platform_0.9.19.a(cc_pal.c.obj)
                0x000000000000a6ac                CC_PalTerminate
 .text.CC_PalDmaInit
                0x000000000000a6e0        0x4 C:/ncs/v3.0.1/nrfxlib/crypto/nrf_cc312_platform/lib/cortex-m33/soft-float/no-interrupts/libnrf_cc312_platform_0.9.19.a(cc_pal_dma.c.obj)
                0x000000000000a6e0                CC_PalDmaInit
 .text.CC_PalDmaTerminate
                0x000000000000a6e4        0x4 C:/ncs/v3.0.1/nrfxlib/crypto/nrf_cc312_platform/lib/cortex-m33/soft-float/no-interrupts/libnrf_cc312_platform_0.9.19.a(cc_pal_dma.c.obj)
                0x000000000000a6e4                CC_PalDmaTerminate
 .text.CC_PalMutexCreate
                0x000000000000a6e8       0x14 C:/ncs/v3.0.1/nrfxlib/crypto/nrf_cc312_platform/lib/cortex-m33/soft-float/no-interrupts/libnrf_cc312_platform_0.9.19.a(cc_pal_mutex.c.obj)
                0x000000000000a6e8                CC_PalMutexCreate
 .text.CC_PalMutexDestroy
                0x000000000000a6fc       0x14 C:/ncs/v3.0.1/nrfxlib/crypto/nrf_cc312_platform/lib/cortex-m33/soft-float/no-interrupts/libnrf_cc312_platform_0.9.19.a(cc_pal_mutex.c.obj)
                0x000000000000a6fc                CC_PalMutexDestroy
 .text.CC_PalPowerSaveModeInit
                0x000000000000a710       0x3c C:/ncs/v3.0.1/nrfxlib/crypto/nrf_cc312_platform/lib/cortex-m33/soft-float/no-interrupts/libnrf_cc312_platform_0.9.19.a(cc_pal_pm.c.obj)
                0x000000000000a710                CC_PalPowerSaveModeInit
 .text.snprintf
                0x000000000000a74c       0x58 c:\ncs\toolchains\b620d30767\opt\zephyr-sdk\arm-zephyr-eabi\bin\../lib/gcc/../../picolibc/arm-zephyr-eabi/lib/thumb/v8-m.main/nofp\libc.a(libc_tinystdio_snprintf.c.o)
                0x000000000000a74c                snprintf
 .text.__l_vfprintf
                0x000000000000a7a4      0x4b4 c:\ncs\toolchains\b620d30767\opt\zephyr-sdk\arm-zephyr-eabi\bin\../lib/gcc/../../picolibc/arm-zephyr-eabi/lib/thumb/v8-m.main/nofp\libc.a(libc_tinystdio_vflprintf.c.o)
                0x000000000000a7a4                __l_vfprintf
 .text._OffsetAbsSyms
                0x000000000000ac58        0x2 zephyr/CMakeFiles/offsets.dir/./arch/arm/core/offsets/offsets.c.obj
                0x000000000000ac58                _OffsetAbsSyms
 .text.ws2812_strip_length
                0x000000000000ac5a        0x6 app/libapp.a(ws2812_i2s.c.obj)
 .text.chunk_field
                0x000000000000ac60       0x16 zephyr/libzephyr.a(heap.c.obj)
 .text.chunk_set
                0x000000000000ac76       0x16 zephyr/libzephyr.a(heap.c.obj)
 .text.chunk_size
                0x000000000000ac8c        0xc zephyr/libzephyr.a(heap.c.obj)
 .text.set_chunk_used
                0x000000000000ac98       0x30 zephyr/libzephyr.a(heap.c.obj)
 .text.set_chunk_size
                0x000000000000acc8        0x8 zephyr/libzephyr.a(heap.c.obj)
 .text.mem_to_chunkid
                0x000000000000acd0       0x14 zephyr/libzephyr.a(heap.c.obj)
 .text.bucket_idx.isra.0
                0x000000000000ace4       0x1c zephyr/libzephyr.a(heap.c.obj)
 .text.free_list_remove_bidx
                0x000000000000ad00       0x5c zephyr/libzephyr.a(heap.c.obj)
 .text.free_list_remove
                0x000000000000ad5c       0x2e zephyr/libzephyr.a(heap.c.obj)
 .text.alloc_chunk
                0x000000000000ad8a       0x74 zephyr/libzephyr.a(heap.c.obj)
 .text.split_chunks
                0x000000000000adfe       0x4e zephyr/libzephyr.a(heap.c.obj)
 .text.merge_chunks
                0x000000000000ae4c       0x3c zephyr/libzephyr.a(heap.c.obj)
 .text.free_list_add
                0x000000000000ae88       0x84 zephyr/libzephyr.a(heap.c.obj)
 .text.free_chunk
                0x000000000000af0c       0x84 zephyr/libzephyr.a(heap.c.obj)
 .text.sys_heap_free
                0x000000000000af90       0x24 zephyr/libzephyr.a(heap.c.obj)
                0x000000000000af90                sys_heap_free
 .text.sys_heap_alloc
                0x000000000000afb4       0x6e zephyr/libzephyr.a(heap.c.obj)
                0x000000000000afb4                sys_heap_alloc
 .text.sys_heap_aligned_alloc
                0x000000000000b022       0xe8 zephyr/libzephyr.a(heap.c.obj)
                0x000000000000b022                sys_heap_aligned_alloc
 .text.sys_heap_init
                0x000000000000b10a       0xb0 zephyr/libzephyr.a(heap.c.obj)
                0x000000000000b10a                sys_heap_init
 .text.cbpprintf_external
                0x000000000000b1ba       0x62 zephyr/libzephyr.a(cbprintf_packaged.c.obj)
                0x000000000000b1ba                cbpprintf_external
 .text.is_ptr   0x000000000000b21c       0x4a zephyr/libzephyr.a(cbprintf_packaged.c.obj)
                0x000000000000b21c                is_ptr
 .text.arch_printk_char_out
                0x000000000000b266        0x4 zephyr/libzephyr.a(printk.c.obj)
                0x000000000000b266                arch_printk_char_out
 .text.printk   0x000000000000b26a       0x1a zephyr/libzephyr.a(printk.c.obj)
                0x000000000000b26a                printk
 .text.free_space
                0x000000000000b284       0x26 zephyr/libzephyr.a(mpsc_pbuf.c.obj)
 .text.get_usage
                0x000000000000b2aa       0x22 zephyr/libzephyr.a(mpsc_pbuf.c.obj)
 .text.idx_inc  0x000000000000b2cc       0x1c zephyr/libzephyr.a(mpsc_pbuf.c.obj)
 .text.rd_idx_inc
                0x000000000000b2e8       0x18 zephyr/libzephyr.a(mpsc_pbuf.c.obj)
 .text.add_skip_item
                0x000000000000b300       0x3e zephyr/libzephyr.a(mpsc_pbuf.c.obj)
 .text.drop_item_locked
                0x000000000000b33e       0xee zephyr/libzephyr.a(mpsc_pbuf.c.obj)
 .text.post_drop_action
                0x000000000000b42c       0x36 zephyr/libzephyr.a(mpsc_pbuf.c.obj)
 .text.max_utilization_update
                0x000000000000b462       0x1a zephyr/libzephyr.a(mpsc_pbuf.c.obj)
 .text.mpsc_pbuf_init
                0x000000000000b47c       0x42 zephyr/libzephyr.a(mpsc_pbuf.c.obj)
                0x000000000000b47c                mpsc_pbuf_init
 .text.mpsc_pbuf_alloc
                0x000000000000b4be       0xfe zephyr/libzephyr.a(mpsc_pbuf.c.obj)
                0x000000000000b4be                mpsc_pbuf_alloc
 .text.mpsc_pbuf_commit
                0x000000000000b5bc       0x3e zephyr/libzephyr.a(mpsc_pbuf.c.obj)
                0x000000000000b5bc                mpsc_pbuf_commit
 .text.mpsc_pbuf_claim
                0x000000000000b5fa       0xa8 zephyr/libzephyr.a(mpsc_pbuf.c.obj)
                0x000000000000b5fa                mpsc_pbuf_claim
 .text.mpsc_pbuf_free
                0x000000000000b6a2       0x76 zephyr/libzephyr.a(mpsc_pbuf.c.obj)
                0x000000000000b6a2                mpsc_pbuf_free
 .text.mpsc_pbuf_is_pending
                0x000000000000b718       0x32 zephyr/libzephyr.a(mpsc_pbuf.c.obj)
                0x000000000000b718                mpsc_pbuf_is_pending
 .text.sys_slist_find_and_remove
                0x000000000000b74a       0x36 zephyr/libzephyr.a(onoff.c.obj)
 .text.process_recheck
                0x000000000000b780       0x38 zephyr/libzephyr.a(onoff.c.obj)
 .text.validate_args
                0x000000000000b7b8       0x20 zephyr/libzephyr.a(onoff.c.obj)
 .text.notify_one
                0x000000000000b7d8       0x2c zephyr/libzephyr.a(onoff.c.obj)
 .text.transition_complete
                0x000000000000b804       0x1a zephyr/libzephyr.a(onoff.c.obj)
 .text.onoff_manager_init
                0x000000000000b81e       0x26 zephyr/libzephyr.a(onoff.c.obj)
                0x000000000000b81e                onoff_manager_init
 .text.onoff_request
                0x000000000000b844       0xae zephyr/libzephyr.a(onoff.c.obj)
                0x000000000000b844                onoff_request
 .text.onoff_release
                0x000000000000b8f2       0x48 zephyr/libzephyr.a(onoff.c.obj)
                0x000000000000b8f2                onoff_release
 .text.onoff_cancel
                0x000000000000b93a       0x36 zephyr/libzephyr.a(onoff.c.obj)
                0x000000000000b93a                onoff_cancel
 .text.sys_notify_validate
                0x000000000000b970       0x22 zephyr/libzephyr.a(notify.c.obj)
                0x000000000000b970                sys_notify_validate
 .text.sys_notify_finalize
                0x000000000000b992       0x1a zephyr/libzephyr.a(notify.c.obj)
                0x000000000000b992                sys_notify_finalize
 .text._ConfigAbsSyms
                0x000000000000b9ac        0x2 zephyr/libzephyr.a(configs.c.obj)
                0x000000000000b9ac                _ConfigAbsSyms
 .text.log_msg_generic_get_wlen
                0x000000000000b9ae       0x20 zephyr/libzephyr.a(log_core.c.obj)
 .text.dummy_timestamp
                0x000000000000b9ce        0x4 zephyr/libzephyr.a(log_core.c.obj)
 .text.default_get_timestamp
                0x000000000000b9d2        0x4 zephyr/libzephyr.a(log_core.c.obj)
 .text.atomic_inc
                0x000000000000b9d6       0x12 zephyr/libzephyr.a(log_core.c.obj)
 .text.z_log_vprintk
                0x000000000000b9e8       0x1c zephyr/libzephyr.a(log_core.c.obj)
                0x000000000000b9e8                z_log_vprintk
 .text.z_log_notify_drop
                0x000000000000ba04        0x6 zephyr/libzephyr.a(log_core.c.obj)
 .text.z_log_get_tag
                0x000000000000ba0a        0x4 zephyr/libzephyr.a(log_core.c.obj)
                0x000000000000ba0a                z_log_get_tag
 .text.z_cbprintf_cpy
                0x000000000000ba0e       0x2c zephyr/libzephyr.a(log_msg.c.obj)
 .text.z_log_msg_finalize
                0x000000000000ba3a       0x32 zephyr/libzephyr.a(log_msg.c.obj)
                0x000000000000ba3a                z_log_msg_finalize
 .text.z_log_msg_simple_create
                0x000000000000ba6c       0x6e zephyr/libzephyr.a(log_msg.c.obj)
 .text.z_impl_z_log_msg_simple_create_0
                0x000000000000bada       0x12 zephyr/libzephyr.a(log_msg.c.obj)
                0x000000000000bada                z_impl_z_log_msg_simple_create_0
 .text.z_impl_z_log_msg_simple_create_1
                0x000000000000baec       0x14 zephyr/libzephyr.a(log_msg.c.obj)
                0x000000000000baec                z_impl_z_log_msg_simple_create_1
 .text.z_impl_z_log_msg_simple_create_2
                0x000000000000bb00       0x18 zephyr/libzephyr.a(log_msg.c.obj)
                0x000000000000bb00                z_impl_z_log_msg_simple_create_2
 .text.log_output_write
                0x000000000000bb18       0x1c zephyr/libzephyr.a(log_output.c.obj)
 .text.log_output_flush
                0x000000000000bb34       0x1a zephyr/libzephyr.a(log_output.c.obj)
 .text.out_func
                0x000000000000bb4e       0x2e zephyr/libzephyr.a(log_output.c.obj)
 .text.cr_out_func
                0x000000000000bb7c       0x1c zephyr/libzephyr.a(log_output.c.obj)
 .text.log_output_msg_process
                0x000000000000bb98       0x6a zephyr/libzephyr.a(log_output.c.obj)
                0x000000000000bb98                log_output_msg_process
 .text.format_set
                0x000000000000bc02        0xc zephyr/libzephyr.a(log_backend_uart.c.obj)
 .text.log_backend_uart_init
                0x000000000000bc0e        0xc zephyr/libzephyr.a(log_backend_uart.c.obj)
 .text.panic    0x000000000000bc1a       0x32 zephyr/libzephyr.a(log_backend_uart.c.obj)
 .text.dropped  0x000000000000bc4c        0xa zephyr/libzephyr.a(log_backend_uart.c.obj)
 .text.process  0x000000000000bc56       0x1e zephyr/libzephyr.a(log_backend_uart.c.obj)
 .text.z_log_msg_simple_create_1
                0x000000000000bc74        0x4 zephyr/libzephyr.a(usb_device.c.obj)
 .text.get_ep_bm_from_addr
                0x000000000000bc78       0x1e zephyr/libzephyr.a(usb_device.c.obj)
 .text.usb_get_dev_data_by_cfg
                0x000000000000bc96       0x16 zephyr/libzephyr.a(usb_descriptor.c.obj)
                0x000000000000bc96                usb_get_dev_data_by_cfg
 .text.usb_get_dev_data_by_iface
                0x000000000000bcac       0x1a zephyr/libzephyr.a(usb_descriptor.c.obj)
                0x000000000000bcac                usb_get_dev_data_by_iface
 .text.usb_get_dev_data_by_ep
                0x000000000000bcc6       0x2c zephyr/libzephyr.a(usb_descriptor.c.obj)
                0x000000000000bcc6                usb_get_dev_data_by_ep
 .text.abort_function
                0x000000000000bcf2        0x2 zephyr/libzephyr.a(nrf_cc3xx_platform_abort_zephyr.c.obj)
 .text.z_do_kernel_oops
                0x000000000000bcf4        0x8 zephyr/arch/arch/arm/core/libarch__arm__core.a(fatal.c.obj)
                0x000000000000bcf4                z_do_kernel_oops
 .text.z_arm_nmi
                0x000000000000bcfc        0xe zephyr/arch/arch/arm/core/libarch__arm__core.a(nmi.c.obj)
                0x000000000000bcfc                z_arm_nmi
 .text.z_log_msg_simple_create_0.constprop.0
                0x000000000000bd0a        0x8 zephyr/arch/arch/arm/core/cortex_m/libarch__arm__core__cortex_m.a(fault.c.obj)
 .text.z_irq_spurious
                0x000000000000bd12        0x8 zephyr/arch/arch/arm/core/cortex_m/libarch__arm__core__cortex_m.a(irq_manage.c.obj)
                0x000000000000bd12                z_irq_spurious
 .text.configure_builtin_stack_guard
                0x000000000000bd1a        0x8 zephyr/arch/arch/arm/core/cortex_m/libarch__arm__core__cortex_m.a(thread.c.obj)
                0x000000000000bd1a                configure_builtin_stack_guard
 .text.arch_irq_unlock_outlined
                0x000000000000bd22        0xe zephyr/arch/arch/arm/core/cortex_m/libarch__arm__core__cortex_m.a(thread.c.obj)
                0x000000000000bd22                arch_irq_unlock_outlined
 .text.arch_cpu_idle
                0x000000000000bd30       0x32 zephyr/arch/arch/arm/core/cortex_m/libarch__arm__core__cortex_m.a(cpu_idle.c.obj)
                0x000000000000bd30                arch_cpu_idle
 .text.arch_cpu_atomic_idle
                0x000000000000bd62       0x38 zephyr/arch/arch/arm/core/cortex_m/libarch__arm__core__cortex_m.a(cpu_idle.c.obj)
                0x000000000000bd62                arch_cpu_atomic_idle
 .text.arm_cmse_mpu_region_get
                0x000000000000bd9a       0x12 zephyr/arch/arch/arm/core/cortex_m/cmse/libarch__arm__core__cortex_m__cmse.a(arm_core_cmse.c.obj)
                0x000000000000bd9a                arm_cmse_mpu_region_get
 .text.mpu_configure_region
                0x000000000000bdac       0x32 zephyr/arch/arch/arm/core/mpu/libarch__arm__core__mpu.a(arm_mpu.c.obj)
 .text.cbputc   0x000000000000bdde        0xc zephyr/lib/libc/picolibc/liblib__libc__picolibc.a(cbprintf.c.obj)
 .text.picolibc_put
                0x000000000000bdea        0xa zephyr/lib/libc/picolibc/liblib__libc__picolibc.a(stdio.c.obj)
 .text.onoff_stop
                0x000000000000bdf4       0x10 zephyr/soc/soc/nrf5340/libsoc__nordic.a(nrf53_cpunet_mgmt.c.obj)
 .text.hid_interface_config
                0x000000000000be04        0x4 zephyr/subsys/usb/device/class/hid/libsubsys__usb__device__class__hid.a(core.c.obj)
 .text.usb_hid_device_init
                0x000000000000be08        0x4 zephyr/subsys/usb/device/class/hid/libsubsys__usb__device__class__hid.a(core.c.obj)
 .text.z_log_msg_simple_create_0
                0x000000000000be0c        0x4 zephyr/subsys/usb/device/class/hid/libsubsys__usb__device__class__hid.a(core.c.obj)
 .text.usb_hid_init
                0x000000000000be10       0x14 zephyr/subsys/usb/device/class/hid/libsubsys__usb__device__class__hid.a(core.c.obj)
                0x000000000000be10                usb_hid_init
 .text.input_to_hid_modifier
                0x000000000000be24       0x50 zephyr/subsys/input/libsubsys__input.a(input_hid.c.obj)
                0x000000000000be24                input_to_hid_modifier
 .text.keymap_init
                0x000000000000be74       0x18 zephyr/subsys/input/libsubsys__input.a(input_keymap.c.obj)
 .text.ep_ctx_reset
                0x000000000000be8c       0x26 zephyr/drivers/usb/device/libdrivers__usb__device.a(usb_dc_nrfx.c.obj)
 .text.z_log_msg_simple_create_0
                0x000000000000beb2        0x4 zephyr/drivers/usb/device/libdrivers__usb__device.a(usb_dc_nrfx.c.obj)
 .text.k_mutex_lock.constprop.0.isra.0
                0x000000000000beb6        0x4 zephyr/drivers/usb/device/libdrivers__usb__device.a(usb_dc_nrfx.c.obj)
 .text.k_mutex_unlock.isra.0
                0x000000000000beba        0x4 zephyr/drivers/usb/device/libdrivers__usb__device.a(usb_dc_nrfx.c.obj)
 .text.usb_dc_ep_disable
                0x000000000000bebe       0x32 zephyr/drivers/usb/device/libdrivers__usb__device.a(usb_dc_nrfx.c.obj)
                0x000000000000bebe                usb_dc_ep_disable
 .text.usb_dc_ep_read
                0x000000000000bef0       0x1e zephyr/drivers/usb/device/libdrivers__usb__device.a(usb_dc_nrfx.c.obj)
                0x000000000000bef0                usb_dc_ep_read
 .text.ep2bit   0x000000000000bf0e       0x10 zephyr/drivers/usb/common/nrf_usbd_common/libdrivers__usb__common__nrf_usbd_common.a(nrf_usbd_common.c.obj)
 .text.nrf_usbd_common_ep_max_packet_size_set
                0x000000000000bf1e        0xa zephyr/drivers/usb/common/nrf_usbd_common/libdrivers__usb__common__nrf_usbd_common.a(nrf_usbd_common.c.obj)
                0x000000000000bf1e                nrf_usbd_common_ep_max_packet_size_set
 .text.nrf_usbd_common_ep_status_get
                0x000000000000bf28       0x2c zephyr/drivers/usb/common/nrf_usbd_common/libdrivers__usb__common__nrf_usbd_common.a(nrf_usbd_common.c.obj)
                0x000000000000bf28                nrf_usbd_common_ep_status_get
 .text.get_status
                0x000000000000bf54       0x12 zephyr/drivers/clock_control/libdrivers__clock_control.a(clock_control_nrf.c.obj)
 .text.stop     0x000000000000bf66       0x50 zephyr/drivers/clock_control/libdrivers__clock_control.a(clock_control_nrf.c.obj)
 .text.api_stop
                0x000000000000bfb6        0x6 zephyr/drivers/clock_control/libdrivers__clock_control.a(clock_control_nrf.c.obj)
 .text.async_start
                0x000000000000bfbc       0x5a zephyr/drivers/clock_control/libdrivers__clock_control.a(clock_control_nrf.c.obj)
 .text.api_start
                0x000000000000c016        0xe zephyr/drivers/clock_control/libdrivers__clock_control.a(clock_control_nrf.c.obj)
 .text.onoff_started_callback
                0x000000000000c024       0x12 zephyr/drivers/clock_control/libdrivers__clock_control.a(clock_control_nrf.c.obj)
 .text.hfclkaudio_start
                0x000000000000c036        0x6 zephyr/drivers/clock_control/libdrivers__clock_control.a(clock_control_nrf.c.obj)
 .text.hfclk192m_start
                0x000000000000c03c        0x6 zephyr/drivers/clock_control/libdrivers__clock_control.a(clock_control_nrf.c.obj)
 .text.lfclk_start
                0x000000000000c042        0x6 zephyr/drivers/clock_control/libdrivers__clock_control.a(clock_control_nrf.c.obj)
 .text.hfclkaudio_stop
                0x000000000000c048        0x6 zephyr/drivers/clock_control/libdrivers__clock_control.a(clock_control_nrf.c.obj)
 .text.hfclk192m_stop
                0x000000000000c04e        0x6 zephyr/drivers/clock_control/libdrivers__clock_control.a(clock_control_nrf.c.obj)
 .text.lfclk_stop
                0x000000000000c054        0x6 zephyr/drivers/clock_control/libdrivers__clock_control.a(clock_control_nrf.c.obj)
 .text.blocking_start_callback
                0x000000000000c05a        0x6 zephyr/drivers/clock_control/libdrivers__clock_control.a(clock_control_nrf.c.obj)
 .text.gpio_nrfx_port_get_raw
                0x000000000000c060        0xc zephyr/drivers/gpio/libdrivers__gpio.a(gpio_nrfx.c.obj)
 .text.gpio_nrfx_port_set_masked_raw
                0x000000000000c06c       0x14 zephyr/drivers/gpio/libdrivers__gpio.a(gpio_nrfx.c.obj)
 .text.gpio_nrfx_port_set_bits_raw
                0x000000000000c080        0xa zephyr/drivers/gpio/libdrivers__gpio.a(gpio_nrfx.c.obj)
 .text.gpio_nrfx_port_clear_bits_raw
                0x000000000000c08a        0xa zephyr/drivers/gpio/libdrivers__gpio.a(gpio_nrfx.c.obj)
 .text.gpio_nrfx_port_toggle_bits
                0x000000000000c094       0x14 zephyr/drivers/gpio/libdrivers__gpio.a(gpio_nrfx.c.obj)
 .text.gpio_nrfx_manage_callback
                0x000000000000c0a8       0x52 zephyr/drivers/gpio/libdrivers__gpio.a(gpio_nrfx.c.obj)
 .text.z_impl_hwinfo_get_device_id
                0x000000000000c0fa       0x2c zephyr/drivers/hwinfo/libdrivers__hwinfo.a(hwinfo_nrf.c.obj)
                0x000000000000c0fa                z_impl_hwinfo_get_device_id
 .text.i2s_nrfx_config_get
                0x000000000000c126       0x2c zephyr/drivers/i2s/libdrivers__i2s.a(i2s_nrfx.c.obj)
 .text.get_next_tx_buffer
                0x000000000000c152       0x26 zephyr/drivers/i2s/libdrivers__i2s.a(i2s_nrfx.c.obj)
 .text.z_log_msg_simple_create_1.constprop.0
                0x000000000000c178        0xa zephyr/drivers/i2s/libdrivers__i2s.a(i2s_nrfx.c.obj)
 .text.supply_next_buffers
                0x000000000000c182       0x4a zephyr/drivers/i2s/libdrivers__i2s.a(i2s_nrfx.c.obj)
 .text.z_log_msg_simple_create_0.constprop.0
                0x000000000000c1cc        0x8 zephyr/drivers/i2s/libdrivers__i2s.a(i2s_nrfx.c.obj)
 .text.clock_started_callback
                0x000000000000c1d4       0x2a zephyr/drivers/i2s/libdrivers__i2s.a(i2s_nrfx.c.obj)
 .text.purge_queue.isra.0
                0x000000000000c1fe       0x52 zephyr/drivers/i2s/libdrivers__i2s.a(i2s_nrfx.c.obj)
 .text.gpio_pin_configure_dt
                0x000000000000c250       0x3e zephyr/drivers/input/libdrivers__input.a(input_gpio_kbd_matrix.c.obj)
 .text.gpio_port_get
                0x000000000000c28e       0x18 zephyr/drivers/input/libdrivers__input.a(input_gpio_kbd_matrix.c.obj)
 .text.gpio_kbd_matrix_read_row
                0x000000000000c2a6       0x6c zephyr/drivers/input/libdrivers__input.a(input_gpio_kbd_matrix.c.obj)
 .text.gpio_kbd_matrix_is_gpio_coherent
                0x000000000000c312       0x34 zephyr/drivers/input/libdrivers__input.a(input_gpio_kbd_matrix.c.obj)
 .text.gpio_kbd_matrix_drive_column
                0x000000000000c346       0xcc zephyr/drivers/input/libdrivers__input.a(input_gpio_kbd_matrix.c.obj)
 .text.gpio_pin_get
                0x000000000000c412       0x28 zephyr/drivers/input/libdrivers__input.a(input_gpio_keys.c.obj)
 .text.gpio_keys_interrupt
                0x000000000000c43a       0x34 zephyr/drivers/input/libdrivers__input.a(input_gpio_keys.c.obj)
 .text.input_kbd_matrix_drive_column
                0x000000000000c46e        0x8 zephyr/drivers/input/libdrivers__input.a(input_kbd_matrix.c.obj)
 .text.input_kbd_matrix_poll_timeout.isra.0
                0x000000000000c476       0x38 zephyr/drivers/input/libdrivers__input.a(input_kbd_matrix.c.obj)
 .text.input_kbd_matrix_poll_start
                0x000000000000c4ae        0x8 zephyr/drivers/input/libdrivers__input.a(input_kbd_matrix.c.obj)
                0x000000000000c4ae                input_kbd_matrix_poll_start
 .text.pinctrl_lookup_state
                0x000000000000c4b6       0x26 zephyr/drivers/pinctrl/libdrivers__pinctrl.a(common.c.obj)
                0x000000000000c4b6                pinctrl_lookup_state
 .text.uarte_nrfx_err_check
                0x000000000000c4dc        0xe zephyr/drivers/serial/libdrivers__serial.a(uart_nrfx_uarte.c.obj)
 .text.uarte_nrfx_poll_in
                0x000000000000c4ea       0x26 zephyr/drivers/serial/libdrivers__serial.a(uart_nrfx_uarte.c.obj)
 .text.is_tx_ready.isra.0
                0x000000000000c510       0x20 zephyr/drivers/serial/libdrivers__serial.a(uart_nrfx_uarte.c.obj)
 .text.uarte_nrfx_isr_int
                0x000000000000c530       0x42 zephyr/drivers/serial/libdrivers__serial.a(uart_nrfx_uarte.c.obj)
 .text.event_clear
                0x000000000000c572       0x18 zephyr/drivers/timer/libdrivers__timer.a(nrf_rtc_timer.c.obj)
 .text.sys_clock_cycle_get_32
                0x000000000000c58a        0x8 zephyr/drivers/timer/libdrivers__timer.a(nrf_rtc_timer.c.obj)
                0x000000000000c58a                sys_clock_cycle_get_32
 .text.hw_cc3xx_init_internal
                0x000000000000c592        0x4 modules/nrf/drivers/hw_cc3xx/lib..__nrf__drivers__hw_cc3xx.a(hw_cc3xx.c.obj)
 .text.hw_cc3xx_init
                0x000000000000c596       0x12 modules/nrf/drivers/hw_cc3xx/lib..__nrf__drivers__hw_cc3xx.a(hw_cc3xx.c.obj)
 .text.nrfx_isr
                0x000000000000c5a8        0x2 modules/hal_nordic/modules/hal_nordic/nrfx/libmodules__hal_nordic__nrfx.a(nrfx_glue.c.obj)
                0x000000000000c5a8                nrfx_isr
 .text.nrfx_busy_wait
                0x000000000000c5aa        0x4 modules/hal_nordic/modules/hal_nordic/nrfx/libmodules__hal_nordic__nrfx.a(nrfx_glue.c.obj)
                0x000000000000c5aa                nrfx_busy_wait
 .text.nrfx_gppi_event_endpoint_setup
                0x000000000000c5ae        0xa modules/hal_nordic/modules/hal_nordic/nrfx/libmodules__hal_nordic__nrfx.a(nrfx_gppi_dppi.c.obj)