Archive member included to satisfy reference by file (symbol)

app/libapp.a(main.c.obj)      (--whole-archive)
app/libapp.a(ws2812_i2s.c.obj)
                              (--whole-archive)
zephyr/libzephyr.a(heap.c.obj)
                              (--whole-archive)
zephyr/libzephyr.a(cbprintf_packaged.c.obj)
                              (--whole-archive)
zephyr/libzephyr.a(printk.c.obj)
                              (--whole-archive)
zephyr/libzephyr.a(sem.c.obj)
                              (--whole-archive)
zephyr/libzephyr.a(thread_entry.c.obj)
                              (--whole-archive)
zephyr/libzephyr.a(cbprintf_complete.c.obj)
                              (--whole-archive)
zephyr/libzephyr.a(assert.c.obj)
                              (--whole-archive)
zephyr/libzephyr.a(reboot.c.obj)
                              (--whole-archive)
zephyr/libzephyr.a(dec.c.obj)
                              (--whole-archive)
zephyr/libzephyr.a(hex.c.obj)
                              (--whole-archive)
zephyr/libzephyr.a(rb.c.obj)  (--whole-archive)
zephyr/libzephyr.a(timeutil.c.obj)
                              (--whole-archive)
zephyr/libzephyr.a(bitarray.c.obj)
                              (--whole-archive)
zephyr/libzephyr.a(onoff.c.obj)
                              (--whole-archive)
zephyr/libzephyr.a(notify.c.obj)
                              (--whole-archive)
zephyr/libzephyr.a(ring_buffer.c.obj)
                              (--whole-archive)
zephyr/libzephyr.a(last_section_id.c.obj)
                              (--whole-archive)
zephyr/libzephyr.a(configs.c.obj)
                              (--whole-archive)
zephyr/libzephyr.a(log_minimal.c.obj)
                              (--whole-archive)
zephyr/libzephyr.a(mem_attr.c.obj)
                              (--whole-archive)
zephyr/libzephyr.a(tracing_none.c.obj)
                              (--whole-archive)
zephyr/libzephyr.a(usb_device.c.obj)
                              (--whole-archive)
zephyr/libzephyr.a(usb_descriptor.c.obj)
                              (--whole-archive)
zephyr/libzephyr.a(usb_transfer.c.obj)
                              (--whole-archive)
zephyr/libzephyr.a(banner.c.obj)
                              (--whole-archive)
zephyr/libzephyr.a(flash_map_partition_manager.c.obj)
                              (--whole-archive)
zephyr/libzephyr.a(nrf_cc3xx_platform_abort_zephyr.c.obj)
                              (--whole-archive)
zephyr/libzephyr.a(nrf_cc3xx_platform_mutex_zephyr.c.obj)
                              (--whole-archive)
zephyr/arch/common/libarch__common.a(sw_isr_common.c.obj)
                              (--whole-archive)
zephyr/arch/arch/arm/core/libarch__arm__core.a(fatal.c.obj)
                              (--whole-archive)
zephyr/arch/arch/arm/core/libarch__arm__core.a(nmi.c.obj)
                              (--whole-archive)
zephyr/arch/arch/arm/core/libarch__arm__core.a(nmi_on_reset.S.obj)
                              (--whole-archive)
zephyr/arch/arch/arm/core/libarch__arm__core.a(tls.c.obj)
                              (--whole-archive)
zephyr/arch/arch/arm/core/cortex_m/libarch__arm__core__cortex_m.a(exc_exit.c.obj)
                              (--whole-archive)
zephyr/arch/arch/arm/core/cortex_m/libarch__arm__core__cortex_m.a(fault.c.obj)
                              (--whole-archive)
zephyr/arch/arch/arm/core/cortex_m/libarch__arm__core__cortex_m.a(fault_s.S.obj)
                              (--whole-archive)
zephyr/arch/arch/arm/core/cortex_m/libarch__arm__core__cortex_m.a(fpu.c.obj)
                              (--whole-archive)
zephyr/arch/arch/arm/core/cortex_m/libarch__arm__core__cortex_m.a(reset.S.obj)
                              (--whole-archive)
zephyr/arch/arch/arm/core/cortex_m/libarch__arm__core__cortex_m.a(scb.c.obj)
                              (--whole-archive)
zephyr/arch/arch/arm/core/cortex_m/libarch__arm__core__cortex_m.a(thread_abort.c.obj)
                              (--whole-archive)
zephyr/arch/arch/arm/core/cortex_m/libarch__arm__core__cortex_m.a(vector_table.S.obj)
                              (--whole-archive)
zephyr/arch/arch/arm/core/cortex_m/libarch__arm__core__cortex_m.a(swap_helper.S.obj)
                              (--whole-archive)
zephyr/arch/arch/arm/core/cortex_m/libarch__arm__core__cortex_m.a(irq_manage.c.obj)
                              (--whole-archive)
zephyr/arch/arch/arm/core/cortex_m/libarch__arm__core__cortex_m.a(prep_c.c.obj)
                              (--whole-archive)
zephyr/arch/arch/arm/core/cortex_m/libarch__arm__core__cortex_m.a(thread.c.obj)
                              (--whole-archive)
zephyr/arch/arch/arm/core/cortex_m/libarch__arm__core__cortex_m.a(cpu_idle.c.obj)
                              (--whole-archive)
zephyr/arch/arch/arm/core/cortex_m/libarch__arm__core__cortex_m.a(irq_init.c.obj)
                              (--whole-archive)
zephyr/arch/arch/arm/core/cortex_m/libarch__arm__core__cortex_m.a(isr_wrapper.c.obj)
[...]
Memory Configuration

Name             Origin             Length             Attributes
FLASH            0x0000000000000000 0x0000000000100000 xr
RAM              0x0000000020000000 0x0000000000070000 xw
IDT_LIST         0x00000000ffff7fff 0x0000000000008000 xw
*default*        0x0000000000000000 0xffffffffffffffff

Linker script and memory map

                0x000000000000be70                vfprintf = __l_vfprintf
                0x0000000000000000                vfscanf = __l_vfscanf
LOAD zephyr/CMakeFiles/zephyr_pre0.dir/misc/empty_file.c.obj
LOAD zephyr/CMakeFiles/offsets.dir/./arch/arm/core/offsets/offsets.c.obj
LOAD app/libapp.a
LOAD zephyr/libzephyr.a
LOAD zephyr/arch/common/libarch__common.a
LOAD zephyr/arch/arch/arm/core/libarch__arm__core.a
LOAD zephyr/arch/arch/arm/core/cortex_m/libarch__arm__core__cortex_m.a
LOAD zephyr/arch/arch/arm/core/cortex_m/cmse/libarch__arm__core__cortex_m__cmse.a
LOAD zephyr/arch/arch/arm/core/mpu/libarch__arm__core__mpu.a
LOAD zephyr/lib/libc/picolibc/liblib__libc__picolibc.a
LOAD zephyr/lib/libc/common/liblib__libc__common.a
LOAD zephyr/soc/soc/nrf5340/libsoc__nordic.a
LOAD zephyr/subsys/usb/device/class/hid/libsubsys__usb__device__class__hid.a
LOAD zephyr/subsys/input/libsubsys__input.a
LOAD zephyr/drivers/usb/device/libdrivers__usb__device.a
LOAD zephyr/drivers/usb/common/nrf_usbd_common/libdrivers__usb__common__nrf_usbd_common.a
LOAD zephyr/drivers/clock_control/libdrivers__clock_control.a
LOAD zephyr/drivers/console/libdrivers__console.a
LOAD zephyr/drivers/gpio/libdrivers__gpio.a
LOAD zephyr/drivers/hwinfo/libdrivers__hwinfo.a
LOAD zephyr/drivers/i2s/libdrivers__i2s.a
LOAD zephyr/drivers/input/libdrivers__input.a
LOAD zephyr/drivers/pinctrl/libdrivers__pinctrl.a
LOAD zephyr/drivers/serial/libdrivers__serial.a
LOAD zephyr/drivers/timer/libdrivers__timer.a
LOAD modules/nrf/lib/fatal_error/lib..__nrf__lib__fatal_error.a
LOAD modules/nrf/drivers/hw_cc3xx/lib..__nrf__drivers__hw_cc3xx.a
LOAD modules/hal_nordic/modules/hal_nordic/nrfx/libmodules__hal_nordic__nrfx.a
LOAD zephyr/kernel/libkernel.a
LOAD zephyr/arch/common/libisr_tables.a
LOAD C:/ncs/v3.1.0/nrfxlib/crypto/nrf_cc312_platform/lib/cortex-m33/soft-float/no-interrupts/libnrf_cc312_platform_0.9.19.a
LOAD c:\ncs\toolchains\b8b84efebd\opt\zephyr-sdk\arm-zephyr-eabi\bin\../lib/gcc/../../picolibc/arm-zephyr-eabi/lib/thumb/v8-m.main/nofp\libc.a
LOAD c:/ncs/toolchains/b8b84efebd/opt/zephyr-sdk/arm-zephyr-eabi/bin/../lib/gcc/arm-zephyr-eabi/12.2.0/thumb/v8-m.main/nofp\libgcc.a
                0x0000000000000020                _region_min_align = 0x20

.rel.plt        0x0000000000000000        0x0
 *(SORT_BY_ALIGNMENT(.rel.plt))
                [!provide]                        PROVIDE (__rel_iplt_start = .)
 *(SORT_BY_ALIGNMENT(.rel.iplt))
 .rel.iplt      0x0000000000000000        0x0 app/libapp.a(main.c.obj)
                [!provide]                        PROVIDE (__rel_iplt_end = .)

.rela.plt       0x0000000000000000        0x0
 *(SORT_BY_ALIGNMENT(.rela.plt))
                [!provide]                        PROVIDE (__rela_iplt_start = .)
 *(SORT_BY_ALIGNMENT(.rela.iplt))
                [!provide]                        PROVIDE (__rela_iplt_end = .)

.rel.dyn
 *(SORT_BY_ALIGNMENT(.rel.*))

.rela.dyn
 *(SORT_BY_ALIGNMENT(.rela.*))

/DISCARD/
 *(SORT_BY_ALIGNMENT(.plt))

/DISCARD/
 *(SORT_BY_ALIGNMENT(.iplt))
                0x0000000000000000                __rom_region_start = 0x0

rom_start       0x0000000000000000      0x154
                0x0000000000000000                __rom_start_address = .
 FILL mask 0x00
                0x0000000000000000                . = (. + (0x0 - (. - __rom_start_address)))
                0x0000000000000000                . = ALIGN (0x4)
                0x0000000000000000                . = ALIGN (0x80)
                0x0000000000000000                . = ALIGN (0x200)
                0x0000000000000000                _vector_start = .
 *(SORT_BY_ALIGNMENT(.exc_vector_table))
 *(SORT_BY_ALIGNMENT(.exc_vector_table.*))
 .exc_vector_table._vector_table_section
                0x0000000000000000       0x40 zephyr/arch/arch/arm/core/cortex_m/libarch__arm__core__cortex_m.a(vector_table.S.obj)
                0x0000000000000000                _vector_table
 *(SORT_BY_ALIGNMENT(.vectors))
                0x0000000000000154                _vector_end = .
                0x0000000000000040                . = ALIGN (0x4)
 *(SORT_BY_ALIGNMENT(.gnu.linkonce.irq_vector_table*))
 .gnu.linkonce.irq_vector_table
                0x0000000000000040      0x114 zephyr/arch/common/libisr_tables.a(isr_tables.c.obj)
                0x0000000000000040                _irq_vector_table
                0x0000000000000154                _vector_end = .

text            0x0000000000000154     0xd32c
                0x0000000000000154                __text_region_start = .
 *(SORT_BY_ALIGNMENT(.text))
 .text          0x0000000000000154       0x30 c:/ncs/toolchains/b8b84efebd/opt/zephyr-sdk/arm-zephyr-eabi/bin/../lib/gcc/arm-zephyr-eabi/12.2.0/thumb/v8-m.main/nofp\libgcc.a(_aeabi_uldivmod.o)
                0x0000000000000154                __aeabi_uldivmod
 .text          0x0000000000000184        0x4 c:/ncs/toolchains/b8b84efebd/opt/zephyr-sdk/arm-zephyr-eabi/bin/../lib/gcc/arm-zephyr-eabi/12.2.0/thumb/v8-m.main/nofp\libgcc.a(_dvmd_tls.o)
                0x0000000000000184                __aeabi_idiv0
                0x0000000000000184                __aeabi_ldiv0
 .text          0x0000000000000188       0x14 c:\ncs\toolchains\b8b84efebd\opt\zephyr-sdk\arm-zephyr-eabi\bin\../lib/gcc/../../picolibc/arm-zephyr-eabi/lib/thumb/v8-m.main/nofp\libc.a(strcmp.S.o)
                0x0000000000000188                strcmp
 .text          0x000000000000019c       0x10 c:\ncs\toolchains\b8b84efebd\opt\zephyr-sdk\arm-zephyr-eabi\bin\../lib/gcc/../../picolibc/arm-zephyr-eabi/lib/thumb/v8-m.main/nofp\libc.a(strlen.S.o)
                0x000000000000019c                strlen
 .text          0x00000000000001ac      0x29c c:/ncs/toolchains/b8b84efebd/opt/zephyr-sdk/arm-zephyr-eabi/bin/../lib/gcc/arm-zephyr-eabi/12.2.0/thumb/v8-m.main/nofp\libgcc.a(_udivmoddi4.o)
                0x00000000000001ac                __udivmoddi4
 *(SORT_BY_ALIGNMENT(.text.*))
 .text.handle_key_event
                0x0000000000000448       0xc4 app/libapp.a(main.c.obj)
 .text.main     0x000000000000050c       0x68 app/libapp.a(main.c.obj)
                0x000000000000050c                main
 .text.ws2812_i2s_init
                0x0000000000000574       0x8c app/libapp.a(ws2812_i2s.c.obj)
 .text.ws2812_strip_update_rgb
                0x0000000000000600      0x134 app/libapp.a(ws2812_i2s.c.obj)
 .text.sys_heap_free
                0x0000000000000734       0x74 zephyr/libzephyr.a(heap.c.obj)
                0x0000000000000734                sys_heap_free
 .text.sys_heap_init
                0x00000000000007a8      0x10c zephyr/libzephyr.a(heap.c.obj)
                0x00000000000007a8                sys_heap_init
 .text.char_out
                0x00000000000008b4        0xc zephyr/libzephyr.a(printk.c.obj)
 .text.__printk_hook_install
                0x00000000000008c0        0xc zephyr/libzephyr.a(printk.c.obj)
                0x00000000000008c0                __printk_hook_install
 .text.vprintk  0x00000000000008cc       0x30 zephyr/libzephyr.a(printk.c.obj)
                0x00000000000008cc                vprintk
 .text.z_thread_entry
                0x00000000000008fc       0x34 zephyr/libzephyr.a(thread_entry.c.obj)
                0x00000000000008fc                z_thread_entry
 .text.sys_reboot
                0x0000000000000930       0x2c zephyr/libzephyr.a(reboot.c.obj)
                0x0000000000000930                sys_reboot
 .text.process_event
                0x000000000000095c      0x338 zephyr/libzephyr.a(onoff.c.obj)
 .text.transition_complete
                0x0000000000000c94       0x50 zephyr/libzephyr.a(onoff.c.obj)
 .text.onoff_request
                0x0000000000000ce4      0x108 zephyr/libzephyr.a(onoff.c.obj)
                0x0000000000000ce4                onoff_request
 .text.onoff_release
                0x0000000000000dec       0xac zephyr/libzephyr.a(onoff.c.obj)
                0x0000000000000dec                onoff_release
 .text.onoff_cancel
                0x0000000000000e98       0xac zephyr/libzephyr.a(onoff.c.obj)
                0x0000000000000e98                onoff_cancel
 .text.sys_notify_finalize
                0x0000000000000f44       0x38 zephyr/libzephyr.a(notify.c.obj)
                0x0000000000000f44                sys_notify_finalize
 .text.mem_attr_get_regions
                0x0000000000000f7c        0xc zephyr/libzephyr.a(mem_attr.c.obj)
                0x0000000000000f7c                mem_attr_get_regions
 .text.custom_handler
                0x0000000000000f88       0x84 zephyr/libzephyr.a(usb_device.c.obj)
 .text.class_handler
                0x000000000000100c       0x68 zephyr/libzephyr.a(usb_device.c.obj)
 .text.usb_reset_alt_setting
                0x0000000000001074       0x10 zephyr/libzephyr.a(usb_device.c.obj)
 .text.get_ep_bm_from_addr
                0x0000000000001084       0x30 zephyr/libzephyr.a(usb_device.c.obj)
 .text.disable_endpoint
                0x00000000000010b4       0x50 zephyr/libzephyr.a(usb_device.c.obj)
 .text.vendor_handler
                0x0000000000001104       0x5c zephyr/libzephyr.a(usb_device.c.obj)
 .text.is_ep_valid
                0x0000000000001160       0x5c zephyr/libzephyr.a(usb_device.c.obj)
 .text.usb_halt_endpoint_req
                0x00000000000011bc       0x78 zephyr/libzephyr.a(usb_device.c.obj)
 .text.usb_handle_request.constprop.0
                0x0000000000001234       0x2c zephyr/libzephyr.a(usb_device.c.obj)
 .text.forward_status_cb
                0x0000000000001260       0xe4 zephyr/libzephyr.a(usb_device.c.obj)
 .text.set_endpoint
                0x0000000000001344       0xc4 zephyr/libzephyr.a(usb_device.c.obj)
 .text.usb_handle_standard_request
                0x0000000000001408      0x2f4 zephyr/libzephyr.a(usb_device.c.obj)
 .text.usb_write
                0x00000000000016fc       0x44 zephyr/libzephyr.a(usb_device.c.obj)
                0x00000000000016fc                usb_write
 .text.usb_data_to_host
                0x0000000000001740       0x60 zephyr/libzephyr.a(usb_device.c.obj)
 .text.usb_handle_control_transfer
                0x00000000000017a0      0x10c zephyr/libzephyr.a(usb_device.c.obj)
 .text.usb_set_config
                0x00000000000018ac       0x2c zephyr/libzephyr.a(usb_device.c.obj)
                0x00000000000018ac                usb_set_config
 .text.usb_enable
                0x00000000000018d8      0x178 zephyr/libzephyr.a(usb_device.c.obj)
                0x00000000000018d8                usb_enable
 .text.usb_update_sn_string_descriptor
                0x0000000000001a50       0x88 zephyr/libzephyr.a(usb_descriptor.c.obj)
                0x0000000000001a50                usb_update_sn_string_descriptor
 .text.usb_get_device_descriptor
                0x0000000000001ad8      0x278 zephyr/libzephyr.a(usb_descriptor.c.obj)
                0x0000000000001ad8                usb_get_device_descriptor
 .text.usb_ep_get_transfer
                0x0000000000001d50       0x2c zephyr/libzephyr.a(usb_transfer.c.obj)
 .text.usb_transfer_work
                0x0000000000001d7c      0x110 zephyr/libzephyr.a(usb_transfer.c.obj)
 .text.usb_cancel_transfer
                0x0000000000001e8c       0x3c zephyr/libzephyr.a(usb_transfer.c.obj)
                0x0000000000001e8c                usb_cancel_transfer
 .text.usb_cancel_transfers
                0x0000000000001ec8       0x44 zephyr/libzephyr.a(usb_transfer.c.obj)
                0x0000000000001ec8                usb_cancel_transfers
 .text.usb_transfer_init
                0x0000000000001f0c       0x34 zephyr/libzephyr.a(usb_transfer.c.obj)
                0x0000000000001f0c                usb_transfer_init
 .text.boot_banner
                0x0000000000001f40       0x1c zephyr/libzephyr.a(banner.c.obj)
                0x0000000000001f40                boot_banner
 .text.nrf_cc3xx_platform_abort_init
                0x0000000000001f5c        0xc zephyr/libzephyr.a(nrf_cc3xx_platform_abort_zephyr.c.obj)
                0x0000000000001f5c                nrf_cc3xx_platform_abort_init
 .text.mutex_free_platform
                0x0000000000001f68       0x54 zephyr/libzephyr.a(nrf_cc3xx_platform_mutex_zephyr.c.obj)
 .text.mutex_lock_platform
                0x0000000000001fbc       0x74 zephyr/libzephyr.a(nrf_cc3xx_platform_mutex_zephyr.c.obj)
 .text.mutex_unlock_platform
                0x0000000000002030       0x68 zephyr/libzephyr.a(nrf_cc3xx_platform_mutex_zephyr.c.obj)
 .text.mutex_init_platform
                0x0000000000002098       0x94 zephyr/libzephyr.a(nrf_cc3xx_platform_mutex_zephyr.c.obj)
 .text.nrf_cc3xx_platform_mutex_init
                0x000000000000212c       0x2c zephyr/libzephyr.a(nrf_cc3xx_platform_mutex_zephyr.c.obj)
                0x000000000000212c                nrf_cc3xx_platform_mutex_init
 .text.z_arm_fatal_error
                0x0000000000002158       0x70 zephyr/arch/arch/arm/core/libarch__arm__core.a(fatal.c.obj)
                0x0000000000002158                z_arm_fatal_error
 .text.z_SysNmiOnReset
                0x00000000000021c8        0x8 zephyr/arch/arch/arm/core/libarch__arm__core.a(nmi_on_reset.S.obj)
                0x00000000000021c8                z_SysNmiOnReset
 .text.arch_tls_stack_setup
                0x00000000000021d0       0x40 zephyr/arch/arch/arm/core/libarch__arm__core.a(tls.c.obj)
                0x00000000000021d0                arch_tls_stack_setup
 .text._HandlerModeExit
                0x0000000000002210       0x20 zephyr/arch/arch/arm/core/cortex_m/libarch__arm__core__cortex_m.a(exc_exit.c.obj)
                0x0000000000002210                z_arm_int_exit
                0x0000000000002210                z_arm_exc_exit
 .text.usage_fault.constprop.0
                0x0000000000002230       0xb8 zephyr/arch/arch/arm/core/cortex_m/libarch__arm__core__cortex_m.a(fault.c.obj)
 .text.bus_fault.constprop.0
                0x00000000000022e8       0xc8 zephyr/arch/arch/arm/core/cortex_m/libarch__arm__core__cortex_m.a(fault.c.obj)
 .text.mem_manage_fault.constprop.0
                0x00000000000023b0       0xf4 zephyr/arch/arch/arm/core/cortex_m/libarch__arm__core__cortex_m.a(fault.c.obj)
 .text.z_arm_fault
                0x00000000000024a4      0x1e8 zephyr/arch/arch/arm/core/cortex_m/libarch__arm__core__cortex_m.a(fault.c.obj)
                0x00000000000024a4                z_arm_fault
 .text.z_arm_fault_init
                0x000000000000268c       0x20 zephyr/arch/arch/arm/core/cortex_m/libarch__arm__core__cortex_m.a(fault.c.obj)
                0x000000000000268c                z_arm_fault_init
 .text.__fault  0x00000000000026ac       0x14 zephyr/arch/arch/arm/core/cortex_m/libarch__arm__core__cortex_m.a(fault_s.S.obj)
                0x00000000000026ac                z_arm_usage_fault
                0x00000000000026ac                z_arm_mpu_fault
                0x00000000000026ac                z_arm_exc_spurious
                0x00000000000026ac                z_arm_debug_monitor
                0x00000000000026ac                z_arm_hard_fault
                0x00000000000026ac                z_arm_bus_fault
 .text._reset_section
                0x00000000000026c0       0x60 zephyr/arch/arch/arm/core/cortex_m/libarch__arm__core__cortex_m.a(reset.S.obj)
                0x00000000000026c0                __start
                0x00000000000026c0                z_arm_reset
 .text.z_arm_clear_arm_mpu_config
                0x0000000000002720       0x24 zephyr/arch/arch/arm/core/cortex_m/libarch__arm__core__cortex_m.a(scb.c.obj)
                0x0000000000002720                z_arm_clear_arm_mpu_config
 .text.z_arm_init_arch_hw_at_boot
                0x0000000000002744       0x4c zephyr/arch/arch/arm/core/cortex_m/libarch__arm__core__cortex_m.a(scb.c.obj)
                0x0000000000002744                z_arm_init_arch_hw_at_boot
 .text.z_impl_k_thread_abort
                0x0000000000002790       0x2c zephyr/arch/arch/arm/core/cortex_m/libarch__arm__core__cortex_m.a(thread_abort.c.obj)
                0x0000000000002790                z_impl_k_thread_abort
 .text.z_arm_pendsv
                0x00000000000027bc       0x60 zephyr/arch/arch/arm/core/cortex_m/libarch__arm__core__cortex_m.a(swap_helper.S.obj)
                0x00000000000027bc                z_arm_pendsv
 .text.z_arm_svc
                0x000000000000281c       0x24 zephyr/arch/arch/arm/core/cortex_m/libarch__arm__core__cortex_m.a(swap_helper.S.obj)
                0x000000000000281c                z_arm_svc
 .text.arm_irq_enable
                0x0000000000002840       0x1c zephyr/arch/arch/arm/core/cortex_m/libarch__arm__core__cortex_m.a(irq_manage.c.obj)
                0x0000000000002840                arm_irq_enable
 .text.arm_irq_disable
                0x000000000000285c       0x28 zephyr/arch/arch/arm/core/cortex_m/libarch__arm__core__cortex_m.a(irq_manage.c.obj)
                0x000000000000285c                arm_irq_disable
 .text.arm_irq_is_enabled
                0x0000000000002884       0x1c zephyr/arch/arch/arm/core/cortex_m/libarch__arm__core__cortex_m.a(irq_manage.c.obj)
                0x0000000000002884                arm_irq_is_enabled
 .text.arm_irq_priority_set
                0x00000000000028a0       0x4c zephyr/arch/arch/arm/core/cortex_m/libarch__arm__core__cortex_m.a(irq_manage.c.obj)
                0x00000000000028a0                arm_irq_priority_set
 .text.relocate_vector_table
                0x00000000000028ec       0x1c zephyr/arch/arch/arm/core/cortex_m/libarch__arm__core__cortex_m.a(prep_c.c.obj)
                0x00000000000028ec                relocate_vector_table
 .text.z_prep_c
                0x0000000000002908       0x28 zephyr/arch/arch/arm/core/cortex_m/libarch__arm__core__cortex_m.a(prep_c.c.obj)
                0x0000000000002908                z_prep_c
 .text.arch_new_thread
                0x0000000000002930       0x38 zephyr/arch/arch/arm/core/cortex_m/libarch__arm__core__cortex_m.a(thread.c.obj)
                0x0000000000002930                arch_new_thread
 .text.arch_switch_to_main_thread
                0x0000000000002968       0x40 zephyr/arch/arch/arm/core/cortex_m/libarch__arm__core__cortex_m.a(thread.c.obj)
                0x0000000000002968                arch_switch_to_main_thread
 .text.z_arm_cpu_idle_init
                0x00000000000029a8        0xc zephyr/arch/arch/arm/core/cortex_m/libarch__arm__core__cortex_m.a(cpu_idle.c.obj)
                0x00000000000029a8                z_arm_cpu_idle_init
 .text.z_arm_interrupt_init
                0x00000000000029b4       0x18 zephyr/arch/arch/arm/core/cortex_m/libarch__arm__core__cortex_m.a(irq_init.c.obj)
                0x00000000000029b4                z_arm_interrupt_init
 .text._isr_wrapper
                0x00000000000029cc       0x24 zephyr/arch/arch/arm/core/cortex_m/libarch__arm__core__cortex_m.a(isr_wrapper.c.obj)
                0x00000000000029cc                _isr_wrapper
 .text.z_arm_configure_static_mpu_regions
                0x00000000000029f0       0x38 zephyr/arch/arch/arm/core/mpu/libarch__arm__core__mpu.a(arm_core_mpu.c.obj)
                0x00000000000029f0                z_arm_configure_static_mpu_regions
 .text.region_init
                0x0000000000002a28       0x34 zephyr/arch/arch/arm/core/mpu/libarch__arm__core__mpu.a(arm_mpu.c.obj)
 .text.region_allocate_and_init
                0x0000000000002a5c       0x34 zephyr/arch/arch/arm/core/mpu/libarch__arm__core__mpu.a(arm_mpu.c.obj)
 .text.mpu_configure_regions_and_partition.constprop.0
                0x0000000000002a90      0x160 zephyr/arch/arch/arm/core/mpu/libarch__arm__core__mpu.a(arm_mpu.c.obj)
 .text.arm_core_mpu_enable
                0x0000000000002bf0       0x18 zephyr/arch/arch/arm/core/mpu/libarch__arm__core__mpu.a(arm_mpu.c.obj)
                0x0000000000002bf0                arm_core_mpu_enable
 .text.arm_core_mpu_disable
                0x0000000000002c08       0x14 zephyr/arch/arch/arm/core/mpu/libarch__arm__core__mpu.a(arm_mpu.c.obj)
                0x0000000000002c08                arm_core_mpu_disable
 .text.arm_core_mpu_configure_static_mpu_regions
                0x0000000000002c1c       0x34 zephyr/arch/arch/arm/core/mpu/libarch__arm__core__mpu.a(arm_mpu.c.obj)
                0x0000000000002c1c                arm_core_mpu_configure_static_mpu_regions
 .text.arm_core_mpu_mark_areas_for_dynamic_regions
                0x0000000000002c50       0xd4 zephyr/arch/arch/arm/core/mpu/libarch__arm__core__mpu.a(arm_mpu.c.obj)
                0x0000000000002c50                arm_core_mpu_mark_areas_for_dynamic_regions
 .text.z_arm_mpu_init
                0x0000000000002d24      0x15c zephyr/arch/arch/arm/core/mpu/libarch__arm__core__mpu.a(arm_mpu.c.obj)
                0x0000000000002d24                z_arm_mpu_init
 .text.z_impl_zephyr_fputc
                0x0000000000002e80       0x10 zephyr/lib/libc/picolibc/liblib__libc__picolibc.a(stdio.c.obj)
                0x0000000000002e80                z_impl_zephyr_fputc
 .text.__stdout_hook_install
                0x0000000000002e90       0x18 zephyr/lib/libc/picolibc/liblib__libc__picolibc.a(stdio.c.obj)
                0x0000000000002e90                __stdout_hook_install
 .text.malloc_prepare
                0x0000000000002ea8       0x24 zephyr/lib/libc/common/liblib__libc__common.a(malloc.c.obj)
 .text.nrf_gpio_pin_control_select.constprop.0
                0x0000000000002ecc       0x1c zephyr/soc/soc/nrf5340/libsoc__nordic.a(soc.c.obj)
 .text.z_arm_on_enter_cpu_idle
                0x0000000000002ee8       0x64 zephyr/soc/soc/nrf5340/libsoc__nordic.a(soc.c.obj)
                0x0000000000002ee8                z_arm_on_enter_cpu_idle
 .text.soc_early_init_hook
                0x0000000000002f4c       0x58 zephyr/soc/soc/nrf5340/libsoc__nordic.a(soc.c.obj)
                0x0000000000002f4c                soc_early_init_hook
 .text.soc_late_init_hook
                0x0000000000002fa4       0x78 zephyr/soc/soc/nrf5340/libsoc__nordic.a(soc.c.obj)
                0x0000000000002fa4                soc_late_init_hook
 .text.arch_busy_wait
                0x000000000000301c       0x24 zephyr/soc/soc/nrf5340/libsoc__nordic.a(soc.c.obj)
                0x000000000000301c                arch_busy_wait
 .text.assign_pins
                0x0000000000003040       0x80 zephyr/soc/soc/nrf5340/libsoc__nordic.a(nrf53_cpunet_mgmt.c.obj)
 .text.onoff_start
                0x00000000000030c0       0x70 zephyr/soc/soc/nrf5340/libsoc__nordic.a(nrf53_cpunet_mgmt.c.obj)
 .text.nrf53_cpunet_mgmt_init
                0x0000000000003130       0x10 zephyr/soc/soc/nrf5340/libsoc__nordic.a(nrf53_cpunet_mgmt.c.obj)
                0x0000000000003130                nrf53_cpunet_mgmt_init
 .text.sys_arch_reboot
                0x0000000000003140       0x24 zephyr/soc/soc/nrf5340/libsoc__nordic.a(reboot.c.obj)
                0x0000000000003140                sys_arch_reboot
 .text.hid_custom_handle_req
                0x0000000000003164       0x90 zephyr/subsys/usb/device/class/hid/libsubsys__usb__device__class__hid.a(core.c.obj)
 .text.hid_class_handle_req
                0x00000000000031f4       0xdc zephyr/subsys/usb/device/class/hid/libsubsys__usb__device__class__hid.a(core.c.obj)
 .text.hid_int_in
                0x00000000000032d0       0x40 zephyr/subsys/usb/device/class/hid/libsubsys__usb__device__class__hid.a(core.c.obj)
 .text.hid_status_cb
                0x0000000000003310       0xf8 zephyr/subsys/usb/device/class/hid/libsubsys__usb__device__class__hid.a(core.c.obj)
 .text.usb_hid_register_device
                0x0000000000003408       0x2c zephyr/subsys/usb/device/class/hid/libsubsys__usb__device__class__hid.a(core.c.obj)
                0x0000000000003408                usb_hid_register_device
 .text.hid_int_ep_write
                0x0000000000003434       0x2c zephyr/subsys/usb/device/class/hid/libsubsys__usb__device__class__hid.a(core.c.obj)
                0x0000000000003434                hid_int_ep_write
 .text.input_thread
                0x0000000000003460       0x70 zephyr/subsys/input/libsubsys__input.a(input.c.obj)
 .text.input_report
                0x00000000000034d0       0x6c zephyr/subsys/input/libsubsys__input.a(input.c.obj)
                0x00000000000034d0                input_report
 .text.input_to_hid_code
                0x000000000000353c       0x18 zephyr/subsys/input/libsubsys__input.a(input_hid.c.obj)
                0x000000000000353c                input_to_hid_code
 .text.keymap_init
                0x0000000000003554       0x24 zephyr/subsys/input/libsubsys__input.a(input_keymap.c.obj)
 .text.keymap_cb
                0x0000000000003578       0x80 zephyr/subsys/input/libsubsys__input.a(input_keymap.c.obj)
 .text.endpoint_ctx
                0x00000000000035f8       0x60 zephyr/drivers/usb/device/libdrivers__usb__device.a(usb_dc_nrfx.c.obj)
 .text.usbd_work_schedule
                0x0000000000003658       0x10 zephyr/drivers/usb/device/libdrivers__usb__device.a(usb_dc_nrfx.c.obj)
 .text.usbd_evt_put
                0x0000000000003668        0xc zephyr/drivers/usb/device/libdrivers__usb__device.a(usb_dc_nrfx.c.obj)
 .text.hfxo_stop.constprop.0
                0x0000000000003674       0x40 zephyr/drivers/usb/device/libdrivers__usb__device.a(usb_dc_nrfx.c.obj)
 .text.usbd_evt_get
                0x00000000000036b4       0x10 zephyr/drivers/usb/device/libdrivers__usb__device.a(usb_dc_nrfx.c.obj)
 .text.usb_init
                0x00000000000036c4       0x78 zephyr/drivers/usb/device/libdrivers__usb__device.a(usb_dc_nrfx.c.obj)
 .text.eps_ctx_init
                0x000000000000373c       0x9c zephyr/drivers/usb/device/libdrivers__usb__device.a(usb_dc_nrfx.c.obj)
 .text.usbd_evt_flush
                0x00000000000037d8       0x1c zephyr/drivers/usb/device/libdrivers__usb__device.a(usb_dc_nrfx.c.obj)
 .text.usbd_evt_alloc
                0x00000000000037f4       0x7c zephyr/drivers/usb/device/libdrivers__usb__device.a(usb_dc_nrfx.c.obj)
 .text.usb_dc_power_event_handler
                0x0000000000003870       0x48 zephyr/drivers/usb/device/libdrivers__usb__device.a(usb_dc_nrfx.c.obj)
 .text.usbd_event_transfer_data
                0x00000000000038b8       0xc0 zephyr/drivers/usb/device/libdrivers__usb__device.a(usb_dc_nrfx.c.obj)
 .text.usbd_event_handler
                0x0000000000003978      0x164 zephyr/drivers/usb/device/libdrivers__usb__device.a(usb_dc_nrfx.c.obj)
 .text.usbd_work_handler
                0x0000000000003adc      0x3f0 zephyr/drivers/usb/device/libdrivers__usb__device.a(usb_dc_nrfx.c.obj)
 .text.usb_dc_attach
                0x0000000000003ecc       0x64 zephyr/drivers/usb/device/libdrivers__usb__device.a(usb_dc_nrfx.c.obj)
                0x0000000000003ecc                usb_dc_attach
 .text.usb_dc_set_address
                0x0000000000003f30       0x4c zephyr/drivers/usb/device/libdrivers__usb__device.a(usb_dc_nrfx.c.obj)
                0x0000000000003f30                usb_dc_set_address
 .text.usb_dc_ep_check_cap
                0x0000000000003f7c       0x54 zephyr/drivers/usb/device/libdrivers__usb__device.a(usb_dc_nrfx.c.obj)
                0x0000000000003f7c                usb_dc_ep_check_cap
 .text.usb_dc_ep_configure
                0x0000000000003fd0       0x54 zephyr/drivers/usb/device/libdrivers__usb__device.a(usb_dc_nrfx.c.obj)
                0x0000000000003fd0                usb_dc_ep_configure
 .text.usb_dc_ep_set_stall
                0x0000000000004024       0x60 zephyr/drivers/usb/device/libdrivers__usb__device.a(usb_dc_nrfx.c.obj)
                0x0000000000004024                usb_dc_ep_set_stall
 .text.usb_dc_ep_clear_stall
                0x0000000000004084       0x40 zephyr/drivers/usb/device/libdrivers__usb__device.a(usb_dc_nrfx.c.obj)
                0x0000000000004084                usb_dc_ep_clear_stall
 .text.usb_dc_ep_is_stalled
                0x00000000000040c4       0x38 zephyr/drivers/usb/device/libdrivers__usb__device.a(usb_dc_nrfx.c.obj)
                0x00000000000040c4                usb_dc_ep_is_stalled
 .text.usb_dc_ep_enable
                0x00000000000040fc       0x54 zephyr/drivers/usb/device/libdrivers__usb__device.a(usb_dc_nrfx.c.obj)
                0x00000000000040fc                usb_dc_ep_enable
 .text.usb_dc_ep_write
                0x0000000000004150      0x10c zephyr/drivers/usb/device/libdrivers__usb__device.a(usb_dc_nrfx.c.obj)
                0x0000000000004150                usb_dc_ep_write
 .text.usb_dc_ep_read_wait
                0x000000000000425c       0xac zephyr/drivers/usb/device/libdrivers__usb__device.a(usb_dc_nrfx.c.obj)
                0x000000000000425c                usb_dc_ep_read_wait
 .text.usb_dc_ep_read_continue
                0x0000000000004308       0x94 zephyr/drivers/usb/device/libdrivers__usb__device.a(usb_dc_nrfx.c.obj)
                0x0000000000004308                usb_dc_ep_read_continue
 .text.usb_dc_ep_set_callback
                0x000000000000439c       0x28 zephyr/drivers/usb/device/libdrivers__usb__device.a(usb_dc_nrfx.c.obj)
                0x000000000000439c                usb_dc_ep_set_callback
 .text.usb_dc_set_status_callback
                0x00000000000043c4        0xc zephyr/drivers/usb/device/libdrivers__usb__device.a(usb_dc_nrfx.c.obj)
                0x00000000000043c4                usb_dc_set_status_callback
 .text.usb_dc_ep_mps
                0x00000000000043d0       0x24 zephyr/drivers/usb/device/libdrivers__usb__device.a(usb_dc_nrfx.c.obj)
                0x00000000000043d0                usb_dc_ep_mps
 .text.ep_state_access
                0x00000000000043f4       0x44 zephyr/drivers/usb/common/nrf_usbd_common/libdrivers__usb__common__nrf_usbd_common.a(nrf_usbd_common.c.obj)
 .text.ep2bit   0x0000000000004438       0x34 zephyr/drivers/usb/common/nrf_usbd_common/libdrivers__usb__common__nrf_usbd_common.a(nrf_usbd_common.c.obj)
 .text.nrf_usbd_common_uninit
                0x000000000000446c       0x3c zephyr/drivers/usb/common/nrf_usbd_common/libdrivers__usb__common__nrf_usbd_common.a(nrf_usbd_common.c.obj)
                0x000000000000446c                nrf_usbd_common_uninit
 .text.nrf_usbd_common_enable
                0x00000000000044a8       0xa4 zephyr/drivers/usb/common/nrf_usbd_common/libdrivers__usb__common__nrf_usbd_common.a(nrf_usbd_common.c.obj)
                0x00000000000044a8                nrf_usbd_common_enable
 .text.nrf_usbd_common_start
                0x000000000000454c       0x60 zephyr/drivers/usb/common/nrf_usbd_common/libdrivers__usb__common__nrf_usbd_common.a(nrf_usbd_common.c.obj)
                0x000000000000454c                nrf_usbd_common_start
 .text.nrf_usbd_common_is_enabled
                0x00000000000045ac       0x14 zephyr/drivers/usb/common/nrf_usbd_common/libdrivers__usb__common__nrf_usbd_common.a(nrf_usbd_common.c.obj)
                0x00000000000045ac                nrf_usbd_common_is_enabled
 .text.nrf_usbd_common_suspend
                0x00000000000045c0       0x6c zephyr/drivers/usb/common/nrf_usbd_common/libdrivers__usb__common__nrf_usbd_common.a(nrf_usbd_common.c.obj)
                0x00000000000045c0                nrf_usbd_common_suspend
 .text.nrf_usbd_common_ep_max_packet_size_set
                0x000000000000462c       0x8c zephyr/drivers/usb/common/nrf_usbd_common/libdrivers__usb__common__nrf_usbd_common.a(nrf_usbd_common.c.obj)
                0x000000000000462c                nrf_usbd_common_ep_max_packet_size_set
 .text.nrf_usbd_common_init
                0x00000000000046b8       0xa4 zephyr/drivers/usb/common/nrf_usbd_common/libdrivers__usb__common__nrf_usbd_common.a(nrf_usbd_common.c.obj)
                0x00000000000046b8                nrf_usbd_common_init
 .text.nrf_usbd_common_ep_enable_check
                0x000000000000475c       0x4c zephyr/drivers/usb/common/nrf_usbd_common/libdrivers__usb__common__nrf_usbd_common.a(nrf_usbd_common.c.obj)
                0x000000000000475c                nrf_usbd_common_ep_enable_check
 .text.nrf_usbd_common_ep_transfer
                0x00000000000047a8       0xe0 zephyr/drivers/usb/common/nrf_usbd_common/libdrivers__usb__common__nrf_usbd_common.a(nrf_usbd_common.c.obj)
                0x00000000000047a8                nrf_usbd_common_ep_transfer
 .text.nrf_usbd_common_epout_size_get
                0x0000000000004888       0x28 zephyr/drivers/usb/common/nrf_usbd_common/libdrivers__usb__common__nrf_usbd_common.a(nrf_usbd_common.c.obj)
                0x0000000000004888                nrf_usbd_common_epout_size_get
 .text.nrf_usbd_common_irq_handler
                0x00000000000048b0      0x584 zephyr/drivers/usb/common/nrf_usbd_common/libdrivers__usb__common__nrf_usbd_common.a(nrf_usbd_common.c.obj)
                0x00000000000048b0                nrf_usbd_common_irq_handler
 .text.nrf_usbd_common_ep_stall
                0x0000000000004e34       0x34 zephyr/drivers/usb/common/nrf_usbd_common/libdrivers__usb__common__nrf_usbd_common.a(nrf_usbd_common.c.obj)
                0x0000000000004e34                nrf_usbd_common_ep_stall
 .text.nrf_usbd_common_ep_stall_check
                0x0000000000004e68       0x34 zephyr/drivers/usb/common/nrf_usbd_common/libdrivers__usb__common__nrf_usbd_common.a(nrf_usbd_common.c.obj)
                0x0000000000004e68                nrf_usbd_common_ep_stall_check
 .text.nrf_usbd_common_ep_dtoggle_clear
                0x0000000000004e9c       0x38 zephyr/drivers/usb/common/nrf_usbd_common/libdrivers__usb__common__nrf_usbd_common.a(nrf_usbd_common.c.obj)
                0x0000000000004e9c                nrf_usbd_common_ep_dtoggle_clear
 .text.nrf_usbd_common_setup_get
                0x0000000000004ed4       0x44 zephyr/drivers/usb/common/nrf_usbd_common/libdrivers__usb__common__nrf_usbd_common.a(nrf_usbd_common.c.obj)
                0x0000000000004ed4                nrf_usbd_common_setup_get
 .text.nrf_usbd_common_setup_data_clear
                0x0000000000004f18        0xc zephyr/drivers/usb/common/nrf_usbd_common/libdrivers__usb__common__nrf_usbd_common.a(nrf_usbd_common.c.obj)
                0x0000000000004f18                nrf_usbd_common_setup_data_clear
 .text.nrf_usbd_common_setup_clear
                0x0000000000004f24        0xc zephyr/drivers/usb/common/nrf_usbd_common/libdrivers__usb__common__nrf_usbd_common.a(nrf_usbd_common.c.obj)
                0x0000000000004f24                nrf_usbd_common_setup_clear
 .text.nrf_usbd_common_setup_stall
                0x0000000000004f30        0xc zephyr/drivers/usb/common/nrf_usbd_common/libdrivers__usb__common__nrf_usbd_common.a(nrf_usbd_common.c.obj)
                0x0000000000004f30                nrf_usbd_common_setup_stall
 .text.nrf_usbd_common_last_setup_dir_get
                0x0000000000004f3c        0xc zephyr/drivers/usb/common/nrf_usbd_common/libdrivers__usb__common__nrf_usbd_common.a(nrf_usbd_common.c.obj)
                0x0000000000004f3c                nrf_usbd_common_last_setup_dir_get
 .text.nrf_usbd_common_transfer_out_drop
                0x0000000000004f48       0x70 zephyr/drivers/usb/common/nrf_usbd_common/libdrivers__usb__common__nrf_usbd_common.a(nrf_usbd_common.c.obj)
                0x0000000000004f48                nrf_usbd_common_transfer_out_drop
 .text.usbd_ep_abort
                0x0000000000004fb8      0x134 zephyr/drivers/usb/common/nrf_usbd_common/libdrivers__usb__common__nrf_usbd_common.a(nrf_usbd_common.c.obj)
 .text.nrf_usbd_common_ep_abort
                0x00000000000050ec       0x34 zephyr/drivers/usb/common/nrf_usbd_common/libdrivers__usb__common__nrf_usbd_common.a(nrf_usbd_common.c.obj)
                0x00000000000050ec                nrf_usbd_common_ep_abort
 .text.nrf_usbd_common_disable
                0x0000000000005120      0x110 zephyr/drivers/usb/common/nrf_usbd_common/libdrivers__usb__common__nrf_usbd_common.a(nrf_usbd_common.c.obj)
                0x0000000000005120                nrf_usbd_common_disable
 .text.nrf_usbd_common_ep_disable
                0x0000000000005230       0x60 zephyr/drivers/usb/common/nrf_usbd_common/libdrivers__usb__common__nrf_usbd_common.a(nrf_usbd_common.c.obj)
                0x0000000000005230                nrf_usbd_common_ep_disable
 .text.nrf_usbd_common_ep_enable
                0x0000000000005290       0x70 zephyr/drivers/usb/common/nrf_usbd_common/libdrivers__usb__common__nrf_usbd_common.a(nrf_usbd_common.c.obj)
                0x0000000000005290                nrf_usbd_common_ep_enable
 .text.nrf_usbd_common_ep_stall_clear
                0x0000000000005300       0x44 zephyr/drivers/usb/common/nrf_usbd_common/libdrivers__usb__common__nrf_usbd_common.a(nrf_usbd_common.c.obj)
                0x0000000000005300                nrf_usbd_common_ep_stall_clear
 .text.onoff_start
                0x0000000000005344       0x3c zephyr/drivers/clock_control/libdrivers__clock_control.a(clock_control_nrf.c.obj)
 .text.get_status
                0x0000000000005380       0x34 zephyr/drivers/clock_control/libdrivers__clock_control.a(clock_control_nrf.c.obj)
 .text.stop     0x00000000000053b4       0x78 zephyr/drivers/clock_control/libdrivers__clock_control.a(clock_control_nrf.c.obj)
 .text.onoff_stop
                0x000000000000542c       0x28 zephyr/drivers/clock_control/libdrivers__clock_control.a(clock_control_nrf.c.obj)
 .text.clk_init
                0x0000000000005454       0x64 zephyr/drivers/clock_control/libdrivers__clock_control.a(clock_control_nrf.c.obj)
 .text.api_blocking_start
                0x00000000000054b8       0x34 zephyr/drivers/clock_control/libdrivers__clock_control.a(clock_control_nrf.c.obj)
 .text.generic_hfclk_stop
                0x00000000000054ec       0x34 zephyr/drivers/clock_control/libdrivers__clock_control.a(clock_control_nrf.c.obj)
 .text.clkstarted_handle.constprop.0
                0x0000000000005520       0x54 zephyr/drivers/clock_control/libdrivers__clock_control.a(clock_control_nrf.c.obj)
 .text.clock_event_handler
                0x0000000000005574       0x6c zephyr/drivers/clock_control/libdrivers__clock_control.a(clock_control_nrf.c.obj)
 .text.generic_hfclk_start
                0x00000000000055e0       0x7c zephyr/drivers/clock_control/libdrivers__clock_control.a(clock_control_nrf.c.obj)
 .text.z_nrf_clock_control_get_onoff
                0x000000000000565c       0x10 zephyr/drivers/clock_control/libdrivers__clock_control.a(clock_control_nrf.c.obj)
                0x000000000000565c                z_nrf_clock_control_get_onoff
 .text.z_nrf_clock_control_lf_on
                0x000000000000566c      0x130 zephyr/drivers/clock_control/libdrivers__clock_control.a(clock_control_nrf.c.obj)
                0x000000000000566c                z_nrf_clock_control_lf_on
 .text.uart_console_init
                0x000000000000579c       0x28 zephyr/drivers/console/libdrivers__console.a(uart_console.c.obj)
 .text.console_out
                0x00000000000057c4       0x28 zephyr/drivers/console/libdrivers__console.a(uart_console.c.obj)
 .text.gpio_nrfx_manage_callback
                0x00000000000057ec       0x80 zephyr/drivers/gpio/libdrivers__gpio.a(gpio_nrfx.c.obj)
 .text.nrf_gpio_pin_port_decode
                0x000000000000586c       0x58 zephyr/drivers/gpio/libdrivers__gpio.a(gpio_nrfx.c.obj)
 .text.gpio_nrfx_pin_interrupt_configure
                0x00000000000058c4      0x120 zephyr/drivers/gpio/libdrivers__gpio.a(gpio_nrfx.c.obj)
 .text.gpio_nrfx_pin_configure
                0x00000000000059e4      0x194 zephyr/drivers/gpio/libdrivers__gpio.a(gpio_nrfx.c.obj)
 .text.nrfx_gpio_handler
                0x0000000000005b78       0x68 zephyr/drivers/gpio/libdrivers__gpio.a(gpio_nrfx.c.obj)
 .text.gpio_nrfx_init
                0x0000000000005be0       0x48 zephyr/drivers/gpio/libdrivers__gpio.a(gpio_nrfx.c.obj)
 .text.get_next_rx_buffer
                0x0000000000005c28       0x28 zephyr/drivers/i2s/libdrivers__i2s.a(i2s_nrfx.c.obj)
 .text.start_transfer
                0x0000000000005c50       0xc4 zephyr/drivers/i2s/libdrivers__i2s.a(i2s_nrfx.c.obj)
 .text.i2s_nrfx_init0
                0x0000000000005d14       0x88 zephyr/drivers/i2s/libdrivers__i2s.a(i2s_nrfx.c.obj)
 .text.i2s_nrfx_write
                0x0000000000005d9c       0xd8 zephyr/drivers/i2s/libdrivers__i2s.a(i2s_nrfx.c.obj)
 .text.data_handler0
                0x0000000000005e74      0x1a0 zephyr/drivers/i2s/libdrivers__i2s.a(i2s_nrfx.c.obj)
 .text.i2s_nrfx_configure
                0x0000000000006014      0x358 zephyr/drivers/i2s/libdrivers__i2s.a(i2s_nrfx.c.obj)
 .text.i2s_nrfx_trigger
                0x000000000000636c      0x1c8 zephyr/drivers/i2s/libdrivers__i2s.a(i2s_nrfx.c.obj)
 .text.i2s_nrfx_read
                0x0000000000006534       0x80 zephyr/drivers/i2s/libdrivers__i2s.a(i2s_nrfx.c.obj)
 .text.gpio_kbd_matrix_cb_0
                0x00000000000065b4        0xc zephyr/drivers/input/libdrivers__input.a(input_gpio_kbd_matrix.c.obj)
 .text.gpio_pin_configure_dt
                0x00000000000065c0       0xf0 zephyr/drivers/input/libdrivers__input.a(input_gpio_kbd_matrix.c.obj)
 .text.gpio_kbd_matrix_read_row
                0x00000000000066b0       0x94 zephyr/drivers/input/libdrivers__input.a(input_gpio_kbd_matrix.c.obj)
 .text.gpio_kbd_matrix_set_detect_mode
                0x0000000000006744       0xec zephyr/drivers/input/libdrivers__input.a(input_gpio_kbd_matrix.c.obj)
 .text.gpio_kbd_matrix_drive_column
                0x0000000000006830       0xf8 zephyr/drivers/input/libdrivers__input.a(input_gpio_kbd_matrix.c.obj)
 .text.gpio_kbd_matrix_init
                0x0000000000006928      0x150 zephyr/drivers/input/libdrivers__input.a(input_gpio_kbd_matrix.c.obj)
 .text.input_kbd_matrix_polling_thread
                0x0000000000006a78      0x2d8 zephyr/drivers/input/libdrivers__input.a(input_kbd_matrix.c.obj)
 .text.input_kbd_matrix_common_init
                0x0000000000006d50       0x50 zephyr/drivers/input/libdrivers__input.a(input_kbd_matrix.c.obj)
                0x0000000000006d50                input_kbd_matrix_common_init
 .text.nrf_gpio_pin_port_decode
                0x0000000000006da0       0x58 zephyr/drivers/pinctrl/libdrivers__pinctrl.a(pinctrl_nrf.c.obj)
 .text.pinctrl_configure_pins
                0x0000000000006df8      0x1b8 zephyr/drivers/pinctrl/libdrivers__pinctrl.a(pinctrl_nrf.c.obj)
                0x0000000000006df8                pinctrl_configure_pins
 .text.uarte_nrfx_poll_out
                0x0000000000006fb0       0xb4 zephyr/drivers/serial/libdrivers__serial.a(uart_nrfx_uarte.c.obj)
 .text.uarte_0_init
                0x0000000000007064      0x118 zephyr/drivers/serial/libdrivers__serial.a(uart_nrfx_uarte.c.obj)
 .text.sys_clock_timeout_handler
                0x000000000000717c       0x48 zephyr/drivers/timer/libdrivers__timer.a(nrf_rtc_timer.c.obj)
 .text.z_nrf_rtc_timer_read
                0x00000000000071c4       0x44 zephyr/drivers/timer/libdrivers__timer.a(nrf_rtc_timer.c.obj)
                0x00000000000071c4                z_nrf_rtc_timer_read
 .text.rtc_nrf_isr
                0x0000000000007208       0xd0 zephyr/drivers/timer/libdrivers__timer.a(nrf_rtc_timer.c.obj)
                0x0000000000007208                rtc_nrf_isr
 .text.compare_set.constprop.0.isra.0
                0x00000000000072d8      0x138 zephyr/drivers/timer/libdrivers__timer.a(nrf_rtc_timer.c.obj)
 .text.sys_clock_driver_init
                0x0000000000007410       0x80 zephyr/drivers/timer/libdrivers__timer.a(nrf_rtc_timer.c.obj)
 .text.sys_clock_set_timeout
                0x0000000000007490       0x4c zephyr/drivers/timer/libdrivers__timer.a(nrf_rtc_timer.c.obj)
                0x0000000000007490                sys_clock_set_timeout
 .text.sys_clock_elapsed
                0x00000000000074dc       0x14 zephyr/drivers/timer/libdrivers__timer.a(nrf_rtc_timer.c.obj)
                0x00000000000074dc                sys_clock_elapsed
 .text.sys_clock_disable
                0x00000000000074f0       0x30 zephyr/drivers/timer/libdrivers__timer.a(nrf_rtc_timer.c.obj)
                0x00000000000074f0                sys_clock_disable
 .text.k_sys_fatal_error_handler
                0x0000000000007520       0x14 modules/nrf/lib/fatal_error/lib..__nrf__lib__fatal_error.a(fatal_error.c.obj)
                0x0000000000007520                k_sys_fatal_error_handler
 .text.nrf53_errata_42
                0x0000000000007534       0x24 modules/hal_nordic/modules/hal_nordic/nrfx/libmodules__hal_nordic__nrfx.a(system_nrf5340_application.c.obj)
 .text.SystemInit
                0x0000000000007558      0x1c4 modules/hal_nordic/modules/hal_nordic/nrfx/libmodules__hal_nordic__nrfx.a(system_nrf5340_application.c.obj)
                0x0000000000007558                SystemInit
 .text.nrfx_flag32_alloc
                0x000000000000771c       0x40 modules/hal_nordic/modules/hal_nordic/nrfx/libmodules__hal_nordic__nrfx.a(nrfx_flag32_allocator.c.obj)
                0x000000000000771c                nrfx_flag32_alloc
 .text.nrfx_flag32_free
                0x000000000000775c       0x38 modules/hal_nordic/modules/hal_nordic/nrfx/libmodules__hal_nordic__nrfx.a(nrfx_flag32_allocator.c.obj)
                0x000000000000775c                nrfx_flag32_free
 .text.nrfx_gppi_channels_enable
                0x0000000000007794        0xc modules/hal_nordic/modules/hal_nordic/nrfx/libmodules__hal_nordic__nrfx.a(nrfx_gppi_dppi.c.obj)
                0x0000000000007794                nrfx_gppi_channels_enable
 .text.nrfx_gppi_event_endpoint_setup
                0x00000000000077a0       0x28 modules/hal_nordic/modules/hal_nordic/nrfx/libmodules__hal_nordic__nrfx.a(nrfx_gppi_dppi.c.obj)
                0x00000000000077a0                nrfx_gppi_event_endpoint_setup
 .text.nrfx_gppi_task_endpoint_setup
                0x00000000000077c8       0x28 modules/hal_nordic/modules/hal_nordic/nrfx/libmodules__hal_nordic__nrfx.a(nrfx_gppi_dppi.c.obj)
                0x00000000000077c8                nrfx_gppi_task_endpoint_setup
 .text.nrfx_gppi_channel_alloc
                0x00000000000077f0        0xc modules/hal_nordic/modules/hal_nordic/nrfx/libmodules__hal_nordic__nrfx.a(nrfx_gppi_dppi.c.obj)
                0x00000000000077f0                nrfx_gppi_channel_alloc
 .text.clock_stop
                0x00000000000077fc      0x114 modules/hal_nordic/modules/hal_nordic/nrfx/libmodules__hal_nordic__nrfx.a(nrfx_clock.c.obj)
 .text.nrfx_clock_init
                0x0000000000007910       0x20 modules/hal_nordic/modules/hal_nordic/nrfx/libmodules__hal_nordic__nrfx.a(nrfx_clock.c.obj)
                0x0000000000007910                nrfx_clock_init
 .text.nrfx_clock_enable
                0x0000000000007930       0x58 modules/hal_nordic/modules/hal_nordic/nrfx/libmodules__hal_nordic__nrfx.a(nrfx_clock.c.obj)
                0x0000000000007930                nrfx_clock_enable
 .text.nrfx_clock_start
                0x0000000000007988      0x104 modules/hal_nordic/modules/hal_nordic/nrfx/libmodules__hal_nordic__nrfx.a(nrfx_clock.c.obj)
                0x0000000000007988                nrfx_clock_start
 .text.nrfx_clock_stop
                0x0000000000007a8c       0x34 modules/hal_nordic/modules/hal_nordic/nrfx/libmodules__hal_nordic__nrfx.a(nrfx_clock.c.obj)
                0x0000000000007a8c                nrfx_clock_stop
 .text.nrfx_clock_irq_handler
                0x0000000000007ac0       0xa0 modules/hal_nordic/modules/hal_nordic/nrfx/libmodules__hal_nordic__nrfx.a(nrfx_clock.c.obj)
                0x0000000000007ac0                nrfx_clock_irq_handler
 .text.nrfx_dppi_channel_alloc
                0x0000000000007b60       0x10 modules/hal_nordic/modules/hal_nordic/nrfx/libmodules__hal_nordic__nrfx.a(nrfx_dppi.c.obj)
                0x0000000000007b60                nrfx_dppi_channel_alloc
 .text.get_pin_idx
                0x0000000000007b70       0x14 modules/hal_nordic/modules/hal_nordic/nrfx/libmodules__hal_nordic__nrfx.a(nrfx_gpiote.c.obj)
 .text.nrf_gpio_pin_port_decode
                0x0000000000007b84       0x5c modules/hal_nordic/modules/hal_nordic/nrfx/libmodules__hal_nordic__nrfx.a(nrfx_gpiote.c.obj)
 .text.nrf_gpiote_in_event_get
                0x0000000000007be0       0x2c modules/hal_nordic/modules/hal_nordic/nrfx/libmodules__hal_nordic__nrfx.a(nrfx_gpiote.c.obj)
 .text.call_handler.constprop.0
                0x0000000000007c0c       0x40 modules/hal_nordic/modules/hal_nordic/nrfx/libmodules__hal_nordic__nrfx.a(nrfx_gpiote.c.obj)
 .text.pin_te_get.constprop.0
                0x0000000000007c4c       0x18 modules/hal_nordic/modules/hal_nordic/nrfx/libmodules__hal_nordic__nrfx.a(nrfx_gpiote.c.obj)
 .text.pin_is_output.constprop.0
                0x0000000000007c64       0x18 modules/hal_nordic/modules/hal_nordic/nrfx/libmodules__hal_nordic__nrfx.a(nrfx_gpiote.c.obj)
 .text.pin_has_trigger.constprop.0
                0x0000000000007c7c       0x1c modules/hal_nordic/modules/hal_nordic/nrfx/libmodules__hal_nordic__nrfx.a(nrfx_gpiote.c.obj)
 .text.pin_in_use_by_te.constprop.0
                0x0000000000007c98       0x18 modules/hal_nordic/modules/hal_nordic/nrfx/libmodules__hal_nordic__nrfx.a(nrfx_gpiote.c.obj)
 .text.latch_pending_read_and_check
                0x0000000000007cb0       0x3c modules/hal_nordic/modules/hal_nordic/nrfx/libmodules__hal_nordic__nrfx.a(nrfx_gpiote.c.obj)
 .text.release_handler.isra.0
                0x0000000000007cec       0x7c modules/hal_nordic/modules/hal_nordic/nrfx/libmodules__hal_nordic__nrfx.a(nrfx_gpiote.c.obj)
 .text.__nrfy_internal_gpiote_events_process.constprop.0
                0x0000000000007d68       0x64 modules/hal_nordic/modules/hal_nordic/nrfx/libmodules__hal_nordic__nrfx.a(nrfx_gpiote.c.obj)
 .text.pin_uninit
                0x0000000000007dcc       0x84 modules/hal_nordic/modules/hal_nordic/nrfx/libmodules__hal_nordic__nrfx.a(nrfx_gpiote.c.obj)
 .text.nrfx_gpiote_input_configure
                0x0000000000007e50      0x174 modules/hal_nordic/modules/hal_nordic/nrfx/libmodules__hal_nordic__nrfx.a(nrfx_gpiote.c.obj)
                0x0000000000007e50                nrfx_gpiote_input_configure
 .text.nrfx_gpiote_output_configure
                0x0000000000007fc4      0x100 modules/hal_nordic/modules/hal_nordic/nrfx/libmodules__hal_nordic__nrfx.a(nrfx_gpiote.c.obj)
                0x0000000000007fc4                nrfx_gpiote_output_configure
 .text.nrfx_gpiote_global_callback_set
                0x00000000000080c4        0xc modules/hal_nordic/modules/hal_nordic/nrfx/libmodules__hal_nordic__nrfx.a(nrfx_gpiote.c.obj)
                0x00000000000080c4                nrfx_gpiote_global_callback_set
 .text.nrfx_gpiote_channel_get
                0x00000000000080d0       0x54 modules/hal_nordic/modules/hal_nordic/nrfx/libmodules__hal_nordic__nrfx.a(nrfx_gpiote.c.obj)
                0x00000000000080d0                nrfx_gpiote_channel_get
 .text.nrfx_gpiote_init
                0x0000000000008124       0x94 modules/hal_nordic/modules/hal_nordic/nrfx/libmodules__hal_nordic__nrfx.a(nrfx_gpiote.c.obj)
                0x0000000000008124                nrfx_gpiote_init
 .text.nrfx_gpiote_init_check
                0x00000000000081b8       0x14 modules/hal_nordic/modules/hal_nordic/nrfx/libmodules__hal_nordic__nrfx.a(nrfx_gpiote.c.obj)
                0x00000000000081b8                nrfx_gpiote_init_check
 .text.nrfx_gpiote_channel_free
                0x00000000000081cc       0x10 modules/hal_nordic/modules/hal_nordic/nrfx/libmodules__hal_nordic__nrfx.a(nrfx_gpiote.c.obj)
                0x00000000000081cc                nrfx_gpiote_channel_free
 .text.nrfx_gpiote_channel_alloc
                0x00000000000081dc       0x10 modules/hal_nordic/modules/hal_nordic/nrfx/libmodules__hal_nordic__nrfx.a(nrfx_gpiote.c.obj)
                0x00000000000081dc                nrfx_gpiote_channel_alloc
 .text.nrfx_gpiote_trigger_enable
                0x00000000000081ec       0xe8 modules/hal_nordic/modules/hal_nordic/nrfx/libmodules__hal_nordic__nrfx.a(nrfx_gpiote.c.obj)
                0x00000000000081ec                nrfx_gpiote_trigger_enable
 .text.nrfx_gpiote_0_irq_handler
                0x00000000000082d4      0x1a8 modules/hal_nordic/modules/hal_nordic/nrfx/libmodules__hal_nordic__nrfx.a(nrfx_gpiote.c.obj)
                0x00000000000082d4                nrfx_gpiote_0_irq_handler
 .text.nrf_gpio_cfg.constprop.0
                0x000000000000847c       0x6c modules/hal_nordic/modules/hal_nordic/nrfx/libmodules__hal_nordic__nrfx.a(nrfx_i2s.c.obj)
 .text.nrfx_i2s_init
                0x00000000000084e8      0x1d4 modules/hal_nordic/modules/hal_nordic/nrfx/libmodules__hal_nordic__nrfx.a(nrfx_i2s.c.obj)
                0x00000000000084e8                nrfx_i2s_init
 .text.nrfx_i2s_start
                0x00000000000086bc      0x178 modules/hal_nordic/modules/hal_nordic/nrfx/libmodules__hal_nordic__nrfx.a(nrfx_i2s.c.obj)
                0x00000000000086bc                nrfx_i2s_start
 .text.nrfx_i2s_next_buffers_set
                0x0000000000008834      0x150 modules/hal_nordic/modules/hal_nordic/nrfx/libmodules__hal_nordic__nrfx.a(nrfx_i2s.c.obj)
                0x0000000000008834                nrfx_i2s_next_buffers_set
 .text.nrfx_i2s_stop
                0x0000000000008984       0x48 modules/hal_nordic/modules/hal_nordic/nrfx/libmodules__hal_nordic__nrfx.a(nrfx_i2s.c.obj)
                0x0000000000008984                nrfx_i2s_stop
 .text.nrfx_i2s_uninit
                0x00000000000089cc       0x9c modules/hal_nordic/modules/hal_nordic/nrfx/libmodules__hal_nordic__nrfx.a(nrfx_i2s.c.obj)
                0x00000000000089cc                nrfx_i2s_uninit
 .text.nrfx_i2s_0_irq_handler
                0x0000000000008a68      0x120 modules/hal_nordic/modules/hal_nordic/nrfx/libmodules__hal_nordic__nrfx.a(nrfx_i2s.c.obj)
                0x0000000000008a68                nrfx_i2s_0_irq_handler
 .text.nrfx_power_init
                0x0000000000008b88       0x90 modules/hal_nordic/modules/hal_nordic/nrfx/libmodules__hal_nordic__nrfx.a(nrfx_power.c.obj)
                0x0000000000008b88                nrfx_power_init
 .text.nrfx_power_irq_handler
                0x0000000000008c18       0xb8 modules/hal_nordic/modules/hal_nordic/nrfx/libmodules__hal_nordic__nrfx.a(nrfx_power.c.obj)
                0x0000000000008c18                nrfx_power_irq_handler
 .text.nrfx_usbreg_enable
                0x0000000000008cd0       0x10 modules/hal_nordic/modules/hal_nordic/nrfx/libmodules__hal_nordic__nrfx.a(nrfx_usbreg.c.obj)
                0x0000000000008cd0                nrfx_usbreg_enable
 .text.nrfx_usbreg_disable
                0x0000000000008ce0       0x10 modules/hal_nordic/modules/hal_nordic/nrfx/libmodules__hal_nordic__nrfx.a(nrfx_usbreg.c.obj)
                0x0000000000008ce0                nrfx_usbreg_disable
 .text.nrfx_usbreg_uninit
                0x0000000000008cf0       0x20 modules/hal_nordic/modules/hal_nordic/nrfx/libmodules__hal_nordic__nrfx.a(nrfx_usbreg.c.obj)
                0x0000000000008cf0                nrfx_usbreg_uninit
 .text.nrfx_usbreg_init
                0x0000000000008d10       0x58 modules/hal_nordic/modules/hal_nordic/nrfx/libmodules__hal_nordic__nrfx.a(nrfx_usbreg.c.obj)
                0x0000000000008d10                nrfx_usbreg_init
 .text.nrfx_usbreg_irq_handler
                0x0000000000008d68       0x50 modules/hal_nordic/modules/hal_nordic/nrfx/libmodules__hal_nordic__nrfx.a(nrfx_usbreg.c.obj)
                0x0000000000008d68                nrfx_usbreg_irq_handler
 .text.z_device_state_init
                0x0000000000008db8       0x34 zephyr/kernel/libkernel.a(device.c.obj)
                0x0000000000008db8                z_device_state_init
 .text.z_impl_device_get_binding
                0x0000000000008dec       0x64 zephyr/kernel/libkernel.a(device.c.obj)
                0x0000000000008dec                z_impl_device_get_binding
 .text.z_fatal_error
                0x0000000000008e50       0xb8 zephyr/kernel/libkernel.a(fatal.c.obj)
                0x0000000000008e50                z_fatal_error
 .text.z_sys_init_run_level
                0x0000000000008f08       0x30 zephyr/kernel/libkernel.a(init.c.obj)
 .text.bg_thread_main
                0x0000000000008f38       0xf4 zephyr/kernel/libkernel.a(init.c.obj)
 .text.z_bss_zero
                0x000000000000902c       0x18 zephyr/kernel/libkernel.a(init.c.obj)
                0x000000000000902c                z_bss_zero
 .text.z_init_cpu
                0x0000000000009044       0x68 zephyr/kernel/libkernel.a(init.c.obj)
                0x0000000000009044                z_init_cpu
 .text.z_cstart
                0x00000000000090ac       0xd4 zephyr/kernel/libkernel.a(init.c.obj)
                0x00000000000090ac                z_cstart
 .text.init_mem_slab_obj_core_list
                0x0000000000009180       0x40 zephyr/kernel/libkernel.a(mem_slab.c.obj)
 .text.k_mem_slab_alloc
                0x00000000000091c0       0xe4 zephyr/kernel/libkernel.a(mem_slab.c.obj)
                0x00000000000091c0                k_mem_slab_alloc
 .text.k_mem_slab_free
                0x00000000000092a4      0x124 zephyr/kernel/libkernel.a(mem_slab.c.obj)
                0x00000000000092a4                k_mem_slab_free
 .text.idle     0x00000000000093c8       0x40 zephyr/kernel/libkernel.a(idle.c.obj)
                0x00000000000093c8                idle
 .text.unpend_thread_no_timeout
                0x0000000000009408       0x3c zephyr/kernel/libkernel.a(msg_q.c.obj)
 .text.z_impl_k_msgq_put
                0x0000000000009444      0x160 zephyr/kernel/libkernel.a(msg_q.c.obj)
                0x0000000000009444                z_impl_k_msgq_put
 .text.z_impl_k_msgq_get
                0x00000000000095a4      0x17c zephyr/kernel/libkernel.a(msg_q.c.obj)
                0x00000000000095a4                z_impl_k_msgq_get
 .text.z_impl_k_mutex_lock
                0x0000000000009720      0x16c zephyr/kernel/libkernel.a(mutex.c.obj)
                0x0000000000009720                z_impl_k_mutex_lock
 .text.z_impl_k_mutex_unlock
                0x000000000000988c      0x148 zephyr/kernel/libkernel.a(mutex.c.obj)
                0x000000000000988c                z_impl_k_mutex_unlock
 .text.unpend_thread_no_timeout
                0x00000000000099d4       0x3c zephyr/kernel/libkernel.a(queue.c.obj)
 .text.queue_insert
                0x0000000000009a10      0x148 zephyr/kernel/libkernel.a(queue.c.obj)
 .text.z_impl_k_queue_get
                0x0000000000009b58       0xb4 zephyr/kernel/libkernel.a(queue.c.obj)
                0x0000000000009b58                z_impl_k_queue_get
 .text.unpend_thread_no_timeout
                0x0000000000009c0c       0x3c zephyr/kernel/libkernel.a(sem.c.obj)
 .text.z_impl_k_sem_give
                0x0000000000009c48       0xc4 zephyr/kernel/libkernel.a(sem.c.obj)
                0x0000000000009c48                z_impl_k_sem_give
 .text.z_impl_k_sem_take
                0x0000000000009d0c       0xc0 zephyr/kernel/libkernel.a(sem.c.obj)
                0x0000000000009d0c                z_impl_k_sem_take
 .text.k_sys_work_q_init
                0x0000000000009dcc       0x2c zephyr/kernel/libkernel.a(system_work_q.c.obj)
 .text.work_queue_main
                0x0000000000009df8      0x1e0 zephyr/kernel/libkernel.a(work.c.obj)
 .text.submit_to_queue_locked
                0x0000000000009fd8       0xd8 zephyr/kernel/libkernel.a(work.c.obj)
 .text.work_timeout
                0x000000000000a0b0       0x84 zephyr/kernel/libkernel.a(work.c.obj)
 .text.k_work_init
                0x000000000000a134       0x40 zephyr/kernel/libkernel.a(work.c.obj)
                0x000000000000a134                k_work_init
 .text.z_work_submit_to_queue
                0x000000000000a174       0xa4 zephyr/kernel/libkernel.a(work.c.obj)
                0x000000000000a174                z_work_submit_to_queue
 .text.k_work_queue_start
                0x000000000000a218       0xcc zephyr/kernel/libkernel.a(work.c.obj)
                0x000000000000a218                k_work_queue_start
 .text.k_work_init_delayable
                0x000000000000a2e4       0x4c zephyr/kernel/libkernel.a(work.c.obj)
                0x000000000000a2e4                k_work_init_delayable
 .text.k_work_reschedule_for_queue
                0x000000000000a330       0xd4 zephyr/kernel/libkernel.a(work.c.obj)
                0x000000000000a330                k_work_reschedule_for_queue
 .text.k_work_reschedule
                0x000000000000a404        0xc zephyr/kernel/libkernel.a(work.c.obj)
                0x000000000000a404                k_work_reschedule
 .text.z_setup_new_thread
                0x000000000000a410       0xb0 zephyr/kernel/libkernel.a(thread.c.obj)
                0x000000000000a410                z_setup_new_thread
 .text.z_impl_k_thread_create
                0x000000000000a4c0       0x7c zephyr/kernel/libkernel.a(thread.c.obj)
                0x000000000000a4c0                z_impl_k_thread_create
 .text.z_dummy_thread_init
                0x000000000000a53c       0x18 zephyr/kernel/libkernel.a(thread.c.obj)
                0x000000000000a53c                z_dummy_thread_init
 .text.z_swap_irqlock
                0x000000000000a554       0x30 zephyr/kernel/libkernel.a(sched.c.obj)
 .text.unready_thread
                0x000000000000a584       0x8c zephyr/kernel/libkernel.a(sched.c.obj)
 .text.unpend_thread_no_timeout
                0x000000000000a610       0x34 zephyr/kernel/libkernel.a(sched.c.obj)
 .text.ready_thread
                0x000000000000a644       0xc0 zephyr/kernel/libkernel.a(sched.c.obj)
 .text.move_thread_to_end_of_prio_q
                0x000000000000a704       0xdc zephyr/kernel/libkernel.a(sched.c.obj)
                0x000000000000a704                move_thread_to_end_of_prio_q
 .text.z_ready_thread
                0x000000000000a7e0       0x68 zephyr/kernel/libkernel.a(sched.c.obj)
                0x000000000000a7e0                z_ready_thread
 .text.z_unpend_thread_no_timeout
                0x000000000000a848       0x6c zephyr/kernel/libkernel.a(sched.c.obj)
                0x000000000000a848                z_unpend_thread_no_timeout
 .text.z_sched_wake_thread
                0x000000000000a8b4       0x84 zephyr/kernel/libkernel.a(sched.c.obj)
                0x000000000000a8b4                z_sched_wake_thread
 .text.z_pend_curr
                0x000000000000a938       0xd4 zephyr/kernel/libkernel.a(sched.c.obj)
                0x000000000000a938                z_pend_curr
 .text.z_thread_prio_set
                0x000000000000aa0c      0x17c zephyr/kernel/libkernel.a(sched.c.obj)
                0x000000000000aa0c                z_thread_prio_set
 .text.z_reschedule
                0x000000000000ab88       0x70 zephyr/kernel/libkernel.a(sched.c.obj)
                0x000000000000ab88                z_reschedule
 .text.z_reschedule_irqlock
                0x000000000000abf8       0x28 zephyr/kernel/libkernel.a(sched.c.obj)
                0x000000000000abf8                z_reschedule_irqlock
 .text.k_sched_lock
                0x000000000000ac20       0x9c zephyr/kernel/libkernel.a(sched.c.obj)
                0x000000000000ac20                k_sched_lock
 .text.k_sched_unlock
                0x000000000000acbc       0xe0 zephyr/kernel/libkernel.a(sched.c.obj)
                0x000000000000acbc                k_sched_unlock
 .text.z_sched_init
                0x000000000000ad9c       0x10 zephyr/kernel/libkernel.a(sched.c.obj)
                0x000000000000ad9c                z_sched_init
 .text.z_impl_k_yield
                0x000000000000adac       0xec zephyr/kernel/libkernel.a(sched.c.obj)
                0x000000000000adac                z_impl_k_yield
 .text.z_tick_sleep
                0x000000000000ae98       0xe0 zephyr/kernel/libkernel.a(sched.c.obj)
 .text.z_impl_k_sleep
                0x000000000000af78       0x78 zephyr/kernel/libkernel.a(sched.c.obj)
                0x000000000000af78                z_impl_k_sleep
 .text.z_impl_k_usleep
                0x000000000000aff0       0x3c zephyr/kernel/libkernel.a(sched.c.obj)
                0x000000000000aff0                z_impl_k_usleep
 .text.z_impl_k_wakeup
                0x000000000000b02c       0x8c zephyr/kernel/libkernel.a(sched.c.obj)
                0x000000000000b02c                z_impl_k_wakeup
 .text.z_impl_k_sched_current_thread_query
                0x000000000000b0b8        0xc zephyr/kernel/libkernel.a(sched.c.obj)
                0x000000000000b0b8                z_impl_k_sched_current_thread_query
 .text.z_thread_abort
                0x000000000000b0c4      0x1f4 zephyr/kernel/libkernel.a(sched.c.obj)
                0x000000000000b0c4                z_thread_abort
 .text.z_sched_wake
                0x000000000000b2b8       0x98 zephyr/kernel/libkernel.a(sched.c.obj)
                0x000000000000b2b8                z_sched_wake
 .text.z_sched_wait
                0x000000000000b350       0x24 zephyr/kernel/libkernel.a(sched.c.obj)
                0x000000000000b350                z_sched_wait
 .text.slice_timeout
                0x000000000000b374       0x54 zephyr/kernel/libkernel.a(timeslicing.c.obj)
 .text.thread_is_sliceable
                0x000000000000b3c8       0x3c zephyr/kernel/libkernel.a(timeslicing.c.obj)
                0x000000000000b3c8                thread_is_sliceable
 .text.z_reset_time_slice
                0x000000000000b404       0x50 zephyr/kernel/libkernel.a(timeslicing.c.obj)
                0x000000000000b404                z_reset_time_slice
 .text.z_time_slice
                0x000000000000b454       0xa4 zephyr/kernel/libkernel.a(timeslicing.c.obj)
                0x000000000000b454                z_time_slice
 .text.z_spin_lock_valid
                0x000000000000b4f8       0x1c zephyr/kernel/libkernel.a(spinlock_validate.c.obj)
                0x000000000000b4f8                z_spin_lock_valid
 .text.z_spin_unlock_valid
                0x000000000000b514       0x2c zephyr/kernel/libkernel.a(spinlock_validate.c.obj)
                0x000000000000b514                z_spin_unlock_valid
 .text.z_spin_lock_set_owner
                0x000000000000b540       0x10 zephyr/kernel/libkernel.a(spinlock_validate.c.obj)
                0x000000000000b540                z_spin_lock_set_owner
 .text.z_data_copy
                0x000000000000b550       0x38 zephyr/kernel/libkernel.a(xip.c.obj)
                0x000000000000b550                z_data_copy
 .text.first    0x000000000000b588       0x10 zephyr/kernel/libkernel.a(timeout.c.obj)
 .text.elapsed  0x000000000000b598       0x14 zephyr/kernel/libkernel.a(timeout.c.obj)
 .text.remove_timeout
                0x000000000000b5ac       0x38 zephyr/kernel/libkernel.a(timeout.c.obj)
 .text.z_add_timeout
                0x000000000000b5e4      0x194 zephyr/kernel/libkernel.a(timeout.c.obj)
                0x000000000000b5e4                z_add_timeout
 .text.z_abort_timeout
                0x000000000000b778       0x98 zephyr/kernel/libkernel.a(timeout.c.obj)
                0x000000000000b778                z_abort_timeout
 .text.sys_clock_announce
                0x000000000000b810      0x124 zephyr/kernel/libkernel.a(timeout.c.obj)
                0x000000000000b810                sys_clock_announce
 .text.sys_clock_tick_get
                0x000000000000b934       0x78 zephyr/kernel/libkernel.a(timeout.c.obj)
                0x000000000000b934                sys_clock_tick_get
 .text.z_thread_alloc_helper
                0x000000000000b9ac       0xcc zephyr/kernel/libkernel.a(mempool.c.obj)
 .text.z_thread_malloc
                0x000000000000ba78       0x10 zephyr/kernel/libkernel.a(mempool.c.obj)
                0x000000000000ba78                z_thread_malloc
 .text.statics_init
                0x000000000000ba88       0x40 zephyr/kernel/libkernel.a(kheap.c.obj)
 .text.k_heap_free
                0x000000000000bac8       0x84 zephyr/kernel/libkernel.a(kheap.c.obj)
                0x000000000000bac8                k_heap_free
 .text.nrf_cc3xx_platform_init_no_rng
                0x000000000000bb4c       0x38 C:/ncs/v3.1.0/nrfxlib/crypto/nrf_cc312_platform/lib/cortex-m33/soft-float/no-interrupts/libnrf_cc312_platform_0.9.19.a(nrf_cc3xx_platform.c.obj)
                0x000000000000bb4c                nrf_cc3xx_platform_init_no_rng
 .text.nrf_cc3xx_platform_abort
                0x000000000000bb84       0x24 C:/ncs/v3.1.0/nrfxlib/crypto/nrf_cc312_platform/lib/cortex-m33/soft-float/no-interrupts/libnrf_cc312_platform_0.9.19.a(nrf_cc3xx_platform_abort.c.obj)
 .text.CC_PalAbort
                0x000000000000bba8       0x44 C:/ncs/v3.1.0/nrfxlib/crypto/nrf_cc312_platform/lib/cortex-m33/soft-float/no-interrupts/libnrf_cc312_platform_0.9.19.a(nrf_cc3xx_platform_abort.c.obj)
                0x000000000000bba8                CC_PalAbort
 .text.nrf_cc3xx_platform_set_abort
                0x000000000000bbec       0x10 C:/ncs/v3.1.0/nrfxlib/crypto/nrf_cc312_platform/lib/cortex-m33/soft-float/no-interrupts/libnrf_cc312_platform_0.9.19.a(nrf_cc3xx_platform_abort.c.obj)
                0x000000000000bbec                nrf_cc3xx_platform_set_abort
 .text.mutex_free
                0x000000000000bbfc       0x34 C:/ncs/v3.1.0/nrfxlib/crypto/nrf_cc312_platform/lib/cortex-m33/soft-float/no-interrupts/libnrf_cc312_platform_0.9.19.a(nrf_cc3xx_platform_mutex.c.obj)
 .text.mutex_lock
                0x000000000000bc30       0x48 C:/ncs/v3.1.0/nrfxlib/crypto/nrf_cc312_platform/lib/cortex-m33/soft-float/no-interrupts/libnrf_cc312_platform_0.9.19.a(nrf_cc3xx_platform_mutex.c.obj)
 .text.mutex_unlock
                0x000000000000bc78       0x38 C:/ncs/v3.1.0/nrfxlib/crypto/nrf_cc312_platform/lib/cortex-m33/soft-float/no-interrupts/libnrf_cc312_platform_0.9.19.a(nrf_cc3xx_platform_mutex.c.obj)
 .text.mutex_init
                0x000000000000bcb0       0x20 C:/ncs/v3.1.0/nrfxlib/crypto/nrf_cc312_platform/lib/cortex-m33/soft-float/no-interrupts/libnrf_cc312_platform_0.9.19.a(nrf_cc3xx_platform_mutex.c.obj)
 .text.nrf_cc3xx_platform_set_mutexes
                0x000000000000bcd0       0x78 C:/ncs/v3.1.0/nrfxlib/crypto/nrf_cc312_platform/lib/cortex-m33/soft-float/no-interrupts/libnrf_cc312_platform_0.9.19.a(nrf_cc3xx_platform_mutex.c.obj)
                0x000000000000bcd0                nrf_cc3xx_platform_set_mutexes
 .text.CC_LibInitNoRng
                0x000000000000bd48       0x28 C:/ncs/v3.1.0/nrfxlib/crypto/nrf_cc312_platform/lib/cortex-m33/soft-float/no-interrupts/libnrf_cc312_platform_0.9.19.a(cc_lib.c.obj)
                0x000000000000bd48                CC_LibInitNoRng
 .text.CC_HalInit
                0x000000000000bd70        0x4 C:/ncs/v3.1.0/nrfxlib/crypto/nrf_cc312_platform/lib/cortex-m33/soft-float/no-interrupts/libnrf_cc312_platform_0.9.19.a(cc_hal.c.obj)
                0x000000000000bd70                CC_HalInit
 .text.CC_PalInit
                0x000000000000bd74       0x5c C:/ncs/v3.1.0/nrfxlib/crypto/nrf_cc312_platform/lib/cortex-m33/soft-float/no-interrupts/libnrf_cc312_platform_0.9.19.a(cc_pal.c.obj)
                0x000000000000bd74                CC_PalInit
 .text.CC_PalTerminate
                0x000000000000bdd0       0x34 C:/ncs/v3.1.0/nrfxlib/crypto/nrf_cc312_platform/lib/cortex-m33/soft-float/no-interrupts/libnrf_cc312_platform_0.9.19.a(cc_pal.c.obj)
                0x000000000000bdd0                CC_PalTerminate
 .text.CC_PalDmaInit
                0x000000000000be04        0x4 C:/ncs/v3.1.0/nrfxlib/crypto/nrf_cc312_platform/lib/cortex-m33/soft-float/no-interrupts/libnrf_cc312_platform_0.9.19.a(cc_pal_dma.c.obj)
                0x000000000000be04                CC_PalDmaInit
 .text.CC_PalDmaTerminate
                0x000000000000be08        0x4 C:/ncs/v3.1.0/nrfxlib/crypto/nrf_cc312_platform/lib/cortex-m33/soft-float/no-interrupts/libnrf_cc312_platform_0.9.19.a(cc_pal_dma.c.obj)
                0x000000000000be08                CC_PalDmaTerminate
 .text.CC_PalMutexCreate
                0x000000000000be0c       0x14 C:/ncs/v3.1.0/nrfxlib/crypto/nrf_cc312_platform/lib/cortex-m33/soft-float/no-interrupts/libnrf_cc312_platform_0.9.19.a(cc_pal_mutex.c.obj)
                0x000000000000be0c                CC_PalMutexCreate
 .text.CC_PalMutexDestroy
                0x000000000000be20       0x14 C:/ncs/v3.1.0/nrfxlib/crypto/nrf_cc312_platform/lib/cortex-m33/soft-float/no-interrupts/libnrf_cc312_platform_0.9.19.a(cc_pal_mutex.c.obj)
                0x000000000000be20                CC_PalMutexDestroy
 .text.CC_PalPowerSaveModeInit
                0x000000000000be34       0x3c C:/ncs/v3.1.0/nrfxlib/crypto/nrf_cc312_platform/lib/cortex-m33/soft-float/no-interrupts/libnrf_cc312_platform_0.9.19.a(cc_pal_pm.c.obj)
                0x000000000000be34                CC_PalPowerSaveModeInit
 .text.__l_vfprintf
                0x000000000000be70      0x4b4 c:\ncs\toolchains\b8b84efebd\opt\zephyr-sdk\arm-zephyr-eabi\bin\../lib/gcc/../../picolibc/arm-zephyr-eabi/lib/thumb/v8-m.main/nofp\libc.a(libc_tinystdio_vflprintf.c.o)
                0x000000000000be70                __l_vfprintf
 .text._OffsetAbsSyms
                0x000000000000c324        0x2 zephyr/CMakeFiles/offsets.dir/./arch/arm/core/offsets/offsets.c.obj
                0x000000000000c324                _OffsetAbsSyms
 .text.ws2812_strip_length
                0x000000000000c326        0x6 app/libapp.a(ws2812_i2s.c.obj)
 .text.chunk_field
                0x000000000000c32c       0x16 zephyr/libzephyr.a(heap.c.obj)
 .text.chunk_set
                0x000000000000c342       0x16 zephyr/libzephyr.a(heap.c.obj)
 .text.chunk_size
                0x000000000000c358        0xc zephyr/libzephyr.a(heap.c.obj)
 .text.set_chunk_used
                0x000000000000c364       0x30 zephyr/libzephyr.a(heap.c.obj)
 .text.set_chunk_size
                0x000000000000c394        0x8 zephyr/libzephyr.a(heap.c.obj)
 .text.mem_to_chunkid
                0x000000000000c39c       0x14 zephyr/libzephyr.a(heap.c.obj)
 .text.bytes_to_chunksz.isra.0
                0x000000000000c3b0       0x12 zephyr/libzephyr.a(heap.c.obj)
 .text.bucket_idx.isra.0
                0x000000000000c3c2       0x18 zephyr/libzephyr.a(heap.c.obj)
 .text.free_list_remove_bidx
                0x000000000000c3da       0x5c zephyr/libzephyr.a(heap.c.obj)
 .text.free_list_remove
                0x000000000000c436       0x2e zephyr/libzephyr.a(heap.c.obj)
 .text.alloc_chunk
                0x000000000000c464       0x74 zephyr/libzephyr.a(heap.c.obj)
 .text.split_chunks
                0x000000000000c4d8       0x4e zephyr/libzephyr.a(heap.c.obj)
 .text.merge_chunks
                0x000000000000c526       0x3c zephyr/libzephyr.a(heap.c.obj)
 .text.free_list_add
                0x000000000000c562       0x84 zephyr/libzephyr.a(heap.c.obj)
 .text.free_chunk
                0x000000000000c5e6       0x84 zephyr/libzephyr.a(heap.c.obj)
 .text.sys_heap_alloc
                0x000000000000c66a       0x64 zephyr/libzephyr.a(heap.c.obj)
                0x000000000000c66a                sys_heap_alloc
 .text.sys_heap_noalign_alloc
                0x000000000000c6ce        0x6 zephyr/libzephyr.a(heap.c.obj)
                0x000000000000c6ce                sys_heap_noalign_alloc
 .text.arch_printk_char_out
                0x000000000000c6d4        0x4 zephyr/libzephyr.a(printk.c.obj)
                0x000000000000c6d4                arch_printk_char_out
 .text.printk   0x000000000000c6d8       0x1a zephyr/libzephyr.a(printk.c.obj)
                0x000000000000c6d8                printk
 .text.assert_post_action
                0x000000000000c6f2       0x12 zephyr/libzephyr.a(assert.c.obj)
                0x000000000000c6f2                assert_post_action
 .text.assert_print
                0x000000000000c704       0x1a zephyr/libzephyr.a(assert.c.obj)
                0x000000000000c704                assert_print
 .text.sys_slist_find_and_remove
                0x000000000000c71e       0x36 zephyr/libzephyr.a(onoff.c.obj)
 .text.process_recheck
                0x000000000000c754       0x38 zephyr/libzephyr.a(onoff.c.obj)
 .text.validate_args
                0x000000000000c78c       0x20 zephyr/libzephyr.a(onoff.c.obj)
 .text.notify_one
                0x000000000000c7ac       0x2c zephyr/libzephyr.a(onoff.c.obj)
 .text.onoff_manager_init
                0x000000000000c7d8       0x26 zephyr/libzephyr.a(onoff.c.obj)
                0x000000000000c7d8                onoff_manager_init
 .text.sys_notify_validate
                0x000000000000c7fe       0x22 zephyr/libzephyr.a(notify.c.obj)
                0x000000000000c7fe                sys_notify_validate
 .text._ConfigAbsSyms
                0x000000000000c820        0x2 zephyr/libzephyr.a(configs.c.obj)
                0x000000000000c820                _ConfigAbsSyms
 .text.z_log_minimal_printk
                0x000000000000c822       0x1a zephyr/libzephyr.a(log_minimal.c.obj)
                0x000000000000c822                z_log_minimal_printk
 .text.usb_get_dev_data_by_cfg
                0x000000000000c83c       0x16 zephyr/libzephyr.a(usb_descriptor.c.obj)
                0x000000000000c83c                usb_get_dev_data_by_cfg
 .text.usb_get_dev_data_by_iface
                0x000000000000c852       0x1a zephyr/libzephyr.a(usb_descriptor.c.obj)
                0x000000000000c852                usb_get_dev_data_by_iface
 .text.usb_get_dev_data_by_ep
                0x000000000000c86c       0x2c zephyr/libzephyr.a(usb_descriptor.c.obj)
                0x000000000000c86c                usb_get_dev_data_by_ep
 .text.abort_function
                0x000000000000c898        0x8 zephyr/libzephyr.a(nrf_cc3xx_platform_abort_zephyr.c.obj)
 .text.z_do_kernel_oops
                0x000000000000c8a0        0x8 zephyr/arch/arch/arm/core/libarch__arm__core.a(fatal.c.obj)
                0x000000000000c8a0                z_do_kernel_oops
 .text.z_arm_nmi
                0x000000000000c8a8        0xe zephyr/arch/arch/arm/core/libarch__arm__core.a(nmi.c.obj)
                0x000000000000c8a8                z_arm_nmi
 .text.z_irq_spurious
                0x000000000000c8b6        0x8 zephyr/arch/arch/arm/core/cortex_m/libarch__arm__core__cortex_m.a(irq_manage.c.obj)
                0x000000000000c8b6                z_irq_spurious
 .text.configure_builtin_stack_guard
                0x000000000000c8be        0x8 zephyr/arch/arch/arm/core/cortex_m/libarch__arm__core__cortex_m.a(thread.c.obj)
                0x000000000000c8be                configure_builtin_stack_guard
 .text.arch_irq_unlock_outlined
                0x000000000000c8c6        0xe zephyr/arch/arch/arm/core/cortex_m/libarch__arm__core__cortex_m.a(thread.c.obj)
                0x000000000000c8c6                arch_irq_unlock_outlined
 .text.arch_cpu_idle
                0x000000000000c8d4       0x32 zephyr/arch/arch/arm/core/cortex_m/libarch__arm__core__cortex_m.a(cpu_idle.c.obj)
                0x000000000000c8d4                arch_cpu_idle
 .text.arch_cpu_atomic_idle
                0x000000000000c906       0x38 zephyr/arch/arch/arm/core/cortex_m/libarch__arm__core__cortex_m.a(cpu_idle.c.obj)
                0x000000000000c906                arch_cpu_atomic_idle
 .text.arm_cmse_mpu_region_get
                0x000000000000c93e       0x12 zephyr/arch/arch/arm/core/cortex_m/cmse/libarch__arm__core__cortex_m__cmse.a(arm_core_cmse.c.obj)
                0x000000000000c93e                arm_cmse_mpu_region_get
 .text.mpu_configure_region
                0x000000000000c950       0x32 zephyr/arch/arch/arm/core/mpu/libarch__arm__core__mpu.a(arm_mpu.c.obj)
 .text.picolibc_put
                0x000000000000c982        0xa zephyr/lib/libc/picolibc/liblib__libc__picolibc.a(stdio.c.obj)
 .text.onoff_stop
                0x000000000000c98c       0x22 zephyr/soc/soc/nrf5340/libsoc__nordic.a(nrf53_cpunet_mgmt.c.obj)
 .text.hid_interface_config
                0x000000000000c9ae        0x4 zephyr/subsys/usb/device/class/hid/libsubsys__usb__device__class__hid.a(core.c.obj)
 .text.usb_hid_device_init
                0x000000000000c9b2        0x4 zephyr/subsys/usb/device/class/hid/libsubsys__usb__device__class__hid.a(core.c.obj)
 .text.usb_hid_init
                0x000000000000c9b6       0x14 zephyr/subsys/usb/device/class/hid/libsubsys__usb__device__class__hid.a(core.c.obj)
                0x000000000000c9b6                usb_hid_init
 .text.input_to_hid_modifier
                0x000000000000c9ca       0x50 zephyr/subsys/input/libsubsys__input.a(input_hid.c.obj)
                0x000000000000c9ca                input_to_hid_modifier
 .text.ep_ctx_reset
                0x000000000000ca1a       0x26 zephyr/drivers/usb/device/libdrivers__usb__device.a(usb_dc_nrfx.c.obj)
 .text.k_mutex_lock.constprop.0.isra.0
                0x000000000000ca40        0x4 zephyr/drivers/usb/device/libdrivers__usb__device.a(usb_dc_nrfx.c.obj)
 .text.k_mutex_unlock.isra.0
                0x000000000000ca44        0x4 zephyr/drivers/usb/device/libdrivers__usb__device.a(usb_dc_nrfx.c.obj)
 .text.usb_dc_ep_disable
                0x000000000000ca48       0x32 zephyr/drivers/usb/device/libdrivers__usb__device.a(usb_dc_nrfx.c.obj)
                0x000000000000ca48                usb_dc_ep_disable
 .text.usb_dc_ep_read
                0x000000000000ca7a       0x1e zephyr/drivers/usb/device/libdrivers__usb__device.a(usb_dc_nrfx.c.obj)
                0x000000000000ca7a                usb_dc_ep_read
 .text.nrf_usbd_common_ep_status_get
                0x000000000000ca98       0x2e zephyr/drivers/usb/common/nrf_usbd_common/libdrivers__usb__common__nrf_usbd_common.a(nrf_usbd_common.c.obj)
                0x000000000000ca98                nrf_usbd_common_ep_status_get
 .text.async_start
                0x000000000000cac6       0x5e zephyr/drivers/clock_control/libdrivers__clock_control.a(clock_control_nrf.c.obj)
 .text.api_start
                0x000000000000cb24        0xe zephyr/drivers/clock_control/libdrivers__clock_control.a(clock_control_nrf.c.obj)
 .text.onoff_started_callback
                0x000000000000cb32        0xc zephyr/drivers/clock_control/libdrivers__clock_control.a(clock_control_nrf.c.obj)
 .text.hfclkaudio_start
                0x000000000000cb3e        0x6 zephyr/drivers/clock_control/libdrivers__clock_control.a(clock_control_nrf.c.obj)
 .text.hfclk192m_start
                0x000000000000cb44        0x6 zephyr/drivers/clock_control/libdrivers__clock_control.a(clock_control_nrf.c.obj)
 .text.lfclk_start
                0x000000000000cb4a        0x6 zephyr/drivers/clock_control/libdrivers__clock_control.a(clock_control_nrf.c.obj)
 .text.hfclkaudio_stop
                0x000000000000cb50        0x6 zephyr/drivers/clock_control/libdrivers__clock_control.a(clock_control_nrf.c.obj)
 .text.hfclk192m_stop
                0x000000000000cb56        0x6 zephyr/drivers/clock_control/libdrivers__clock_control.a(clock_control_nrf.c.obj)
 .text.lfclk_stop
                0x000000000000cb5c        0x6 zephyr/drivers/clock_control/libdrivers__clock_control.a(clock_control_nrf.c.obj)
 .text.blocking_start_callback
                0x000000000000cb62        0x6 zephyr/drivers/clock_control/libdrivers__clock_control.a(clock_control_nrf.c.obj)
 .text.api_stop
                0x000000000000cb68        0x6 zephyr/drivers/clock_control/libdrivers__clock_control.a(clock_control_nrf.c.obj)
 .text.gpio_nrfx_port_get_raw
                0x000000000000cb6e        0xc zephyr/drivers/gpio/libdrivers__gpio.a(gpio_nrfx.c.obj)
 .text.gpio_nrfx_port_set_masked_raw
                0x000000000000cb7a       0x14 zephyr/drivers/gpio/libdrivers__gpio.a(gpio_nrfx.c.obj)
 .text.gpio_nrfx_port_set_bits_raw
                0x000000000000cb8e        0xa zephyr/drivers/gpio/libdrivers__gpio.a(gpio_nrfx.c.obj)
 .text.gpio_nrfx_port_clear_bits_raw
                0x000000000000cb98        0xa zephyr/drivers/gpio/libdrivers__gpio.a(gpio_nrfx.c.obj)
 .text.gpio_nrfx_port_toggle_bits
                0x000000000000cba2       0x14 zephyr/drivers/gpio/libdrivers__gpio.a(gpio_nrfx.c.obj)
 .text.z_impl_hwinfo_get_device_id
                0x000000000000cbb6       0x2c zephyr/drivers/hwinfo/libdrivers__hwinfo.a(hwinfo_nrf.c.obj)
                0x000000000000cbb6                z_impl_hwinfo_get_device_id
 .text.i2s_nrfx_config_get
                0x000000000000cbe2       0x2c zephyr/drivers/i2s/libdrivers__i2s.a(i2s_nrfx.c.obj)
 .text.get_next_tx_buffer
                0x000000000000cc0e       0x26 zephyr/drivers/i2s/libdrivers__i2s.a(i2s_nrfx.c.obj)
 .text.supply_next_buffers
                0x000000000000cc34       0x4a zephyr/drivers/i2s/libdrivers__i2s.a(i2s_nrfx.c.obj)
 .text.clock_started_callback
                0x000000000000cc7e       0x2a zephyr/drivers/i2s/libdrivers__i2s.a(i2s_nrfx.c.obj)
 .text.purge_queue.isra.0
                0x000000000000cca8       0x52 zephyr/drivers/i2s/libdrivers__i2s.a(i2s_nrfx.c.obj)
 .text.gpio_port_get
                0x000000000000ccfa       0x18 zephyr/drivers/input/libdrivers__input.a(input_gpio_kbd_matrix.c.obj)
 .text.gpio_kbd_matrix_is_gpio_coherent
                0x000000000000cd12       0x34 zephyr/drivers/input/libdrivers__input.a(input_gpio_kbd_matrix.c.obj)
 .text.input_kbd_matrix_drive_column
                0x000000000000cd46        0x8 zephyr/drivers/input/libdrivers__input.a(input_kbd_matrix.c.obj)
 .text.input_kbd_matrix_poll_timeout.isra.0
                0x000000000000cd4e       0x38 zephyr/drivers/input/libdrivers__input.a(input_kbd_matrix.c.obj)
 .text.input_kbd_matrix_poll_start
                0x000000000000cd86        0x8 zephyr/drivers/input/libdrivers__input.a(input_kbd_matrix.c.obj)
                0x000000000000cd86                input_kbd_matrix_poll_start
 .text.pinctrl_lookup_state
                0x000000000000cd8e       0x26 zephyr/drivers/pinctrl/libdrivers__pinctrl.a(common.c.obj)
                0x000000000000cd8e                pinctrl_lookup_state
 .text.uarte_nrfx_err_check
                0x000000000000cdb4        0xe zephyr/drivers/serial/libdrivers__serial.a(uart_nrfx_uarte.c.obj)
 .text.uarte_nrfx_poll_in
                0x000000000000cdc2       0x26 zephyr/drivers/serial/libdrivers__serial.a(uart_nrfx_uarte.c.obj)
 .text.is_tx_ready.isra.0
                0x000000000000cde8       0x20 zephyr/drivers/serial/libdrivers__serial.a(uart_nrfx_uarte.c.obj)
 .text.uarte_nrfx_isr_int
                0x000000000000ce08       0x42 zephyr/drivers/serial/libdrivers__serial.a(uart_nrfx_uarte.c.obj)
 .text.pinctrl_apply_state.isra.0
                0x000000000000ce4a       0x1e zephyr/drivers/serial/libdrivers__serial.a(uart_nrfx_uarte.c.obj)
 .text.sys_clock_cycle_get_32
                0x000000000000ce68        0x8 zephyr/drivers/timer/libdrivers__timer.a(nrf_rtc_timer.c.obj)
                0x000000000000ce68                sys_clock_cycle_get_32
 .text.hw_cc3xx_init_internal
                0x000000000000ce70        0x4 modules/nrf/drivers/hw_cc3xx/lib..__nrf__drivers__hw_cc3xx.a(hw_cc3xx.c.obj)
 .text.hw_cc3xx_init
                0x000000000000ce74       0x12 modules/nrf/drivers/hw_cc3xx/lib..__nrf__drivers__hw_cc3xx.a(hw_cc3xx.c.obj)
 .text.nrfx_isr
                0x000000000000ce86        0x2 modules/hal_nordic/modules/hal_nordic/nrfx/libmodules__hal_nordic__nrfx.a(nrfx_glue.c.obj)
                0x000000000000ce86                nrfx_isr
 .text.nrfx_busy_wait
                0x000000000000ce88        0x4 modules/hal_nordic/modules/hal_nordic/nrfx/libmodules__hal_nordic__nrfx.a(nrfx_glue.c.obj)
                0x000000000000ce88                nrfx_busy_wait
 .text.nrfx_gppi_channel_endpoints_setup
                0x000000000000ce8c       0x16 modules/hal_nordic/modules/hal_nordic/nrfx/libmodules__hal_nordic__nrfx.a(nrfx_gppi_dppi.c.obj)
                0x000000000000ce8c                nrfx_gppi_channel_endpoints_setup
 .text.nrf_gpio_pin_present_check
                0x000000000000cea2       0x24 modules/hal_nordic/modules/hal_nordic/nrfx/libmodules__hal_nordic__nrfx.a(nrfx_gpiote.c.obj)
 .text.nrf_gpio_reconfigure
                0x000000000000cec6       0x9a modules/hal_nordic/modules/hal_nordic/nrfx/libmodules__hal_nordic__nrfx.a(nrfx_gpiote.c.obj)
 .text.nrf_gpio_cfg_sense_set
                0x000000000000cf60       0x1e modules/hal_nordic/modules/hal_nordic/nrfx/libmodules__hal_nordic__nrfx.a(nrfx_gpiote.c.obj)
 .text.pin_is_task_output.isra.0
                0x000000000000cf7e       0x16 modules/hal_nordic/modules/hal_nordic/nrfx/libmodules__hal_nordic__nrfx.a(nrfx_gpiote.c.obj)
 .text.pin_trigger_disable
                0x000000000000cf94       0x48 modules/hal_nordic/modules/hal_nordic/nrfx/libmodules__hal_nordic__nrfx.a(nrfx_gpiote.c.obj)
 .text.nrfx_gpiote_pin_uninit
                0x000000000000cfdc        0x4 modules/hal_nordic/modules/hal_nordic/nrfx/libmodules__hal_nordic__nrfx.a(nrfx_gpiote.c.obj)
                0x000000000000cfdc                nrfx_gpiote_pin_uninit
 .text.nrfx_gpiote_trigger_disable
                0x000000000000cfe0        0x4 modules/hal_nordic/modules/hal_nordic/nrfx/libmodules__hal_nordic__nrfx.a(nrfx_gpiote.c.obj)
                0x000000000000cfe0                nrfx_gpiote_trigger_disable
 .text.nrf_gpio_cfg_input.constprop.0
                0x000000000000cfe4        0x8 modules/hal_nordic/modules/hal_nordic/nrfx/libmodules__hal_nordic__nrfx.a(nrfx_i2s.c.obj)
 .text.nrf_gpio_cfg_default
                0x000000000000cfec        0x8 modules/hal_nordic/modules/hal_nordic/nrfx/libmodules__hal_nordic__nrfx.a(nrfx_i2s.c.obj)
 .text.nrf_gpio_cfg_output
                0x000000000000cff4        0x8 modules/hal_nordic/modules/hal_nordic/nrfx/libmodules__hal_nordic__nrfx.a(nrfx_i2s.c.obj)
 .text.nrfx_power_clock_irq_handler
                0x000000000000cffc        0xe modules/hal_nordic/modules/hal_nordic/nrfx/libmodules__hal_nordic__nrfx.a(nrfx_power.c.obj)
                0x000000000000cffc                nrfx_power_clock_irq_handler
 .text.z_impl_k_busy_wait
                0x000000000000d00a        0x8 zephyr/kernel/libkernel.a(busy_wait.c.obj)
                0x000000000000d00a                z_impl_k_busy_wait
 .text.z_impl_device_is_ready
                0x000000000000d012       0x16 zephyr/kernel/libkernel.a(device.c.obj)
                0x000000000000d012                z_impl_device_is_ready
 .text.do_device_init
                0x000000000000d028       0x2e zephyr/kernel/libkernel.a(init.c.obj)
 .text.z_early_memset
                0x000000000000d056        0x4 zephyr/kernel/libkernel.a(init.c.obj)
                0x000000000000d056                z_early_memset
 .text.z_early_memcpy
                0x000000000000d05a        0x4 zephyr/kernel/libkernel.a(init.c.obj)
                0x000000000000d05a                z_early_memcpy
 .text.create_free_list
                0x000000000000d05e       0x34 zephyr/kernel/libkernel.a(mem_slab.c.obj)
 .text.k_mem_slab_init
                0x000000000000d092       0x1e zephyr/kernel/libkernel.a(mem_slab.c.obj)
                0x000000000000d092                k_mem_slab_init
 .text.k_msgq_init
                0x000000000000d0b0       0x20 zephyr/kernel/libkernel.a(msg_q.c.obj)
                0x000000000000d0b0                k_msgq_init
 .text.adjust_owner_prio.isra.0
                0x000000000000d0d0       0x10 zephyr/kernel/libkernel.a(mutex.c.obj)
 .text.z_impl_k_mutex_init
                0x000000000000d0e0        0xe zephyr/kernel/libkernel.a(mutex.c.obj)
                0x000000000000d0e0                z_impl_k_mutex_init
 .text.z_queue_node_peek
                0x000000000000d0ee       0x18 zephyr/kernel/libkernel.a(queue.c.obj)
                0x000000000000d0ee                z_queue_node_peek
 .text.k_queue_append
                0x000000000000d106       0x16 zephyr/kernel/libkernel.a(queue.c.obj)
                0x000000000000d106                k_queue_append
 .text.z_impl_k_sem_init
                0x000000000000d11c       0x18 zephyr/kernel/libkernel.a(sem.c.obj)
                0x000000000000d11c                z_impl_k_sem_init
 .text.flag_test_and_clear
                0x000000000000d134       0x16 zephyr/kernel/libkernel.a(work.c.obj)
 .text.unschedule_locked
                0x000000000000d14a       0x1e zephyr/kernel/libkernel.a(work.c.obj)
 .text.notify_queue_locked.isra.0
                0x000000000000d168        0xe zephyr/kernel/libkernel.a(work.c.obj)
 .text.k_work_submit_to_queue
                0x000000000000d176       0x20 zephyr/kernel/libkernel.a(work.c.obj)
                0x000000000000d176                k_work_submit_to_queue
 .text.k_is_in_isr
                0x000000000000d196        0xc zephyr/kernel/libkernel.a(thread.c.obj)
                0x000000000000d196                k_is_in_isr
 .text.z_impl_k_thread_name_set
                0x000000000000d1a2        0x6 zephyr/kernel/libkernel.a(thread.c.obj)
                0x000000000000d1a2                z_impl_k_thread_name_set
 .text.k_thread_name_get
                0x000000000000d1a8        0x4 zephyr/kernel/libkernel.a(thread.c.obj)
                0x000000000000d1a8                k_thread_name_get
 .text.sys_dlist_remove
                0x000000000000d1ac       0x10 zephyr/kernel/libkernel.a(sched.c.obj)
 .text.add_to_waitq_locked
                0x000000000000d1bc       0x50 zephyr/kernel/libkernel.a(sched.c.obj)
 .text.z_thread_timeout
                0x000000000000d20c        0x8 zephyr/kernel/libkernel.a(sched.c.obj)
                0x000000000000d20c                z_thread_timeout
 .text.z_unpend_thread
                0x000000000000d214       0x14 zephyr/kernel/libkernel.a(sched.c.obj)
                0x000000000000d214                z_unpend_thread
 .text.z_unpend_all
                0x000000000000d228       0x26 zephyr/kernel/libkernel.a(sched.c.obj)
                0x000000000000d228                z_unpend_all
 .text.next_timeout
                0x000000000000d24e       0x2e zephyr/kernel/libkernel.a(timeout.c.obj)
 .text.sys_clock_tick_get_32
                0x000000000000d27c        0x8 zephyr/kernel/libkernel.a(timeout.c.obj)
                0x000000000000d27c                sys_clock_tick_get_32
 .text.sys_timepoint_calc
                0x000000000000d284       0x48 zephyr/kernel/libkernel.a(timeout.c.obj)
                0x000000000000d284                sys_timepoint_calc
 .text.sys_timepoint_timeout
                0x000000000000d2cc       0x42 zephyr/kernel/libkernel.a(timeout.c.obj)
                0x000000000000d2cc                sys_timepoint_timeout
 .text.k_free   0x000000000000d30e        0xe zephyr/kernel/libkernel.a(mempool.c.obj)
                0x000000000000d30e                k_free
 .text.k_heap_init