Archive member included to satisfy reference by file (symbol)

app/libapp.a(app_nfc.c.obj)   (--whole-archive)
app/libapp.a(main.c.obj)      (--whole-archive)
app/libapp.a(ws2812_i2s.c.obj)
                              (--whole-archive)
zephyr/libzephyr.a(heap.c.obj)
                              (--whole-archive)
zephyr/libzephyr.a(cbprintf_packaged.c.obj)
                              (--whole-archive)
zephyr/libzephyr.a(printk.c.obj)
                              (--whole-archive)
zephyr/libzephyr.a(sem.c.obj)
                              (--whole-archive)
zephyr/libzephyr.a(thread_entry.c.obj)
                              (--whole-archive)
zephyr/libzephyr.a(cbprintf_complete.c.obj)
                              (--whole-archive)
zephyr/libzephyr.a(assert.c.obj)
                              (--whole-archive)
zephyr/libzephyr.a(mpsc_pbuf.c.obj)
                              (--whole-archive)
zephyr/libzephyr.a(dec.c.obj)
                              (--whole-archive)
zephyr/libzephyr.a(hex.c.obj)
                              (--whole-archive)
zephyr/libzephyr.a(rb.c.obj)  (--whole-archive)
zephyr/libzephyr.a(timeutil.c.obj)
                              (--whole-archive)
zephyr/libzephyr.a(bitarray.c.obj)
                              (--whole-archive)
zephyr/libzephyr.a(onoff.c.obj)
                              (--whole-archive)
zephyr/libzephyr.a(notify.c.obj)
                              (--whole-archive)
zephyr/libzephyr.a(ring_buffer.c.obj)
                              (--whole-archive)
zephyr/libzephyr.a(last_section_id.c.obj)
                              (--whole-archive)
zephyr/libzephyr.a(configs.c.obj)
                              (--whole-archive)
zephyr/libzephyr.a(log_core.c.obj)
                              (--whole-archive)
zephyr/libzephyr.a(log_mgmt.c.obj)
                              (--whole-archive)
zephyr/libzephyr.a(log_cache.c.obj)
                              (--whole-archive)
zephyr/libzephyr.a(log_msg.c.obj)
                              (--whole-archive)
zephyr/libzephyr.a(log_output.c.obj)
                              (--whole-archive)
zephyr/libzephyr.a(log_backend_uart.c.obj)
                              (--whole-archive)
zephyr/libzephyr.a(mem_attr.c.obj)
                              (--whole-archive)
zephyr/libzephyr.a(tracing_none.c.obj)
                              (--whole-archive)
zephyr/libzephyr.a(usb_device.c.obj)
                              (--whole-archive)
zephyr/libzephyr.a(usb_descriptor.c.obj)
                              (--whole-archive)
zephyr/libzephyr.a(usb_transfer.c.obj)
                              (--whole-archive)
zephyr/libzephyr.a(banner.c.obj)
                              (--whole-archive)
zephyr/libzephyr.a(flash_map_partition_manager.c.obj)
                              (--whole-archive)
zephyr/libzephyr.a(nrf_cc3xx_platform_abort_zephyr.c.obj)
                              (--whole-archive)
zephyr/libzephyr.a(nrf_cc3xx_platform_mutex_zephyr.c.obj)
                              (--whole-archive)
zephyr/arch/common/libarch__common.a(sw_isr_common.c.obj)
                              (--whole-archive)
zephyr/arch/arch/arm/core/libarch__arm__core.a(fatal.c.obj)
                              (--whole-archive)
zephyr/arch/arch/arm/core/libarch__arm__core.a(nmi.c.obj)
                              (--whole-archive)
zephyr/arch/arch/arm/core/libarch__arm__core.a(nmi_on_reset.S.obj)
                              (--whole-archive)
zephyr/arch/arch/arm/core/libarch__arm__core.a(tls.c.obj)
                              (--whole-archive)
zephyr/arch/arch/arm/core/cortex_m/libarch__arm__core__cortex_m.a(exc_exit.c.obj)
                              (--whole-archive)
zephyr/arch/arch/arm/core/cortex_m/libarch__arm__core__cortex_m.a(fault.c.obj)
                              (--whole-archive)
zephyr/arch/arch/arm/core/cortex_m/libarch__arm__core__cortex_m.a(fault_s.S.obj)
                              (--whole-archive)
zephyr/arch/arch/arm/core/cortex_m/libarch__arm__core__cortex_m.a(fpu.c.obj)
                              (--whole-archive)
zephyr/arch/arch/arm/core/cortex_m/libarch__arm__core__cortex_m.a(reset.S.obj)
                              (--whole-archive)
zephyr/arch/arch/arm/core/cortex_m/libarch__arm__core__cortex_m.a(scb.c.obj)
                              (--whole-archive)
zephyr/arch/arch/arm/core/cortex_m/libarch__arm__core__cortex_m.a(thread_abort.c.obj)
                              (--whole-archive)
zephyr/arch/arch/arm/core/cortex_m/libarch__arm__core__cortex_m.a(vector_table.S.obj)
                              (--whole-archive)
zephyr/arch/arch/arm/core/cortex_m/libarch__arm__core__cortex_m.a(swap_helper.S.obj)
                              (--whole-archive)
zephyr/arch/arch/arm/core/cortex_m/libarch__arm__core__cortex_m.a(irq_manage.c.obj)
                              (--whole-archive)
zephyr/arch/arch/arm/core/cortex_m/libarch__arm__core__cortex_m.a(prep_c.c.obj)
                              (--whole-archive)
[...]
Memory Configuration

Name             Origin             Length             Attributes
FLASH            0x0000000000000000 0x0000000000100000 xr
RAM              0x0000000020000000 0x0000000000070000 xw
IDT_LIST         0x00000000ffff7fff 0x0000000000008000 xw
*default*        0x0000000000000000 0xffffffffffffffff

Linker script and memory map

                0x000000000000a8d4                vfprintf = __l_vfprintf
                0x0000000000000000                vfscanf = __l_vfscanf
LOAD zephyr/CMakeFiles/zephyr_final.dir/misc/empty_file.c.obj
LOAD zephyr/CMakeFiles/zephyr_final.dir/isr_tables.c.obj
LOAD zephyr/CMakeFiles/offsets.dir/./arch/arm/core/offsets/offsets.c.obj
LOAD app/libapp.a
LOAD zephyr/libzephyr.a
LOAD zephyr/arch/common/libarch__common.a
LOAD zephyr/arch/arch/arm/core/libarch__arm__core.a
LOAD zephyr/arch/arch/arm/core/cortex_m/libarch__arm__core__cortex_m.a
LOAD zephyr/arch/arch/arm/core/cortex_m/cmse/libarch__arm__core__cortex_m__cmse.a
LOAD zephyr/arch/arch/arm/core/mpu/libarch__arm__core__mpu.a
LOAD zephyr/lib/libc/picolibc/liblib__libc__picolibc.a
LOAD zephyr/lib/libc/common/liblib__libc__common.a
LOAD zephyr/soc/soc/nrf5340/libsoc__nordic.a
LOAD zephyr/subsys/usb/device/class/hid/libsubsys__usb__device__class__hid.a
LOAD zephyr/subsys/input/libsubsys__input.a
LOAD zephyr/drivers/usb/device/libdrivers__usb__device.a
LOAD zephyr/drivers/usb/common/nrf_usbd_common/libdrivers__usb__common__nrf_usbd_common.a
LOAD zephyr/drivers/clock_control/libdrivers__clock_control.a
LOAD zephyr/drivers/console/libdrivers__console.a
LOAD zephyr/drivers/gpio/libdrivers__gpio.a
LOAD zephyr/drivers/hwinfo/libdrivers__hwinfo.a
LOAD zephyr/drivers/i2s/libdrivers__i2s.a
LOAD zephyr/drivers/input/libdrivers__input.a
LOAD zephyr/drivers/pinctrl/libdrivers__pinctrl.a
LOAD zephyr/drivers/serial/libdrivers__serial.a
LOAD zephyr/drivers/timer/libdrivers__timer.a
LOAD modules/nrf/drivers/hw_cc3xx/lib..__nrf__drivers__hw_cc3xx.a
LOAD modules/hal_nordic/modules/hal_nordic/nrfx/libmodules__hal_nordic__nrfx.a
LOAD zephyr/kernel/libkernel.a
LOAD zephyr/arch/common/libisr_tables.a
LOAD C:/ncs/v3.1.0/nrfxlib/crypto/nrf_cc312_platform/lib/cortex-m33/soft-float/no-interrupts/libnrf_cc312_platform_0.9.19.a
LOAD c:\ncs\toolchains\b8b84efebd\opt\zephyr-sdk\arm-zephyr-eabi\bin\../lib/gcc/../../picolibc/arm-zephyr-eabi/lib/thumb/v8-m.main/nofp\libc.a
LOAD c:/ncs/toolchains/b8b84efebd/opt/zephyr-sdk/arm-zephyr-eabi/bin/../lib/gcc/arm-zephyr-eabi/12.2.0/thumb/v8-m.main/nofp\libgcc.a
                0x0000000000000020                _region_min_align = 0x20

.rel.plt        0x0000000000000000        0x0
 *(SORT_BY_ALIGNMENT(.rel.plt))
                [!provide]                        PROVIDE (__rel_iplt_start = .)
 *(SORT_BY_ALIGNMENT(.rel.iplt))
 .rel.iplt      0x0000000000000000        0x0 zephyr/CMakeFiles/zephyr_final.dir/isr_tables.c.obj
                [!provide]                        PROVIDE (__rel_iplt_end = .)

.rela.plt       0x0000000000000000        0x0
 *(SORT_BY_ALIGNMENT(.rela.plt))
                [!provide]                        PROVIDE (__rela_iplt_start = .)
 *(SORT_BY_ALIGNMENT(.rela.iplt))
                [!provide]                        PROVIDE (__rela_iplt_end = .)

.rel.dyn
 *(SORT_BY_ALIGNMENT(.rel.*))

.rela.dyn
 *(SORT_BY_ALIGNMENT(.rela.*))

/DISCARD/
 *(SORT_BY_ALIGNMENT(.plt))

/DISCARD/
 *(SORT_BY_ALIGNMENT(.iplt))
                0x0000000000000000                __rom_region_start = 0x0

rom_start       0x0000000000000000      0x154
                0x0000000000000000                __rom_start_address = .
 FILL mask 0x00
                0x0000000000000000                . = (. + (0x0 - (. - __rom_start_address)))
                0x0000000000000000                . = ALIGN (0x4)
                0x0000000000000000                . = ALIGN (0x80)
                0x0000000000000000                . = ALIGN (0x200)
                0x0000000000000000                _vector_start = .
 *(SORT_BY_ALIGNMENT(.exc_vector_table))
 *(SORT_BY_ALIGNMENT(.exc_vector_table.*))
 .exc_vector_table._vector_table_section
                0x0000000000000000       0x40 zephyr/arch/arch/arm/core/cortex_m/libarch__arm__core__cortex_m.a(vector_table.S.obj)
                0x0000000000000000                _vector_table
 *(SORT_BY_ALIGNMENT(.vectors))
                0x0000000000000154                _vector_end = .
                0x0000000000000040                . = ALIGN (0x4)
 *(SORT_BY_ALIGNMENT(.gnu.linkonce.irq_vector_table*))
 .gnu.linkonce.irq_vector_table
                0x0000000000000040      0x114 zephyr/CMakeFiles/zephyr_final.dir/isr_tables.c.obj
                0x0000000000000040                _irq_vector_table
                0x0000000000000154                _vector_end = .

text            0x0000000000000154     0xcf18
                0x0000000000000154                __text_region_start = .
 *(SORT_BY_ALIGNMENT(.text))
 .text          0x0000000000000154       0x30 c:/ncs/toolchains/b8b84efebd/opt/zephyr-sdk/arm-zephyr-eabi/bin/../lib/gcc/arm-zephyr-eabi/12.2.0/thumb/v8-m.main/nofp\libgcc.a(_aeabi_uldivmod.o)
                0x0000000000000154                __aeabi_uldivmod
 .text          0x0000000000000184        0x4 c:/ncs/toolchains/b8b84efebd/opt/zephyr-sdk/arm-zephyr-eabi/bin/../lib/gcc/arm-zephyr-eabi/12.2.0/thumb/v8-m.main/nofp\libgcc.a(_dvmd_tls.o)
                0x0000000000000184                __aeabi_idiv0
                0x0000000000000184                __aeabi_ldiv0
 .text          0x0000000000000188       0x14 c:\ncs\toolchains\b8b84efebd\opt\zephyr-sdk\arm-zephyr-eabi\bin\../lib/gcc/../../picolibc/arm-zephyr-eabi/lib/thumb/v8-m.main/nofp\libc.a(strcmp.S.o)
                0x0000000000000188                strcmp
 .text          0x000000000000019c       0x10 c:\ncs\toolchains\b8b84efebd\opt\zephyr-sdk\arm-zephyr-eabi\bin\../lib/gcc/../../picolibc/arm-zephyr-eabi/lib/thumb/v8-m.main/nofp\libc.a(strlen.S.o)
                0x000000000000019c                strlen
 .text          0x00000000000001ac      0x29c c:/ncs/toolchains/b8b84efebd/opt/zephyr-sdk/arm-zephyr-eabi/bin/../lib/gcc/arm-zephyr-eabi/12.2.0/thumb/v8-m.main/nofp\libgcc.a(_udivmoddi4.o)
                0x00000000000001ac                __udivmoddi4
 *(SORT_BY_ALIGNMENT(.text.*))
 .text.handle_key_event.part.0
                0x0000000000000448      0x110 app/libapp.a(main.c.obj)
 .text.main     0x0000000000000558       0xb0 app/libapp.a(main.c.obj)
                0x0000000000000558                main
 .text.ws2812_i2s_init
                0x0000000000000608       0xb4 app/libapp.a(ws2812_i2s.c.obj)
 .text.ws2812_strip_update_rgb
                0x00000000000006bc      0x13c app/libapp.a(ws2812_i2s.c.obj)
 .text.cbvprintf_package
                0x00000000000007f8      0x3a4 zephyr/libzephyr.a(cbprintf_packaged.c.obj)
                0x00000000000007f8                cbvprintf_package
 .text.cbprintf_package_convert
                0x0000000000000b9c      0x3cc zephyr/libzephyr.a(cbprintf_packaged.c.obj)
                0x0000000000000b9c                cbprintf_package_convert
 .text.__printk_hook_install
                0x0000000000000f68        0xc zephyr/libzephyr.a(printk.c.obj)
                0x0000000000000f68                __printk_hook_install
 .text.z_thread_entry
                0x0000000000000f74       0x34 zephyr/libzephyr.a(thread_entry.c.obj)
                0x0000000000000f74                z_thread_entry
 .text.process_event
                0x0000000000000fa8      0x21c zephyr/libzephyr.a(onoff.c.obj)
 .text.activate_foreach_backend
                0x00000000000011c4       0x64 zephyr/libzephyr.a(log_core.c.obj)
 .text.enable_logger
                0x0000000000001228       0x5c zephyr/libzephyr.a(log_core.c.obj)
 .text.log_process_thread_timer_expiry_fn
                0x0000000000001284        0xc zephyr/libzephyr.a(log_core.c.obj)
 .text.z_log_init
                0x0000000000001290       0x98 zephyr/libzephyr.a(log_core.c.obj)
 .text.log_format_func_t_get
                0x0000000000001328        0xc zephyr/libzephyr.a(log_core.c.obj)
                0x0000000000001328                log_format_func_t_get
 .text.log_set_timestamp_func
                0x0000000000001334       0x20 zephyr/libzephyr.a(log_core.c.obj)
                0x0000000000001334                log_set_timestamp_func
 .text.z_log_notify_backend_enabled
                0x0000000000001354       0x1c zephyr/libzephyr.a(log_core.c.obj)
                0x0000000000001354                z_log_notify_backend_enabled
 .text.z_log_dropped
                0x0000000000001370       0x3c zephyr/libzephyr.a(log_core.c.obj)
                0x0000000000001370                z_log_dropped
 .text.z_log_dropped_read_and_clear
                0x00000000000013ac       0x18 zephyr/libzephyr.a(log_core.c.obj)
                0x00000000000013ac                z_log_dropped_read_and_clear
 .text.dropped_notify
                0x00000000000013c4       0x30 zephyr/libzephyr.a(log_core.c.obj)
                0x00000000000013c4                dropped_notify
 .text.z_log_msg_init
                0x00000000000013f4       0x20 zephyr/libzephyr.a(log_core.c.obj)
                0x00000000000013f4                z_log_msg_init
 .text.log_core_init
                0x0000000000001414       0x50 zephyr/libzephyr.a(log_core.c.obj)
                0x0000000000001414                log_core_init
 .text.z_log_msg_alloc
                0x0000000000001464       0x10 zephyr/libzephyr.a(log_core.c.obj)
                0x0000000000001464                z_log_msg_alloc
 .text.z_log_msg_local_claim
                0x0000000000001474        0xc zephyr/libzephyr.a(log_core.c.obj)
                0x0000000000001474                z_log_msg_local_claim
 .text.z_log_msg_free
                0x0000000000001480       0x10 zephyr/libzephyr.a(log_core.c.obj)
                0x0000000000001480                z_log_msg_free
 .text.z_log_msg_pending
                0x0000000000001490        0xc zephyr/libzephyr.a(log_core.c.obj)
                0x0000000000001490                z_log_msg_pending
 .text.z_impl_log_process
                0x000000000000149c       0xb8 zephyr/libzephyr.a(log_core.c.obj)
                0x000000000000149c                z_impl_log_process
 .text.z_impl_log_panic
                0x0000000000001554       0x44 zephyr/libzephyr.a(log_core.c.obj)
                0x0000000000001554                z_impl_log_panic
 .text.log_process_thread_func
                0x0000000000001598       0xa4 zephyr/libzephyr.a(log_core.c.obj)
 .text.z_log_msg_post_finalize
                0x000000000000163c       0x78 zephyr/libzephyr.a(log_core.c.obj)
 .text.z_log_msg_commit
                0x00000000000016b4       0x24 zephyr/libzephyr.a(log_core.c.obj)
                0x00000000000016b4                z_log_msg_commit
 .text.log_source_name_get
                0x00000000000016d8       0x1c zephyr/libzephyr.a(log_mgmt.c.obj)
                0x00000000000016d8                log_source_name_get
 .text.z_impl_z_log_msg_static_create
                0x00000000000016f4      0x108 zephyr/libzephyr.a(log_msg.c.obj)
                0x00000000000016f4                z_impl_z_log_msg_static_create
 .text.z_log_msg_runtime_vcreate
                0x00000000000017fc       0xa0 zephyr/libzephyr.a(log_msg.c.obj)
                0x00000000000017fc                z_log_msg_runtime_vcreate
 .text.log_msg_get_source_id
                0x000000000000189c       0x18 zephyr/libzephyr.a(log_msg.c.obj)
                0x000000000000189c                log_msg_get_source_id
 .text.print_formatted
                0x00000000000018b4       0x24 zephyr/libzephyr.a(log_output.c.obj)
 .text.newline_print
                0x00000000000018d8       0x1c zephyr/libzephyr.a(log_output.c.obj)
 .text.log_output_process
                0x00000000000018f4      0x2d4 zephyr/libzephyr.a(log_output.c.obj)
                0x00000000000018f4                log_output_process
 .text.log_output_dropped_process
                0x0000000000001bc8       0x58 zephyr/libzephyr.a(log_output.c.obj)
                0x0000000000001bc8                log_output_dropped_process
 .text.log_output_timestamp_freq_set
                0x0000000000001c20       0x2c zephyr/libzephyr.a(log_output.c.obj)
                0x0000000000001c20                log_output_timestamp_freq_set
 .text.char_out
                0x0000000000001c4c       0x24 zephyr/libzephyr.a(log_backend_uart.c.obj)
 .text.mem_attr_get_regions
                0x0000000000001c70        0xc zephyr/libzephyr.a(mem_attr.c.obj)
                0x0000000000001c70                mem_attr_get_regions
 .text.class_handler
                0x0000000000001c7c       0x44 zephyr/libzephyr.a(usb_device.c.obj)
 .text.custom_handler
                0x0000000000001cc0       0x64 zephyr/libzephyr.a(usb_device.c.obj)
 .text.vendor_handler
                0x0000000000001d24       0x3c zephyr/libzephyr.a(usb_device.c.obj)
 .text.usb_reset_alt_setting
                0x0000000000001d60       0x10 zephyr/libzephyr.a(usb_device.c.obj)
 .text.is_ep_valid.part.0
                0x0000000000001d70       0x38 zephyr/libzephyr.a(usb_device.c.obj)
 .text.usb_halt_endpoint_req
                0x0000000000001da8       0x7c zephyr/libzephyr.a(usb_device.c.obj)
 .text.get_ep_bm_from_addr.part.0
                0x0000000000001e24       0x1c zephyr/libzephyr.a(usb_device.c.obj)
 .text.disable_endpoint
                0x0000000000001e40       0x58 zephyr/libzephyr.a(usb_device.c.obj)
 .text.usb_handle_request.constprop.0
                0x0000000000001e98       0x2c zephyr/libzephyr.a(usb_device.c.obj)
 .text.forward_status_cb
                0x0000000000001ec4       0xb0 zephyr/libzephyr.a(usb_device.c.obj)
 .text.set_endpoint
                0x0000000000001f74       0xcc zephyr/libzephyr.a(usb_device.c.obj)
 .text.usb_handle_standard_request
                0x0000000000002040      0x2f4 zephyr/libzephyr.a(usb_device.c.obj)
 .text.usb_write
                0x0000000000002334       0x4c zephyr/libzephyr.a(usb_device.c.obj)
                0x0000000000002334                usb_write
 .text.usb_data_to_host
                0x0000000000002380       0x60 zephyr/libzephyr.a(usb_device.c.obj)
 .text.usb_handle_control_transfer
                0x00000000000023e0       0xf4 zephyr/libzephyr.a(usb_device.c.obj)
 .text.usb_set_config
                0x00000000000024d4       0x2c zephyr/libzephyr.a(usb_device.c.obj)
                0x00000000000024d4                usb_set_config
 .text.usb_enable
                0x0000000000002500      0x160 zephyr/libzephyr.a(usb_device.c.obj)
                0x0000000000002500                usb_enable
 .text.usb_update_sn_string_descriptor
                0x0000000000002660       0x88 zephyr/libzephyr.a(usb_descriptor.c.obj)
                0x0000000000002660                usb_update_sn_string_descriptor
 .text.usb_get_device_descriptor
                0x00000000000026e8      0x25c zephyr/libzephyr.a(usb_descriptor.c.obj)
                0x00000000000026e8                usb_get_device_descriptor
 .text.usb_ep_get_transfer
                0x0000000000002944       0x2c zephyr/libzephyr.a(usb_transfer.c.obj)
 .text.usb_transfer_work
                0x0000000000002970      0x118 zephyr/libzephyr.a(usb_transfer.c.obj)
 .text.usb_cancel_transfer
                0x0000000000002a88       0x3c zephyr/libzephyr.a(usb_transfer.c.obj)
                0x0000000000002a88                usb_cancel_transfer
 .text.usb_cancel_transfers
                0x0000000000002ac4       0x44 zephyr/libzephyr.a(usb_transfer.c.obj)
                0x0000000000002ac4                usb_cancel_transfers
 .text.usb_transfer_init
                0x0000000000002b08       0x34 zephyr/libzephyr.a(usb_transfer.c.obj)
                0x0000000000002b08                usb_transfer_init
 .text.boot_banner
                0x0000000000002b3c       0x1c zephyr/libzephyr.a(banner.c.obj)
                0x0000000000002b3c                boot_banner
 .text.nrf_cc3xx_platform_abort_init
                0x0000000000002b58        0xc zephyr/libzephyr.a(nrf_cc3xx_platform_abort_zephyr.c.obj)
                0x0000000000002b58                nrf_cc3xx_platform_abort_init
 .text.mutex_free_platform
                0x0000000000002b64       0x54 zephyr/libzephyr.a(nrf_cc3xx_platform_mutex_zephyr.c.obj)
 .text.mutex_lock_platform
                0x0000000000002bb8       0x74 zephyr/libzephyr.a(nrf_cc3xx_platform_mutex_zephyr.c.obj)
 .text.mutex_unlock_platform
                0x0000000000002c2c       0x68 zephyr/libzephyr.a(nrf_cc3xx_platform_mutex_zephyr.c.obj)
 .text.mutex_init_platform
                0x0000000000002c94       0x94 zephyr/libzephyr.a(nrf_cc3xx_platform_mutex_zephyr.c.obj)
 .text.nrf_cc3xx_platform_mutex_init
                0x0000000000002d28       0x2c zephyr/libzephyr.a(nrf_cc3xx_platform_mutex_zephyr.c.obj)
                0x0000000000002d28                nrf_cc3xx_platform_mutex_init
 .text.z_arm_fatal_error
                0x0000000000002d54       0xb8 zephyr/arch/arch/arm/core/libarch__arm__core.a(fatal.c.obj)
                0x0000000000002d54                z_arm_fatal_error
 .text.z_SysNmiOnReset
                0x0000000000002e0c        0x8 zephyr/arch/arch/arm/core/libarch__arm__core.a(nmi_on_reset.S.obj)
                0x0000000000002e0c                z_SysNmiOnReset
 .text.arch_tls_stack_setup
                0x0000000000002e14       0x40 zephyr/arch/arch/arm/core/libarch__arm__core.a(tls.c.obj)
                0x0000000000002e14                arch_tls_stack_setup
 .text._HandlerModeExit
                0x0000000000002e54       0x20 zephyr/arch/arch/arm/core/cortex_m/libarch__arm__core__cortex_m.a(exc_exit.c.obj)
                0x0000000000002e54                z_arm_int_exit
                0x0000000000002e54                z_arm_exc_exit
 .text.mem_manage_fault.constprop.0
                0x0000000000002e74       0xd0 zephyr/arch/arch/arm/core/cortex_m/libarch__arm__core__cortex_m.a(fault.c.obj)
 .text.usage_fault.constprop.0
                0x0000000000002f44       0xbc zephyr/arch/arch/arm/core/cortex_m/libarch__arm__core__cortex_m.a(fault.c.obj)
 .text.bus_fault.constprop.0
                0x0000000000003000       0xd0 zephyr/arch/arch/arm/core/cortex_m/libarch__arm__core__cortex_m.a(fault.c.obj)
 .text.z_arm_fault
                0x00000000000030d0      0x1d0 zephyr/arch/arch/arm/core/cortex_m/libarch__arm__core__cortex_m.a(fault.c.obj)
                0x00000000000030d0                z_arm_fault
 .text.z_arm_fault_init
                0x00000000000032a0       0x20 zephyr/arch/arch/arm/core/cortex_m/libarch__arm__core__cortex_m.a(fault.c.obj)
                0x00000000000032a0                z_arm_fault_init
 .text.__fault  0x00000000000032c0       0x14 zephyr/arch/arch/arm/core/cortex_m/libarch__arm__core__cortex_m.a(fault_s.S.obj)
                0x00000000000032c0                z_arm_usage_fault
                0x00000000000032c0                z_arm_mpu_fault
                0x00000000000032c0                z_arm_exc_spurious
                0x00000000000032c0                z_arm_debug_monitor
                0x00000000000032c0                z_arm_hard_fault
                0x00000000000032c0                z_arm_bus_fault
 .text._reset_section
                0x00000000000032d4       0x60 zephyr/arch/arch/arm/core/cortex_m/libarch__arm__core__cortex_m.a(reset.S.obj)
                0x00000000000032d4                __start
                0x00000000000032d4                z_arm_reset
 .text.z_arm_clear_arm_mpu_config
                0x0000000000003334       0x24 zephyr/arch/arch/arm/core/cortex_m/libarch__arm__core__cortex_m.a(scb.c.obj)
                0x0000000000003334                z_arm_clear_arm_mpu_config
 .text.z_arm_init_arch_hw_at_boot
                0x0000000000003358       0x4c zephyr/arch/arch/arm/core/cortex_m/libarch__arm__core__cortex_m.a(scb.c.obj)
                0x0000000000003358                z_arm_init_arch_hw_at_boot
 .text.z_impl_k_thread_abort
                0x00000000000033a4       0x2c zephyr/arch/arch/arm/core/cortex_m/libarch__arm__core__cortex_m.a(thread_abort.c.obj)
                0x00000000000033a4                z_impl_k_thread_abort
 .text.z_arm_pendsv
                0x00000000000033d0       0x60 zephyr/arch/arch/arm/core/cortex_m/libarch__arm__core__cortex_m.a(swap_helper.S.obj)
                0x00000000000033d0                z_arm_pendsv
 .text.z_arm_svc
                0x0000000000003430       0x24 zephyr/arch/arch/arm/core/cortex_m/libarch__arm__core__cortex_m.a(swap_helper.S.obj)
                0x0000000000003430                z_arm_svc
 .text.arm_irq_enable
                0x0000000000003454       0x1c zephyr/arch/arch/arm/core/cortex_m/libarch__arm__core__cortex_m.a(irq_manage.c.obj)
                0x0000000000003454                arm_irq_enable
 .text.arm_irq_disable
                0x0000000000003470       0x28 zephyr/arch/arch/arm/core/cortex_m/libarch__arm__core__cortex_m.a(irq_manage.c.obj)
                0x0000000000003470                arm_irq_disable
 .text.arm_irq_is_enabled
                0x0000000000003498       0x1c zephyr/arch/arch/arm/core/cortex_m/libarch__arm__core__cortex_m.a(irq_manage.c.obj)
                0x0000000000003498                arm_irq_is_enabled
 .text.arm_irq_priority_set
                0x00000000000034b4       0x2c zephyr/arch/arch/arm/core/cortex_m/libarch__arm__core__cortex_m.a(irq_manage.c.obj)
                0x00000000000034b4                arm_irq_priority_set
 .text.relocate_vector_table
                0x00000000000034e0       0x1c zephyr/arch/arch/arm/core/cortex_m/libarch__arm__core__cortex_m.a(prep_c.c.obj)
                0x00000000000034e0                relocate_vector_table
 .text.z_prep_c
                0x00000000000034fc       0x28 zephyr/arch/arch/arm/core/cortex_m/libarch__arm__core__cortex_m.a(prep_c.c.obj)
                0x00000000000034fc                z_prep_c
 .text.arch_new_thread
                0x0000000000003524       0x38 zephyr/arch/arch/arm/core/cortex_m/libarch__arm__core__cortex_m.a(thread.c.obj)
                0x0000000000003524                arch_new_thread
 .text.arch_switch_to_main_thread
                0x000000000000355c       0x40 zephyr/arch/arch/arm/core/cortex_m/libarch__arm__core__cortex_m.a(thread.c.obj)
                0x000000000000355c                arch_switch_to_main_thread
 .text.z_arm_cpu_idle_init
                0x000000000000359c        0xc zephyr/arch/arch/arm/core/cortex_m/libarch__arm__core__cortex_m.a(cpu_idle.c.obj)
                0x000000000000359c                z_arm_cpu_idle_init
 .text.z_arm_interrupt_init
                0x00000000000035a8       0x18 zephyr/arch/arch/arm/core/cortex_m/libarch__arm__core__cortex_m.a(irq_init.c.obj)
                0x00000000000035a8                z_arm_interrupt_init
 .text._isr_wrapper
                0x00000000000035c0       0x24 zephyr/arch/arch/arm/core/cortex_m/libarch__arm__core__cortex_m.a(isr_wrapper.c.obj)
                0x00000000000035c0                _isr_wrapper
 .text.z_arm_configure_static_mpu_regions
                0x00000000000035e4       0x38 zephyr/arch/arch/arm/core/mpu/libarch__arm__core__mpu.a(arm_core_mpu.c.obj)
                0x00000000000035e4                z_arm_configure_static_mpu_regions
 .text.region_init
                0x000000000000361c       0x34 zephyr/arch/arch/arm/core/mpu/libarch__arm__core__mpu.a(arm_mpu.c.obj)
 .text.region_allocate_and_init
                0x0000000000003650       0x38 zephyr/arch/arch/arm/core/mpu/libarch__arm__core__mpu.a(arm_mpu.c.obj)
 .text.mpu_configure_regions_and_partition.constprop.0
                0x0000000000003688      0x164 zephyr/arch/arch/arm/core/mpu/libarch__arm__core__mpu.a(arm_mpu.c.obj)
 .text.arm_core_mpu_enable
                0x00000000000037ec       0x18 zephyr/arch/arch/arm/core/mpu/libarch__arm__core__mpu.a(arm_mpu.c.obj)
                0x00000000000037ec                arm_core_mpu_enable
 .text.arm_core_mpu_disable
                0x0000000000003804       0x14 zephyr/arch/arch/arm/core/mpu/libarch__arm__core__mpu.a(arm_mpu.c.obj)
                0x0000000000003804                arm_core_mpu_disable
 .text.arm_core_mpu_configure_static_mpu_regions
                0x0000000000003818       0x14 zephyr/arch/arch/arm/core/mpu/libarch__arm__core__mpu.a(arm_mpu.c.obj)
                0x0000000000003818                arm_core_mpu_configure_static_mpu_regions
 .text.arm_core_mpu_mark_areas_for_dynamic_regions
                0x000000000000382c       0xb8 zephyr/arch/arch/arm/core/mpu/libarch__arm__core__mpu.a(arm_mpu.c.obj)
                0x000000000000382c                arm_core_mpu_mark_areas_for_dynamic_regions
 .text.z_arm_mpu_init
                0x00000000000038e4      0x11c zephyr/arch/arch/arm/core/mpu/libarch__arm__core__mpu.a(arm_mpu.c.obj)
                0x00000000000038e4                z_arm_mpu_init
 .text.cbvprintf
                0x0000000000003a00       0x38 zephyr/lib/libc/picolibc/liblib__libc__picolibc.a(cbprintf.c.obj)
                0x0000000000003a00                cbvprintf
 .text.z_impl_zephyr_fputc
                0x0000000000003a38       0x10 zephyr/lib/libc/picolibc/liblib__libc__picolibc.a(stdio.c.obj)
                0x0000000000003a38                z_impl_zephyr_fputc
 .text.__stdout_hook_install
                0x0000000000003a48       0x18 zephyr/lib/libc/picolibc/liblib__libc__picolibc.a(stdio.c.obj)
                0x0000000000003a48                __stdout_hook_install
 .text.malloc_prepare
                0x0000000000003a60       0x24 zephyr/lib/libc/common/liblib__libc__common.a(malloc.c.obj)
 .text.nrf_gpio_pin_control_select.constprop.0
                0x0000000000003a84       0x1c zephyr/soc/soc/nrf5340/libsoc__nordic.a(soc.c.obj)
 .text.z_arm_on_enter_cpu_idle
                0x0000000000003aa0       0x64 zephyr/soc/soc/nrf5340/libsoc__nordic.a(soc.c.obj)
                0x0000000000003aa0                z_arm_on_enter_cpu_idle
 .text.soc_early_init_hook
                0x0000000000003b04       0x3c zephyr/soc/soc/nrf5340/libsoc__nordic.a(soc.c.obj)
                0x0000000000003b04                soc_early_init_hook
 .text.soc_late_init_hook
                0x0000000000003b40       0x58 zephyr/soc/soc/nrf5340/libsoc__nordic.a(soc.c.obj)
                0x0000000000003b40                soc_late_init_hook
 .text.arch_busy_wait
                0x0000000000003b98       0x24 zephyr/soc/soc/nrf5340/libsoc__nordic.a(soc.c.obj)
                0x0000000000003b98                arch_busy_wait
 .text.assign_pins
                0x0000000000003bbc       0x54 zephyr/soc/soc/nrf5340/libsoc__nordic.a(nrf53_cpunet_mgmt.c.obj)
 .text.onoff_start
                0x0000000000003c10       0x70 zephyr/soc/soc/nrf5340/libsoc__nordic.a(nrf53_cpunet_mgmt.c.obj)
 .text.nrf53_cpunet_mgmt_init
                0x0000000000003c80       0x10 zephyr/soc/soc/nrf5340/libsoc__nordic.a(nrf53_cpunet_mgmt.c.obj)
                0x0000000000003c80                nrf53_cpunet_mgmt_init
 .text.hid_int_in.part.0
                0x0000000000003c90       0x14 zephyr/subsys/usb/device/class/hid/libsubsys__usb__device__class__hid.a(core.c.obj)
 .text.hid_int_in
                0x0000000000003ca4       0x38 zephyr/subsys/usb/device/class/hid/libsubsys__usb__device__class__hid.a(core.c.obj)
 .text.hid_status_cb.part.0
                0x0000000000003cdc       0x2c zephyr/subsys/usb/device/class/hid/libsubsys__usb__device__class__hid.a(core.c.obj)
 .text.hid_status_cb
                0x0000000000003d08       0xfc zephyr/subsys/usb/device/class/hid/libsubsys__usb__device__class__hid.a(core.c.obj)
 .text.hid_custom_handle_req
                0x0000000000003e04       0x94 zephyr/subsys/usb/device/class/hid/libsubsys__usb__device__class__hid.a(core.c.obj)
 .text.hid_class_handle_req
                0x0000000000003e98       0xe8 zephyr/subsys/usb/device/class/hid/libsubsys__usb__device__class__hid.a(core.c.obj)
 .text.usb_hid_register_device
                0x0000000000003f80       0x2c zephyr/subsys/usb/device/class/hid/libsubsys__usb__device__class__hid.a(core.c.obj)
                0x0000000000003f80                usb_hid_register_device
 .text.hid_int_ep_write
                0x0000000000003fac       0x34 zephyr/subsys/usb/device/class/hid/libsubsys__usb__device__class__hid.a(core.c.obj)
                0x0000000000003fac                hid_int_ep_write
 .text.input_thread
                0x0000000000003fe0       0x5c zephyr/subsys/input/libsubsys__input.a(input.c.obj)
 .text.input_report
                0x000000000000403c       0x74 zephyr/subsys/input/libsubsys__input.a(input.c.obj)
                0x000000000000403c                input_report
 .text.input_to_hid_code
                0x00000000000040b0       0x18 zephyr/subsys/input/libsubsys__input.a(input_hid.c.obj)
                0x00000000000040b0                input_to_hid_code
 .text.keymap_init.part.0
                0x00000000000040c8       0x1c zephyr/subsys/input/libsubsys__input.a(input_keymap.c.obj)
 .text.keymap_cb
                0x00000000000040e4       0x88 zephyr/subsys/input/libsubsys__input.a(input_keymap.c.obj)
 .text.endpoint_ctx
                0x000000000000416c       0x60 zephyr/drivers/usb/device/libdrivers__usb__device.a(usb_dc_nrfx.c.obj)
 .text.usbd_work_schedule
                0x00000000000041cc       0x10 zephyr/drivers/usb/device/libdrivers__usb__device.a(usb_dc_nrfx.c.obj)
 .text.usbd_evt_put
                0x00000000000041dc        0xc zephyr/drivers/usb/device/libdrivers__usb__device.a(usb_dc_nrfx.c.obj)
 .text.usbd_evt_get
                0x00000000000041e8       0x10 zephyr/drivers/usb/device/libdrivers__usb__device.a(usb_dc_nrfx.c.obj)
 .text.usb_init
                0x00000000000041f8       0x78 zephyr/drivers/usb/device/libdrivers__usb__device.a(usb_dc_nrfx.c.obj)
 .text.hfxo_stop.constprop.0.isra.0
                0x0000000000004270       0x38 zephyr/drivers/usb/device/libdrivers__usb__device.a(usb_dc_nrfx.c.obj)
 .text.eps_ctx_init
                0x00000000000042a8       0x68 zephyr/drivers/usb/device/libdrivers__usb__device.a(usb_dc_nrfx.c.obj)
 .text.usbd_evt_flush
                0x0000000000004310       0x1c zephyr/drivers/usb/device/libdrivers__usb__device.a(usb_dc_nrfx.c.obj)
 .text.usbd_evt_alloc
                0x000000000000432c       0x68 zephyr/drivers/usb/device/libdrivers__usb__device.a(usb_dc_nrfx.c.obj)
 .text.usb_dc_power_event_handler.part.0
                0x0000000000004394       0x14 zephyr/drivers/usb/device/libdrivers__usb__device.a(usb_dc_nrfx.c.obj)
 .text.usb_dc_power_event_handler
                0x00000000000043a8       0x3c zephyr/drivers/usb/device/libdrivers__usb__device.a(usb_dc_nrfx.c.obj)
 .text.usbd_work_handler
                0x00000000000043e4      0x340 zephyr/drivers/usb/device/libdrivers__usb__device.a(usb_dc_nrfx.c.obj)
 .text.usbd_event_transfer_data
                0x0000000000004724       0xc8 zephyr/drivers/usb/device/libdrivers__usb__device.a(usb_dc_nrfx.c.obj)
 .text.usbd_event_handler
                0x00000000000047ec      0x14c zephyr/drivers/usb/device/libdrivers__usb__device.a(usb_dc_nrfx.c.obj)
 .text.usb_dc_attach
                0x0000000000004938       0x64 zephyr/drivers/usb/device/libdrivers__usb__device.a(usb_dc_nrfx.c.obj)
                0x0000000000004938                usb_dc_attach
 .text.usb_dc_set_address
                0x000000000000499c       0x24 zephyr/drivers/usb/device/libdrivers__usb__device.a(usb_dc_nrfx.c.obj)
                0x000000000000499c                usb_dc_set_address
 .text.usb_dc_ep_check_cap
                0x00000000000049c0       0x58 zephyr/drivers/usb/device/libdrivers__usb__device.a(usb_dc_nrfx.c.obj)
                0x00000000000049c0                usb_dc_ep_check_cap
 .text.usb_dc_ep_configure
                0x0000000000004a18       0x5c zephyr/drivers/usb/device/libdrivers__usb__device.a(usb_dc_nrfx.c.obj)
                0x0000000000004a18                usb_dc_ep_configure
 .text.usb_dc_ep_set_stall
                0x0000000000004a74       0x64 zephyr/drivers/usb/device/libdrivers__usb__device.a(usb_dc_nrfx.c.obj)
                0x0000000000004a74                usb_dc_ep_set_stall
 .text.usb_dc_ep_clear_stall
                0x0000000000004ad8       0x40 zephyr/drivers/usb/device/libdrivers__usb__device.a(usb_dc_nrfx.c.obj)
                0x0000000000004ad8                usb_dc_ep_clear_stall
 .text.usb_dc_ep_is_stalled
                0x0000000000004b18       0x38 zephyr/drivers/usb/device/libdrivers__usb__device.a(usb_dc_nrfx.c.obj)
                0x0000000000004b18                usb_dc_ep_is_stalled
 .text.usb_dc_ep_enable
                0x0000000000004b50       0x54 zephyr/drivers/usb/device/libdrivers__usb__device.a(usb_dc_nrfx.c.obj)
                0x0000000000004b50                usb_dc_ep_enable
 .text.usb_dc_ep_write
                0x0000000000004ba4      0x114 zephyr/drivers/usb/device/libdrivers__usb__device.a(usb_dc_nrfx.c.obj)
                0x0000000000004ba4                usb_dc_ep_write
 .text.usb_dc_ep_read_wait
                0x0000000000004cb8       0xac zephyr/drivers/usb/device/libdrivers__usb__device.a(usb_dc_nrfx.c.obj)
                0x0000000000004cb8                usb_dc_ep_read_wait
 .text.usb_dc_ep_read_continue
                0x0000000000004d64       0x9c zephyr/drivers/usb/device/libdrivers__usb__device.a(usb_dc_nrfx.c.obj)
                0x0000000000004d64                usb_dc_ep_read_continue
 .text.usb_dc_ep_set_callback
                0x0000000000004e00       0x28 zephyr/drivers/usb/device/libdrivers__usb__device.a(usb_dc_nrfx.c.obj)
                0x0000000000004e00                usb_dc_ep_set_callback
 .text.usb_dc_set_status_callback
                0x0000000000004e28        0xc zephyr/drivers/usb/device/libdrivers__usb__device.a(usb_dc_nrfx.c.obj)
                0x0000000000004e28                usb_dc_set_status_callback
 .text.usb_dc_ep_mps
                0x0000000000004e34       0x24 zephyr/drivers/usb/device/libdrivers__usb__device.a(usb_dc_nrfx.c.obj)
                0x0000000000004e34                usb_dc_ep_mps
 .text.ep_state_access
                0x0000000000004e58       0x20 zephyr/drivers/usb/common/nrf_usbd_common/libdrivers__usb__common__nrf_usbd_common.a(nrf_usbd_common.c.obj)
 .text.nrf_usbd_common_uninit
                0x0000000000004e78       0x14 zephyr/drivers/usb/common/nrf_usbd_common/libdrivers__usb__common__nrf_usbd_common.a(nrf_usbd_common.c.obj)
                0x0000000000004e78                nrf_usbd_common_uninit
 .text.nrf_usbd_common_enable
                0x0000000000004e8c       0x64 zephyr/drivers/usb/common/nrf_usbd_common/libdrivers__usb__common__nrf_usbd_common.a(nrf_usbd_common.c.obj)
                0x0000000000004e8c                nrf_usbd_common_enable
 .text.nrf_usbd_common_start
                0x0000000000004ef0       0x38 zephyr/drivers/usb/common/nrf_usbd_common/libdrivers__usb__common__nrf_usbd_common.a(nrf_usbd_common.c.obj)
                0x0000000000004ef0                nrf_usbd_common_start
 .text.nrf_usbd_common_is_enabled
                0x0000000000004f28       0x14 zephyr/drivers/usb/common/nrf_usbd_common/libdrivers__usb__common__nrf_usbd_common.a(nrf_usbd_common.c.obj)
                0x0000000000004f28                nrf_usbd_common_is_enabled
 .text.nrf_usbd_common_suspend
                0x0000000000004f3c       0x6c zephyr/drivers/usb/common/nrf_usbd_common/libdrivers__usb__common__nrf_usbd_common.a(nrf_usbd_common.c.obj)
                0x0000000000004f3c                nrf_usbd_common_suspend
 .text.nrf_usbd_common_init
                0x0000000000004fa8       0x84 zephyr/drivers/usb/common/nrf_usbd_common/libdrivers__usb__common__nrf_usbd_common.a(nrf_usbd_common.c.obj)
                0x0000000000004fa8                nrf_usbd_common_init
 .text.nrf_usbd_common_ep_enable_check
                0x000000000000502c       0x28 zephyr/drivers/usb/common/nrf_usbd_common/libdrivers__usb__common__nrf_usbd_common.a(nrf_usbd_common.c.obj)
                0x000000000000502c                nrf_usbd_common_ep_enable_check
 .text.nrf_usbd_common_ep_transfer
                0x0000000000005054       0x9c zephyr/drivers/usb/common/nrf_usbd_common/libdrivers__usb__common__nrf_usbd_common.a(nrf_usbd_common.c.obj)
                0x0000000000005054                nrf_usbd_common_ep_transfer
 .text.nrf_usbd_common_epout_size_get
                0x00000000000050f0       0x28 zephyr/drivers/usb/common/nrf_usbd_common/libdrivers__usb__common__nrf_usbd_common.a(nrf_usbd_common.c.obj)
                0x00000000000050f0                nrf_usbd_common_epout_size_get
 .text.nrf_usbd_common_irq_handler
                0x0000000000005118      0x48c zephyr/drivers/usb/common/nrf_usbd_common/libdrivers__usb__common__nrf_usbd_common.a(nrf_usbd_common.c.obj)
                0x0000000000005118                nrf_usbd_common_irq_handler
 .text.nrf_usbd_common_ep_stall
                0x00000000000055a4       0x10 zephyr/drivers/usb/common/nrf_usbd_common/libdrivers__usb__common__nrf_usbd_common.a(nrf_usbd_common.c.obj)
                0x00000000000055a4                nrf_usbd_common_ep_stall
 .text.nrf_usbd_common_ep_stall_check
                0x00000000000055b4       0x34 zephyr/drivers/usb/common/nrf_usbd_common/libdrivers__usb__common__nrf_usbd_common.a(nrf_usbd_common.c.obj)
                0x00000000000055b4                nrf_usbd_common_ep_stall_check
 .text.nrf_usbd_common_ep_dtoggle_clear
                0x00000000000055e8       0x14 zephyr/drivers/usb/common/nrf_usbd_common/libdrivers__usb__common__nrf_usbd_common.a(nrf_usbd_common.c.obj)
                0x00000000000055e8                nrf_usbd_common_ep_dtoggle_clear
 .text.nrf_usbd_common_setup_get
                0x00000000000055fc       0x44 zephyr/drivers/usb/common/nrf_usbd_common/libdrivers__usb__common__nrf_usbd_common.a(nrf_usbd_common.c.obj)
                0x00000000000055fc                nrf_usbd_common_setup_get
 .text.nrf_usbd_common_setup_data_clear
                0x0000000000005640        0xc zephyr/drivers/usb/common/nrf_usbd_common/libdrivers__usb__common__nrf_usbd_common.a(nrf_usbd_common.c.obj)
                0x0000000000005640                nrf_usbd_common_setup_data_clear
 .text.nrf_usbd_common_setup_clear
                0x000000000000564c        0xc zephyr/drivers/usb/common/nrf_usbd_common/libdrivers__usb__common__nrf_usbd_common.a(nrf_usbd_common.c.obj)
                0x000000000000564c                nrf_usbd_common_setup_clear
 .text.nrf_usbd_common_setup_stall
                0x0000000000005658        0xc zephyr/drivers/usb/common/nrf_usbd_common/libdrivers__usb__common__nrf_usbd_common.a(nrf_usbd_common.c.obj)
                0x0000000000005658                nrf_usbd_common_setup_stall
 .text.nrf_usbd_common_last_setup_dir_get
                0x0000000000005664        0xc zephyr/drivers/usb/common/nrf_usbd_common/libdrivers__usb__common__nrf_usbd_common.a(nrf_usbd_common.c.obj)
                0x0000000000005664                nrf_usbd_common_last_setup_dir_get
 .text.nrf_usbd_common_transfer_out_drop
                0x0000000000005670       0x4c zephyr/drivers/usb/common/nrf_usbd_common/libdrivers__usb__common__nrf_usbd_common.a(nrf_usbd_common.c.obj)
                0x0000000000005670                nrf_usbd_common_transfer_out_drop
 .text.usbd_ep_abort
                0x00000000000056bc       0xf0 zephyr/drivers/usb/common/nrf_usbd_common/libdrivers__usb__common__nrf_usbd_common.a(nrf_usbd_common.c.obj)
 .text.nrf_usbd_common_ep_abort
                0x00000000000057ac       0x34 zephyr/drivers/usb/common/nrf_usbd_common/libdrivers__usb__common__nrf_usbd_common.a(nrf_usbd_common.c.obj)
                0x00000000000057ac                nrf_usbd_common_ep_abort
 .text.nrf_usbd_common_disable
                0x00000000000057e0       0xd0 zephyr/drivers/usb/common/nrf_usbd_common/libdrivers__usb__common__nrf_usbd_common.a(nrf_usbd_common.c.obj)
                0x00000000000057e0                nrf_usbd_common_disable
 .text.nrf_usbd_common_ep_disable
                0x00000000000058b0       0x60 zephyr/drivers/usb/common/nrf_usbd_common/libdrivers__usb__common__nrf_usbd_common.a(nrf_usbd_common.c.obj)
                0x00000000000058b0                nrf_usbd_common_ep_disable
 .text.nrf_usbd_common_ep_enable
                0x0000000000005910       0x70 zephyr/drivers/usb/common/nrf_usbd_common/libdrivers__usb__common__nrf_usbd_common.a(nrf_usbd_common.c.obj)
                0x0000000000005910                nrf_usbd_common_ep_enable
 .text.nrf_usbd_common_ep_stall_clear
                0x0000000000005980       0x20 zephyr/drivers/usb/common/nrf_usbd_common/libdrivers__usb__common__nrf_usbd_common.a(nrf_usbd_common.c.obj)
                0x0000000000005980                nrf_usbd_common_ep_stall_clear
 .text.onoff_stop
                0x00000000000059a0       0x30 zephyr/drivers/clock_control/libdrivers__clock_control.a(clock_control_nrf.c.obj)
 .text.onoff_start
                0x00000000000059d0       0x44 zephyr/drivers/clock_control/libdrivers__clock_control.a(clock_control_nrf.c.obj)
 .text.generic_hfclk_stop
                0x0000000000005a14       0x34 zephyr/drivers/clock_control/libdrivers__clock_control.a(clock_control_nrf.c.obj)
 .text.clk_init
                0x0000000000005a48       0x64 zephyr/drivers/clock_control/libdrivers__clock_control.a(clock_control_nrf.c.obj)
 .text.api_blocking_start
                0x0000000000005aac       0x34 zephyr/drivers/clock_control/libdrivers__clock_control.a(clock_control_nrf.c.obj)
 .text.clkstarted_handle.constprop.0
                0x0000000000005ae0       0x4c zephyr/drivers/clock_control/libdrivers__clock_control.a(clock_control_nrf.c.obj)
 .text.generic_hfclk_start
                0x0000000000005b2c       0x78 zephyr/drivers/clock_control/libdrivers__clock_control.a(clock_control_nrf.c.obj)
 .text.clock_event_handler
                0x0000000000005ba4       0x34 zephyr/drivers/clock_control/libdrivers__clock_control.a(clock_control_nrf.c.obj)
 .text.z_nrf_clock_control_get_onoff
                0x0000000000005bd8       0x10 zephyr/drivers/clock_control/libdrivers__clock_control.a(clock_control_nrf.c.obj)
                0x0000000000005bd8                z_nrf_clock_control_get_onoff
 .text.z_nrf_clock_control_lf_on
                0x0000000000005be8       0xf8 zephyr/drivers/clock_control/libdrivers__clock_control.a(clock_control_nrf.c.obj)
                0x0000000000005be8                z_nrf_clock_control_lf_on
 .text.uart_console_init
                0x0000000000005ce0       0x28 zephyr/drivers/console/libdrivers__console.a(uart_console.c.obj)
 .text.console_out
                0x0000000000005d08       0x28 zephyr/drivers/console/libdrivers__console.a(uart_console.c.obj)
 .text.gpio_nrfx_pin_interrupt_configure
                0x0000000000005d30      0x120 zephyr/drivers/gpio/libdrivers__gpio.a(gpio_nrfx.c.obj)
 .text.nrfx_gpio_handler
                0x0000000000005e50       0x4c zephyr/drivers/gpio/libdrivers__gpio.a(gpio_nrfx.c.obj)
 .text.gpio_nrfx_init
                0x0000000000005e9c       0x48 zephyr/drivers/gpio/libdrivers__gpio.a(gpio_nrfx.c.obj)
 .text.gpio_nrfx_pin_configure
                0x0000000000005ee4      0x18c zephyr/drivers/gpio/libdrivers__gpio.a(gpio_nrfx.c.obj)
 .text.get_next_rx_buffer
                0x0000000000006070       0x2c zephyr/drivers/i2s/libdrivers__i2s.a(i2s_nrfx.c.obj)
 .text.start_transfer
                0x000000000000609c       0xc8 zephyr/drivers/i2s/libdrivers__i2s.a(i2s_nrfx.c.obj)
 .text.i2s_nrfx_init0
                0x0000000000006164       0x68 zephyr/drivers/i2s/libdrivers__i2s.a(i2s_nrfx.c.obj)
 .text.i2s_nrfx_write
                0x00000000000061cc       0xdc zephyr/drivers/i2s/libdrivers__i2s.a(i2s_nrfx.c.obj)
 .text.data_handler0
                0x00000000000062a8      0x1a4 zephyr/drivers/i2s/libdrivers__i2s.a(i2s_nrfx.c.obj)
 .text.i2s_nrfx_configure
                0x000000000000644c      0x330 zephyr/drivers/i2s/libdrivers__i2s.a(i2s_nrfx.c.obj)
 .text.i2s_nrfx_trigger
                0x000000000000677c      0x1e8 zephyr/drivers/i2s/libdrivers__i2s.a(i2s_nrfx.c.obj)
 .text.i2s_nrfx_read
                0x0000000000006964       0x84 zephyr/drivers/i2s/libdrivers__i2s.a(i2s_nrfx.c.obj)
 .text.gpio_kbd_matrix_cb_0
                0x00000000000069e8        0xc zephyr/drivers/input/libdrivers__input.a(input_gpio_kbd_matrix.c.obj)
 .text.gpio_kbd_matrix_set_detect_mode
                0x00000000000069f4       0xc8 zephyr/drivers/input/libdrivers__input.a(input_gpio_kbd_matrix.c.obj)
 .text.gpio_kbd_matrix_init
                0x0000000000006abc      0x18c zephyr/drivers/input/libdrivers__input.a(input_gpio_kbd_matrix.c.obj)
 .text.gpio_keys_change_deferred
                0x0000000000006c48       0x78 zephyr/drivers/input/libdrivers__input.a(input_gpio_keys.c.obj)
 .text.gpio_keys_init
                0x0000000000006cc0      0x1a8 zephyr/drivers/input/libdrivers__input.a(input_gpio_keys.c.obj)
 .text.input_kbd_matrix_polling_thread
                0x0000000000006e68      0x2d8 zephyr/drivers/input/libdrivers__input.a(input_kbd_matrix.c.obj)
 .text.input_kbd_matrix_common_init
                0x0000000000007140       0x50 zephyr/drivers/input/libdrivers__input.a(input_kbd_matrix.c.obj)
                0x0000000000007140                input_kbd_matrix_common_init
 .text.nrf_gpio_pin_port_decode
                0x0000000000007190       0x24 zephyr/drivers/pinctrl/libdrivers__pinctrl.a(pinctrl_nrf.c.obj)
 .text.pinctrl_configure_pins
                0x00000000000071b4      0x1cc zephyr/drivers/pinctrl/libdrivers__pinctrl.a(pinctrl_nrf.c.obj)
                0x00000000000071b4                pinctrl_configure_pins
 .text.uarte_nrfx_poll_out
                0x0000000000007380       0xb4 zephyr/drivers/serial/libdrivers__serial.a(uart_nrfx_uarte.c.obj)
 .text.uarte_0_init
                0x0000000000007434      0x11c zephyr/drivers/serial/libdrivers__serial.a(uart_nrfx_uarte.c.obj)
 .text.compare_int_lock
                0x0000000000007550       0x40 zephyr/drivers/timer/libdrivers__timer.a(nrf_rtc_timer.c.obj)
 .text.sys_clock_timeout_handler
                0x0000000000007590       0x48 zephyr/drivers/timer/libdrivers__timer.a(nrf_rtc_timer.c.obj)
 .text.compare_int_unlock
                0x00000000000075d8       0x4c zephyr/drivers/timer/libdrivers__timer.a(nrf_rtc_timer.c.obj)
 .text.z_nrf_rtc_timer_read
                0x0000000000007624       0x44 zephyr/drivers/timer/libdrivers__timer.a(nrf_rtc_timer.c.obj)
                0x0000000000007624                z_nrf_rtc_timer_read
 .text.compare_set
                0x0000000000007668      0x124 zephyr/drivers/timer/libdrivers__timer.a(nrf_rtc_timer.c.obj)
 .text.sys_clock_driver_init
                0x000000000000778c       0x90 zephyr/drivers/timer/libdrivers__timer.a(nrf_rtc_timer.c.obj)
 .text.rtc_nrf_isr
                0x000000000000781c       0xd0 zephyr/drivers/timer/libdrivers__timer.a(nrf_rtc_timer.c.obj)
                0x000000000000781c                rtc_nrf_isr
 .text.sys_clock_set_timeout
                0x00000000000078ec       0x5c zephyr/drivers/timer/libdrivers__timer.a(nrf_rtc_timer.c.obj)
                0x00000000000078ec                sys_clock_set_timeout
 .text.sys_clock_elapsed
                0x0000000000007948       0x14 zephyr/drivers/timer/libdrivers__timer.a(nrf_rtc_timer.c.obj)
                0x0000000000007948                sys_clock_elapsed
 .text.nrf53_errata_42
                0x000000000000795c       0x24 modules/hal_nordic/modules/hal_nordic/nrfx/libmodules__hal_nordic__nrfx.a(system_nrf5340_application.c.obj)
 .text.SystemInit
                0x0000000000007980      0x1c4 modules/hal_nordic/modules/hal_nordic/nrfx/libmodules__hal_nordic__nrfx.a(system_nrf5340_application.c.obj)
                0x0000000000007980                SystemInit
 .text.nrfx_flag32_alloc
                0x0000000000007b44       0x40 modules/hal_nordic/modules/hal_nordic/nrfx/libmodules__hal_nordic__nrfx.a(nrfx_flag32_allocator.c.obj)
                0x0000000000007b44                nrfx_flag32_alloc
 .text.nrfx_flag32_free
                0x0000000000007b84       0x38 modules/hal_nordic/modules/hal_nordic/nrfx/libmodules__hal_nordic__nrfx.a(nrfx_flag32_allocator.c.obj)
                0x0000000000007b84                nrfx_flag32_free
 .text.nrfx_gppi_channels_enable
                0x0000000000007bbc        0xc modules/hal_nordic/modules/hal_nordic/nrfx/libmodules__hal_nordic__nrfx.a(nrfx_gppi_dppi.c.obj)
                0x0000000000007bbc                nrfx_gppi_channels_enable
 .text.nrfx_gppi_channel_alloc
                0x0000000000007bc8        0xc modules/hal_nordic/modules/hal_nordic/nrfx/libmodules__hal_nordic__nrfx.a(nrfx_gppi_dppi.c.obj)
                0x0000000000007bc8                nrfx_gppi_channel_alloc
 .text.clock_stop
                0x0000000000007bd4       0xf4 modules/hal_nordic/modules/hal_nordic/nrfx/libmodules__hal_nordic__nrfx.a(nrfx_clock.c.obj)
 .text.nrfx_clock_init
                0x0000000000007cc8       0x20 modules/hal_nordic/modules/hal_nordic/nrfx/libmodules__hal_nordic__nrfx.a(nrfx_clock.c.obj)
                0x0000000000007cc8                nrfx_clock_init
 .text.nrfx_clock_enable
                0x0000000000007ce8       0x38 modules/hal_nordic/modules/hal_nordic/nrfx/libmodules__hal_nordic__nrfx.a(nrfx_clock.c.obj)
                0x0000000000007ce8                nrfx_clock_enable
 .text.nrfx_clock_start
                0x0000000000007d20       0xd0 modules/hal_nordic/modules/hal_nordic/nrfx/libmodules__hal_nordic__nrfx.a(nrfx_clock.c.obj)
                0x0000000000007d20                nrfx_clock_start
 .text.nrfx_clock_irq_handler
                0x0000000000007df0       0x70 modules/hal_nordic/modules/hal_nordic/nrfx/libmodules__hal_nordic__nrfx.a(nrfx_clock.c.obj)
                0x0000000000007df0                nrfx_clock_irq_handler
 .text.nrfx_dppi_channel_alloc
                0x0000000000007e60       0x10 modules/hal_nordic/modules/hal_nordic/nrfx/libmodules__hal_nordic__nrfx.a(nrfx_dppi.c.obj)
                0x0000000000007e60                nrfx_dppi_channel_alloc
 .text.nrf_gpio_pin_port_decode
                0x0000000000007e70       0x24 modules/hal_nordic/modules/hal_nordic/nrfx/libmodules__hal_nordic__nrfx.a(nrfx_gpiote.c.obj)
 .text.get_pin_idx
                0x0000000000007e94       0x14 modules/hal_nordic/modules/hal_nordic/nrfx/libmodules__hal_nordic__nrfx.a(nrfx_gpiote.c.obj)
 .text.call_handler.constprop.0
                0x0000000000007ea8       0x40 modules/hal_nordic/modules/hal_nordic/nrfx/libmodules__hal_nordic__nrfx.a(nrfx_gpiote.c.obj)
 .text.pin_te_get.constprop.0
                0x0000000000007ee8       0x18 modules/hal_nordic/modules/hal_nordic/nrfx/libmodules__hal_nordic__nrfx.a(nrfx_gpiote.c.obj)
 .text.pin_is_output.constprop.0
                0x0000000000007f00       0x18 modules/hal_nordic/modules/hal_nordic/nrfx/libmodules__hal_nordic__nrfx.a(nrfx_gpiote.c.obj)
 .text.pin_in_use_by_te.constprop.0
                0x0000000000007f18       0x18 modules/hal_nordic/modules/hal_nordic/nrfx/libmodules__hal_nordic__nrfx.a(nrfx_gpiote.c.obj)
 .text.latch_pending_read_and_check
                0x0000000000007f30       0x3c modules/hal_nordic/modules/hal_nordic/nrfx/libmodules__hal_nordic__nrfx.a(nrfx_gpiote.c.obj)
 .text.release_handler.isra.0
                0x0000000000007f6c       0x58 modules/hal_nordic/modules/hal_nordic/nrfx/libmodules__hal_nordic__nrfx.a(nrfx_gpiote.c.obj)
 .text.__nrfy_internal_gpiote_events_process.constprop.0
                0x0000000000007fc4       0x5c modules/hal_nordic/modules/hal_nordic/nrfx/libmodules__hal_nordic__nrfx.a(nrfx_gpiote.c.obj)
 .text.pin_uninit
                0x0000000000008020       0x84 modules/hal_nordic/modules/hal_nordic/nrfx/libmodules__hal_nordic__nrfx.a(nrfx_gpiote.c.obj)
 .text.nrfx_gpiote_input_configure
                0x00000000000080a4      0x180 modules/hal_nordic/modules/hal_nordic/nrfx/libmodules__hal_nordic__nrfx.a(nrfx_gpiote.c.obj)
                0x00000000000080a4                nrfx_gpiote_input_configure
 .text.nrfx_gpiote_output_configure
                0x0000000000008224      0x104 modules/hal_nordic/modules/hal_nordic/nrfx/libmodules__hal_nordic__nrfx.a(nrfx_gpiote.c.obj)
                0x0000000000008224                nrfx_gpiote_output_configure
 .text.nrfx_gpiote_global_callback_set
                0x0000000000008328        0xc modules/hal_nordic/modules/hal_nordic/nrfx/libmodules__hal_nordic__nrfx.a(nrfx_gpiote.c.obj)
                0x0000000000008328                nrfx_gpiote_global_callback_set
 .text.nrfx_gpiote_channel_get
                0x0000000000008334       0x34 modules/hal_nordic/modules/hal_nordic/nrfx/libmodules__hal_nordic__nrfx.a(nrfx_gpiote.c.obj)
                0x0000000000008334                nrfx_gpiote_channel_get
 .text.nrfx_gpiote_init
                0x0000000000008368       0x48 modules/hal_nordic/modules/hal_nordic/nrfx/libmodules__hal_nordic__nrfx.a(nrfx_gpiote.c.obj)
                0x0000000000008368                nrfx_gpiote_init
 .text.nrfx_gpiote_init_check
                0x00000000000083b0       0x14 modules/hal_nordic/modules/hal_nordic/nrfx/libmodules__hal_nordic__nrfx.a(nrfx_gpiote.c.obj)
                0x00000000000083b0                nrfx_gpiote_init_check
 .text.nrfx_gpiote_channel_free
                0x00000000000083c4       0x10 modules/hal_nordic/modules/hal_nordic/nrfx/libmodules__hal_nordic__nrfx.a(nrfx_gpiote.c.obj)
                0x00000000000083c4                nrfx_gpiote_channel_free
 .text.nrfx_gpiote_channel_alloc
                0x00000000000083d4       0x10 modules/hal_nordic/modules/hal_nordic/nrfx/libmodules__hal_nordic__nrfx.a(nrfx_gpiote.c.obj)
                0x00000000000083d4                nrfx_gpiote_channel_alloc
 .text.nrfx_gpiote_trigger_enable
                0x00000000000083e4       0xa8 modules/hal_nordic/modules/hal_nordic/nrfx/libmodules__hal_nordic__nrfx.a(nrfx_gpiote.c.obj)
                0x00000000000083e4                nrfx_gpiote_trigger_enable
 .text.nrfx_gpiote_0_irq_handler
                0x000000000000848c      0x1a8 modules/hal_nordic/modules/hal_nordic/nrfx/libmodules__hal_nordic__nrfx.a(nrfx_gpiote.c.obj)
                0x000000000000848c                nrfx_gpiote_0_irq_handler
 .text.nrf_gpio_cfg.constprop.0
                0x0000000000008634       0x44 modules/hal_nordic/modules/hal_nordic/nrfx/libmodules__hal_nordic__nrfx.a(nrfx_i2s.c.obj)
 .text.nrfx_i2s_init
                0x0000000000008678      0x1a4 modules/hal_nordic/modules/hal_nordic/nrfx/libmodules__hal_nordic__nrfx.a(nrfx_i2s.c.obj)
                0x0000000000008678                nrfx_i2s_init
 .text.nrfx_i2s_start
                0x000000000000881c       0xe8 modules/hal_nordic/modules/hal_nordic/nrfx/libmodules__hal_nordic__nrfx.a(nrfx_i2s.c.obj)
                0x000000000000881c                nrfx_i2s_start
 .text.nrfx_i2s_next_buffers_set
                0x0000000000008904       0x84 modules/hal_nordic/modules/hal_nordic/nrfx/libmodules__hal_nordic__nrfx.a(nrfx_i2s.c.obj)
                0x0000000000008904                nrfx_i2s_next_buffers_set
 .text.nrfx_i2s_stop
                0x0000000000008988       0x24 modules/hal_nordic/modules/hal_nordic/nrfx/libmodules__hal_nordic__nrfx.a(nrfx_i2s.c.obj)
                0x0000000000008988                nrfx_i2s_stop
 .text.nrfx_i2s_uninit
                0x00000000000089ac       0x7c modules/hal_nordic/modules/hal_nordic/nrfx/libmodules__hal_nordic__nrfx.a(nrfx_i2s.c.obj)
                0x00000000000089ac                nrfx_i2s_uninit
 .text.nrfx_i2s_0_irq_handler
                0x0000000000008a28      0x120 modules/hal_nordic/modules/hal_nordic/nrfx/libmodules__hal_nordic__nrfx.a(nrfx_i2s.c.obj)
                0x0000000000008a28                nrfx_i2s_0_irq_handler
 .text.nrfx_power_init
                0x0000000000008b48       0x74 modules/hal_nordic/modules/hal_nordic/nrfx/libmodules__hal_nordic__nrfx.a(nrfx_power.c.obj)
                0x0000000000008b48                nrfx_power_init
 .text.nrfx_power_irq_handler
                0x0000000000008bbc       0x70 modules/hal_nordic/modules/hal_nordic/nrfx/libmodules__hal_nordic__nrfx.a(nrfx_power.c.obj)
                0x0000000000008bbc                nrfx_power_irq_handler
 .text.nrfx_usbreg_enable
                0x0000000000008c2c       0x10 modules/hal_nordic/modules/hal_nordic/nrfx/libmodules__hal_nordic__nrfx.a(nrfx_usbreg.c.obj)
                0x0000000000008c2c                nrfx_usbreg_enable
 .text.nrfx_usbreg_disable
                0x0000000000008c3c       0x10 modules/hal_nordic/modules/hal_nordic/nrfx/libmodules__hal_nordic__nrfx.a(nrfx_usbreg.c.obj)
                0x0000000000008c3c                nrfx_usbreg_disable
 .text.nrfx_usbreg_uninit
                0x0000000000008c4c       0x20 modules/hal_nordic/modules/hal_nordic/nrfx/libmodules__hal_nordic__nrfx.a(nrfx_usbreg.c.obj)
                0x0000000000008c4c                nrfx_usbreg_uninit
 .text.nrfx_usbreg_init
                0x0000000000008c6c       0x28 modules/hal_nordic/modules/hal_nordic/nrfx/libmodules__hal_nordic__nrfx.a(nrfx_usbreg.c.obj)
                0x0000000000008c6c                nrfx_usbreg_init
 .text.nrfx_usbreg_irq_handler
                0x0000000000008c94       0x50 modules/hal_nordic/modules/hal_nordic/nrfx/libmodules__hal_nordic__nrfx.a(nrfx_usbreg.c.obj)
                0x0000000000008c94                nrfx_usbreg_irq_handler
 .text.z_impl_device_get_binding
                0x0000000000008ce4       0x48 zephyr/kernel/libkernel.a(device.c.obj)
                0x0000000000008ce4                z_impl_device_get_binding
 .text.k_sys_fatal_error_handler
                0x0000000000008d2c       0x20 zephyr/kernel/libkernel.a(fatal.c.obj)
                0x0000000000008d2c                k_sys_fatal_error_handler
 .text.z_fatal_error
                0x0000000000008d4c       0xe8 zephyr/kernel/libkernel.a(fatal.c.obj)
                0x0000000000008d4c                z_fatal_error
 .text.z_sys_init_run_level
                0x0000000000008e34       0x30 zephyr/kernel/libkernel.a(init.c.obj)
 .text.bg_thread_main
                0x0000000000008e64       0xc4 zephyr/kernel/libkernel.a(init.c.obj)
 .text.z_bss_zero
                0x0000000000008f28       0x18 zephyr/kernel/libkernel.a(init.c.obj)
                0x0000000000008f28                z_bss_zero
 .text.z_init_cpu
                0x0000000000008f40       0x68 zephyr/kernel/libkernel.a(init.c.obj)
                0x0000000000008f40                z_init_cpu
 .text.z_cstart
                0x0000000000008fa8       0xd8 zephyr/kernel/libkernel.a(init.c.obj)
                0x0000000000008fa8                z_cstart
 .text.init_mem_slab_obj_core_list
                0x0000000000009080       0x24 zephyr/kernel/libkernel.a(mem_slab.c.obj)
 .text.k_mem_slab_alloc
                0x00000000000090a4       0x5c zephyr/kernel/libkernel.a(mem_slab.c.obj)
                0x00000000000090a4                k_mem_slab_alloc
 .text.z_impl_k_msgq_put
                0x0000000000009100       0xb0 zephyr/kernel/libkernel.a(msg_q.c.obj)
                0x0000000000009100                z_impl_k_msgq_put
 .text.z_impl_k_msgq_get
                0x00000000000091b0       0xc4 zephyr/kernel/libkernel.a(msg_q.c.obj)
                0x00000000000091b0                z_impl_k_msgq_get
 .text.z_impl_k_mutex_lock
                0x0000000000009274       0xf0 zephyr/kernel/libkernel.a(mutex.c.obj)
                0x0000000000009274                z_impl_k_mutex_lock
 .text.z_impl_k_mutex_unlock
                0x0000000000009364       0xa0 zephyr/kernel/libkernel.a(mutex.c.obj)
                0x0000000000009364                z_impl_k_mutex_unlock
 .text.z_impl_k_queue_get
                0x0000000000009404       0x64 zephyr/kernel/libkernel.a(queue.c.obj)
                0x0000000000009404                z_impl_k_queue_get
 .text.z_impl_k_sem_give
                0x0000000000009468       0x68 zephyr/kernel/libkernel.a(sem.c.obj)
                0x0000000000009468                z_impl_k_sem_give
 .text.z_impl_k_sem_take
                0x00000000000094d0       0x4c zephyr/kernel/libkernel.a(sem.c.obj)
                0x00000000000094d0                z_impl_k_sem_take
 .text.k_sys_work_q_init
                0x000000000000951c       0x2c zephyr/kernel/libkernel.a(system_work_q.c.obj)
 .text.work_queue_main
                0x0000000000009548      0x14c zephyr/kernel/libkernel.a(work.c.obj)
 .text.submit_to_queue_locked
                0x0000000000009694       0xb8 zephyr/kernel/libkernel.a(work.c.obj)
 .text.k_work_queue_start
                0x000000000000974c       0x80 zephyr/kernel/libkernel.a(work.c.obj)
                0x000000000000974c                k_work_queue_start
 .text.k_work_reschedule_for_queue
                0x00000000000097cc       0x5c zephyr/kernel/libkernel.a(work.c.obj)
                0x00000000000097cc                k_work_reschedule_for_queue
 .text.k_work_reschedule
                0x0000000000009828        0xc zephyr/kernel/libkernel.a(work.c.obj)
                0x0000000000009828                k_work_reschedule
 .text.z_setup_new_thread
                0x0000000000009834       0x7c zephyr/kernel/libkernel.a(thread.c.obj)
                0x0000000000009834                z_setup_new_thread
 .text.z_impl_k_thread_create
                0x00000000000098b0       0x58 zephyr/kernel/libkernel.a(thread.c.obj)
                0x00000000000098b0                z_impl_k_thread_create
 .text.z_dummy_thread_init
                0x0000000000009908       0x18 zephyr/kernel/libkernel.a(thread.c.obj)
                0x0000000000009908                z_dummy_thread_init
 .text.z_swap_irqlock
                0x0000000000009920       0x30 zephyr/kernel/libkernel.a(sched.c.obj)
 .text.ready_thread
                0x0000000000009950       0x84 zephyr/kernel/libkernel.a(sched.c.obj)
 .text.unready_thread
                0x00000000000099d4       0x54 zephyr/kernel/libkernel.a(sched.c.obj)
 .text.add_thread_timeout
                0x0000000000009a28       0x1c zephyr/kernel/libkernel.a(sched.c.obj)
 .text.move_thread_to_end_of_prio_q
                0x0000000000009a44       0x90 zephyr/kernel/libkernel.a(sched.c.obj)
                0x0000000000009a44                move_thread_to_end_of_prio_q
 .text.z_pend_curr
                0x0000000000009ad4       0x44 zephyr/kernel/libkernel.a(sched.c.obj)
                0x0000000000009ad4                z_pend_curr
 .text.z_thread_prio_set
                0x0000000000009b18       0xe4 zephyr/kernel/libkernel.a(sched.c.obj)
                0x0000000000009b18                z_thread_prio_set
 .text.z_reschedule
                0x0000000000009bfc       0x24 zephyr/kernel/libkernel.a(sched.c.obj)
                0x0000000000009bfc                z_reschedule
 .text.z_reschedule_irqlock
                0x0000000000009c20       0x28 zephyr/kernel/libkernel.a(sched.c.obj)
                0x0000000000009c20                z_reschedule_irqlock
 .text.k_sched_lock
                0x0000000000009c48       0x28 zephyr/kernel/libkernel.a(sched.c.obj)
                0x0000000000009c48                k_sched_lock
 .text.k_sched_unlock
                0x0000000000009c70       0x68 zephyr/kernel/libkernel.a(sched.c.obj)
                0x0000000000009c70                k_sched_unlock
 .text.z_sched_init
                0x0000000000009cd8       0x10 zephyr/kernel/libkernel.a(sched.c.obj)
                0x0000000000009cd8                z_sched_init
 .text.z_impl_k_yield
                0x0000000000009ce8       0x88 zephyr/kernel/libkernel.a(sched.c.obj)
                0x0000000000009ce8                z_impl_k_yield
 .text.z_tick_sleep
                0x0000000000009d70       0x78 zephyr/kernel/libkernel.a(sched.c.obj)
 .text.z_impl_k_usleep
                0x0000000000009de8       0x3c zephyr/kernel/libkernel.a(sched.c.obj)
                0x0000000000009de8                z_impl_k_usleep
 .text.z_impl_k_wakeup
                0x0000000000009e24       0x48 zephyr/kernel/libkernel.a(sched.c.obj)
                0x0000000000009e24                z_impl_k_wakeup
 .text.z_impl_k_sched_current_thread_query
                0x0000000000009e6c        0xc zephyr/kernel/libkernel.a(sched.c.obj)
                0x0000000000009e6c                z_impl_k_sched_current_thread_query
 .text.z_thread_abort
                0x0000000000009e78      0x138 zephyr/kernel/libkernel.a(sched.c.obj)
                0x0000000000009e78                z_thread_abort
 .text.z_sched_wait
                0x0000000000009fb0       0x24 zephyr/kernel/libkernel.a(sched.c.obj)
                0x0000000000009fb0                z_sched_wait
 .text.slice_timeout
                0x0000000000009fd4       0x20 zephyr/kernel/libkernel.a(timeslicing.c.obj)
 .text.thread_is_sliceable
                0x0000000000009ff4       0x3c zephyr/kernel/libkernel.a(timeslicing.c.obj)
                0x0000000000009ff4                thread_is_sliceable
 .text.z_reset_time_slice
                0x000000000000a030       0x50 zephyr/kernel/libkernel.a(timeslicing.c.obj)
                0x000000000000a030                z_reset_time_slice
 .text.z_time_slice
                0x000000000000a080       0x60 zephyr/kernel/libkernel.a(timeslicing.c.obj)
                0x000000000000a080                z_time_slice
 .text.z_data_copy
                0x000000000000a0e0       0x38 zephyr/kernel/libkernel.a(xip.c.obj)
                0x000000000000a0e0                z_data_copy
 .text.first    0x000000000000a118       0x10 zephyr/kernel/libkernel.a(timeout.c.obj)
 .text.elapsed  0x000000000000a128       0x14 zephyr/kernel/libkernel.a(timeout.c.obj)
 .text.remove_timeout
                0x000000000000a13c       0x38 zephyr/kernel/libkernel.a(timeout.c.obj)
 .text.z_add_timeout
                0x000000000000a174      0x124 zephyr/kernel/libkernel.a(timeout.c.obj)
                0x000000000000a174                z_add_timeout
 .text.sys_clock_announce
                0x000000000000a298       0xbc zephyr/kernel/libkernel.a(timeout.c.obj)
                0x000000000000a298                sys_clock_announce
 .text.sys_clock_tick_get
                0x000000000000a354       0x30 zephyr/kernel/libkernel.a(timeout.c.obj)
                0x000000000000a354                sys_clock_tick_get
 .text.z_timer_expiration_handler
                0x000000000000a384       0xe0 zephyr/kernel/libkernel.a(timer.c.obj)
                0x000000000000a384                z_timer_expiration_handler
 .text.z_impl_k_timer_start
                0x000000000000a464       0x74 zephyr/kernel/libkernel.a(timer.c.obj)
                0x000000000000a464                z_impl_k_timer_start
 .text.z_thread_alloc_helper
                0x000000000000a4d8       0x4c zephyr/kernel/libkernel.a(mempool.c.obj)
 .text.z_thread_malloc
                0x000000000000a524       0x10 zephyr/kernel/libkernel.a(mempool.c.obj)
                0x000000000000a524                z_thread_malloc
 .text.statics_init
                0x000000000000a534       0x24 zephyr/kernel/libkernel.a(kheap.c.obj)
 .text.nrf_cc3xx_platform_init_no_rng
                0x000000000000a558       0x38 C:/ncs/v3.1.0/nrfxlib/crypto/nrf_cc312_platform/lib/cortex-m33/soft-float/no-interrupts/libnrf_cc312_platform_0.9.19.a(nrf_cc3xx_platform.c.obj)
                0x000000000000a558                nrf_cc3xx_platform_init_no_rng
 .text.nrf_cc3xx_platform_abort
                0x000000000000a590       0x24 C:/ncs/v3.1.0/nrfxlib/crypto/nrf_cc312_platform/lib/cortex-m33/soft-float/no-interrupts/libnrf_cc312_platform_0.9.19.a(nrf_cc3xx_platform_abort.c.obj)
 .text.CC_PalAbort
                0x000000000000a5b4       0x44 C:/ncs/v3.1.0/nrfxlib/crypto/nrf_cc312_platform/lib/cortex-m33/soft-float/no-interrupts/libnrf_cc312_platform_0.9.19.a(nrf_cc3xx_platform_abort.c.obj)
                0x000000000000a5b4                CC_PalAbort
 .text.nrf_cc3xx_platform_set_abort
                0x000000000000a5f8       0x10 C:/ncs/v3.1.0/nrfxlib/crypto/nrf_cc312_platform/lib/cortex-m33/soft-float/no-interrupts/libnrf_cc312_platform_0.9.19.a(nrf_cc3xx_platform_abort.c.obj)
                0x000000000000a5f8                nrf_cc3xx_platform_set_abort
 .text.mutex_free
                0x000000000000a608       0x34 C:/ncs/v3.1.0/nrfxlib/crypto/nrf_cc312_platform/lib/cortex-m33/soft-float/no-interrupts/libnrf_cc312_platform_0.9.19.a(nrf_cc3xx_platform_mutex.c.obj)
 .text.mutex_lock
                0x000000000000a63c       0x48 C:/ncs/v3.1.0/nrfxlib/crypto/nrf_cc312_platform/lib/cortex-m33/soft-float/no-interrupts/libnrf_cc312_platform_0.9.19.a(nrf_cc3xx_platform_mutex.c.obj)
 .text.mutex_unlock
                0x000000000000a684       0x38 C:/ncs/v3.1.0/nrfxlib/crypto/nrf_cc312_platform/lib/cortex-m33/soft-float/no-interrupts/libnrf_cc312_platform_0.9.19.a(nrf_cc3xx_platform_mutex.c.obj)
 .text.mutex_init
                0x000000000000a6bc       0x20 C:/ncs/v3.1.0/nrfxlib/crypto/nrf_cc312_platform/lib/cortex-m33/soft-float/no-interrupts/libnrf_cc312_platform_0.9.19.a(nrf_cc3xx_platform_mutex.c.obj)
 .text.nrf_cc3xx_platform_set_mutexes
                0x000000000000a6dc       0x78 C:/ncs/v3.1.0/nrfxlib/crypto/nrf_cc312_platform/lib/cortex-m33/soft-float/no-interrupts/libnrf_cc312_platform_0.9.19.a(nrf_cc3xx_platform_mutex.c.obj)
                0x000000000000a6dc                nrf_cc3xx_platform_set_mutexes
 .text.CC_LibInitNoRng
                0x000000000000a754       0x28 C:/ncs/v3.1.0/nrfxlib/crypto/nrf_cc312_platform/lib/cortex-m33/soft-float/no-interrupts/libnrf_cc312_platform_0.9.19.a(cc_lib.c.obj)
                0x000000000000a754                CC_LibInitNoRng
 .text.CC_HalInit
                0x000000000000a77c        0x4 C:/ncs/v3.1.0/nrfxlib/crypto/nrf_cc312_platform/lib/cortex-m33/soft-float/no-interrupts/libnrf_cc312_platform_0.9.19.a(cc_hal.c.obj)
                0x000000000000a77c                CC_HalInit
 .text.CC_PalInit
                0x000000000000a780       0x5c C:/ncs/v3.1.0/nrfxlib/crypto/nrf_cc312_platform/lib/cortex-m33/soft-float/no-interrupts/libnrf_cc312_platform_0.9.19.a(cc_pal.c.obj)
                0x000000000000a780                CC_PalInit
 .text.CC_PalTerminate
                0x000000000000a7dc       0x34 C:/ncs/v3.1.0/nrfxlib/crypto/nrf_cc312_platform/lib/cortex-m33/soft-float/no-interrupts/libnrf_cc312_platform_0.9.19.a(cc_pal.c.obj)
                0x000000000000a7dc                CC_PalTerminate
 .text.CC_PalDmaInit
                0x000000000000a810        0x4 C:/ncs/v3.1.0/nrfxlib/crypto/nrf_cc312_platform/lib/cortex-m33/soft-float/no-interrupts/libnrf_cc312_platform_0.9.19.a(cc_pal_dma.c.obj)
                0x000000000000a810                CC_PalDmaInit
 .text.CC_PalDmaTerminate
                0x000000000000a814        0x4 C:/ncs/v3.1.0/nrfxlib/crypto/nrf_cc312_platform/lib/cortex-m33/soft-float/no-interrupts/libnrf_cc312_platform_0.9.19.a(cc_pal_dma.c.obj)
                0x000000000000a814                CC_PalDmaTerminate
 .text.CC_PalMutexCreate
                0x000000000000a818       0x14 C:/ncs/v3.1.0/nrfxlib/crypto/nrf_cc312_platform/lib/cortex-m33/soft-float/no-interrupts/libnrf_cc312_platform_0.9.19.a(cc_pal_mutex.c.obj)
                0x000000000000a818                CC_PalMutexCreate
 .text.CC_PalMutexDestroy
                0x000000000000a82c       0x14 C:/ncs/v3.1.0/nrfxlib/crypto/nrf_cc312_platform/lib/cortex-m33/soft-float/no-interrupts/libnrf_cc312_platform_0.9.19.a(cc_pal_mutex.c.obj)
                0x000000000000a82c                CC_PalMutexDestroy
 .text.CC_PalPowerSaveModeInit
                0x000000000000a840       0x3c C:/ncs/v3.1.0/nrfxlib/crypto/nrf_cc312_platform/lib/cortex-m33/soft-float/no-interrupts/libnrf_cc312_platform_0.9.19.a(cc_pal_pm.c.obj)
                0x000000000000a840                CC_PalPowerSaveModeInit
 .text.snprintf
                0x000000000000a87c       0x58 c:\ncs\toolchains\b8b84efebd\opt\zephyr-sdk\arm-zephyr-eabi\bin\../lib/gcc/../../picolibc/arm-zephyr-eabi/lib/thumb/v8-m.main/nofp\libc.a(libc_tinystdio_snprintf.c.o)
                0x000000000000a87c                snprintf
 .text.__l_vfprintf
                0x000000000000a8d4      0x4b4 c:\ncs\toolchains\b8b84efebd\opt\zephyr-sdk\arm-zephyr-eabi\bin\../lib/gcc/../../picolibc/arm-zephyr-eabi/lib/thumb/v8-m.main/nofp\libc.a(libc_tinystdio_vflprintf.c.o)
                0x000000000000a8d4                __l_vfprintf
 .text._OffsetAbsSyms
                0x000000000000ad88        0x2 zephyr/CMakeFiles/offsets.dir/./arch/arm/core/offsets/offsets.c.obj
                0x000000000000ad88                _OffsetAbsSyms
 .text.handle_key_event
                0x000000000000ad8a        0xc app/libapp.a(main.c.obj)
                0x000000000000ad8a                handle_key_event
 .text.ws2812_strip_length
                0x000000000000ad96        0x6 app/libapp.a(ws2812_i2s.c.obj)
 .text.chunk_field
                0x000000000000ad9c       0x16 zephyr/libzephyr.a(heap.c.obj)
 .text.chunk_set
                0x000000000000adb2       0x16 zephyr/libzephyr.a(heap.c.obj)
 .text.chunk_size
                0x000000000000adc8        0xc zephyr/libzephyr.a(heap.c.obj)
 .text.set_chunk_used
                0x000000000000add4       0x30 zephyr/libzephyr.a(heap.c.obj)
 .text.set_chunk_size
                0x000000000000ae04        0x8 zephyr/libzephyr.a(heap.c.obj)
 .text.mem_to_chunkid
                0x000000000000ae0c       0x14 zephyr/libzephyr.a(heap.c.obj)
 .text.bucket_idx.isra.0
                0x000000000000ae20       0x1c zephyr/libzephyr.a(heap.c.obj)
 .text.free_list_remove_bidx
                0x000000000000ae3c       0x5c zephyr/libzephyr.a(heap.c.obj)
 .text.free_list_remove
                0x000000000000ae98       0x2e zephyr/libzephyr.a(heap.c.obj)
 .text.alloc_chunk
                0x000000000000aec6       0x74 zephyr/libzephyr.a(heap.c.obj)
 .text.split_chunks
                0x000000000000af3a       0x4e zephyr/libzephyr.a(heap.c.obj)
 .text.merge_chunks
                0x000000000000af88       0x3c zephyr/libzephyr.a(heap.c.obj)
 .text.free_list_add
                0x000000000000afc4       0x84 zephyr/libzephyr.a(heap.c.obj)
 .text.free_chunk
                0x000000000000b048       0x84 zephyr/libzephyr.a(heap.c.obj)
 .text.sys_heap_free
                0x000000000000b0cc       0x24 zephyr/libzephyr.a(heap.c.obj)
                0x000000000000b0cc                sys_heap_free
 .text.sys_heap_alloc
                0x000000000000b0f0       0x6e zephyr/libzephyr.a(heap.c.obj)
                0x000000000000b0f0                sys_heap_alloc
 .text.sys_heap_noalign_alloc
                0x000000000000b15e        0x6 zephyr/libzephyr.a(heap.c.obj)
                0x000000000000b15e                sys_heap_noalign_alloc
 .text.sys_heap_init
                0x000000000000b164       0xb0 zephyr/libzephyr.a(heap.c.obj)
                0x000000000000b164                sys_heap_init
 .text.cbpprintf_external
                0x000000000000b214       0x62 zephyr/libzephyr.a(cbprintf_packaged.c.obj)
                0x000000000000b214                cbpprintf_external
 .text.is_ptr   0x000000000000b276       0x4a zephyr/libzephyr.a(cbprintf_packaged.c.obj)
                0x000000000000b276                is_ptr
 .text.arch_printk_char_out
                0x000000000000b2c0        0x4 zephyr/libzephyr.a(printk.c.obj)
                0x000000000000b2c0                arch_printk_char_out
 .text.printk   0x000000000000b2c4       0x1a zephyr/libzephyr.a(printk.c.obj)
                0x000000000000b2c4                printk
 .text.free_space
                0x000000000000b2de       0x26 zephyr/libzephyr.a(mpsc_pbuf.c.obj)
 .text.get_usage
                0x000000000000b304       0x22 zephyr/libzephyr.a(mpsc_pbuf.c.obj)
 .text.idx_inc  0x000000000000b326       0x1c zephyr/libzephyr.a(mpsc_pbuf.c.obj)
 .text.rd_idx_inc
                0x000000000000b342       0x18 zephyr/libzephyr.a(mpsc_pbuf.c.obj)
 .text.add_skip_item
                0x000000000000b35a       0x3e zephyr/libzephyr.a(mpsc_pbuf.c.obj)
 .text.drop_item_locked
                0x000000000000b398      0x100 zephyr/libzephyr.a(mpsc_pbuf.c.obj)
 .text.post_drop_action
                0x000000000000b498       0x36 zephyr/libzephyr.a(mpsc_pbuf.c.obj)
 .text.max_utilization_update
                0x000000000000b4ce       0x1a zephyr/libzephyr.a(mpsc_pbuf.c.obj)
 .text.mpsc_pbuf_init
                0x000000000000b4e8       0x42 zephyr/libzephyr.a(mpsc_pbuf.c.obj)
                0x000000000000b4e8                mpsc_pbuf_init
 .text.mpsc_pbuf_alloc
                0x000000000000b52a       0xfe zephyr/libzephyr.a(mpsc_pbuf.c.obj)
                0x000000000000b52a                mpsc_pbuf_alloc
 .text.mpsc_pbuf_commit
                0x000000000000b628       0x3e zephyr/libzephyr.a(mpsc_pbuf.c.obj)
                0x000000000000b628                mpsc_pbuf_commit
 .text.mpsc_pbuf_claim
                0x000000000000b666       0xa8 zephyr/libzephyr.a(mpsc_pbuf.c.obj)
                0x000000000000b666                mpsc_pbuf_claim
 .text.mpsc_pbuf_free
                0x000000000000b70e       0x76 zephyr/libzephyr.a(mpsc_pbuf.c.obj)
                0x000000000000b70e                mpsc_pbuf_free
 .text.mpsc_pbuf_is_pending
                0x000000000000b784       0x32 zephyr/libzephyr.a(mpsc_pbuf.c.obj)
                0x000000000000b784                mpsc_pbuf_is_pending
 .text.sys_slist_find_and_remove
                0x000000000000b7b6       0x36 zephyr/libzephyr.a(onoff.c.obj)
 .text.process_recheck
                0x000000000000b7ec       0x38 zephyr/libzephyr.a(onoff.c.obj)
 .text.validate_args
                0x000000000000b824       0x20 zephyr/libzephyr.a(onoff.c.obj)
 .text.notify_one
                0x000000000000b844       0x2c zephyr/libzephyr.a(onoff.c.obj)
 .text.transition_complete
                0x000000000000b870       0x1a zephyr/libzephyr.a(onoff.c.obj)
 .text.onoff_manager_init
                0x000000000000b88a       0x26 zephyr/libzephyr.a(onoff.c.obj)
                0x000000000000b88a                onoff_manager_init
 .text.onoff_request
                0x000000000000b8b0       0xae zephyr/libzephyr.a(onoff.c.obj)
                0x000000000000b8b0                onoff_request
 .text.onoff_release
                0x000000000000b95e       0x48 zephyr/libzephyr.a(onoff.c.obj)
                0x000000000000b95e                onoff_release
 .text.onoff_cancel
                0x000000000000b9a6       0x36 zephyr/libzephyr.a(onoff.c.obj)
                0x000000000000b9a6                onoff_cancel
 .text.sys_notify_validate
                0x000000000000b9dc       0x22 zephyr/libzephyr.a(notify.c.obj)
                0x000000000000b9dc                sys_notify_validate
 .text.sys_notify_finalize
                0x000000000000b9fe       0x1a zephyr/libzephyr.a(notify.c.obj)
                0x000000000000b9fe                sys_notify_finalize
 .text._ConfigAbsSyms
                0x000000000000ba18        0x2 zephyr/libzephyr.a(configs.c.obj)
                0x000000000000ba18                _ConfigAbsSyms
 .text.log_msg_generic_get_wlen
                0x000000000000ba1a       0x20 zephyr/libzephyr.a(log_core.c.obj)
 .text.dummy_timestamp
                0x000000000000ba3a        0x4 zephyr/libzephyr.a(log_core.c.obj)
 .text.default_get_timestamp
                0x000000000000ba3e        0x4 zephyr/libzephyr.a(log_core.c.obj)
 .text.atomic_inc
                0x000000000000ba42       0x12 zephyr/libzephyr.a(log_core.c.obj)
 .text.z_log_vprintk
                0x000000000000ba54       0x1c zephyr/libzephyr.a(log_core.c.obj)
                0x000000000000ba54                z_log_vprintk
 .text.z_log_notify_drop
                0x000000000000ba70        0x6 zephyr/libzephyr.a(log_core.c.obj)
 .text.z_log_get_tag
                0x000000000000ba76        0x4 zephyr/libzephyr.a(log_core.c.obj)
                0x000000000000ba76                z_log_get_tag
 .text.log_backend_enable
                0x000000000000ba7a       0x12 zephyr/libzephyr.a(log_mgmt.c.obj)
                0x000000000000ba7a                log_backend_enable
 .text.z_cbprintf_cpy
                0x000000000000ba8c       0x2c zephyr/libzephyr.a(log_msg.c.obj)
 .text.z_log_msg_finalize
                0x000000000000bab8       0x32 zephyr/libzephyr.a(log_msg.c.obj)
                0x000000000000bab8                z_log_msg_finalize
 .text.z_log_msg_simple_create
                0x000000000000baea       0x6e zephyr/libzephyr.a(log_msg.c.obj)
 .text.z_impl_z_log_msg_simple_create_0
                0x000000000000bb58       0x12 zephyr/libzephyr.a(log_msg.c.obj)
                0x000000000000bb58                z_impl_z_log_msg_simple_create_0
 .text.z_impl_z_log_msg_simple_create_1
                0x000000000000bb6a       0x14 zephyr/libzephyr.a(log_msg.c.obj)
                0x000000000000bb6a                z_impl_z_log_msg_simple_create_1
 .text.z_impl_z_log_msg_simple_create_2
                0x000000000000bb7e       0x18 zephyr/libzephyr.a(log_msg.c.obj)
                0x000000000000bb7e                z_impl_z_log_msg_simple_create_2
 .text.log_output_write
                0x000000000000bb96       0x1c zephyr/libzephyr.a(log_output.c.obj)
 .text.log_output_flush
                0x000000000000bbb2       0x1a zephyr/libzephyr.a(log_output.c.obj)
 .text.out_func
                0x000000000000bbcc       0x2e zephyr/libzephyr.a(log_output.c.obj)
 .text.cr_out_func
                0x000000000000bbfa       0x1c zephyr/libzephyr.a(log_output.c.obj)
 .text.log_output_msg_process
                0x000000000000bc16       0x6a zephyr/libzephyr.a(log_output.c.obj)
                0x000000000000bc16                log_output_msg_process
 .text.format_set
                0x000000000000bc80        0xc zephyr/libzephyr.a(log_backend_uart.c.obj)
 .text.log_backend_uart_init
                0x000000000000bc8c        0xc zephyr/libzephyr.a(log_backend_uart.c.obj)
 .text.panic    0x000000000000bc98       0x32 zephyr/libzephyr.a(log_backend_uart.c.obj)
 .text.dropped  0x000000000000bcca        0xa zephyr/libzephyr.a(log_backend_uart.c.obj)
 .text.process  0x000000000000bcd4       0x1e zephyr/libzephyr.a(log_backend_uart.c.obj)
 .text.z_log_msg_simple_create_1
                0x000000000000bcf2        0x4 zephyr/libzephyr.a(usb_device.c.obj)
 .text.get_ep_bm_from_addr
                0x000000000000bcf6       0x1e zephyr/libzephyr.a(usb_device.c.obj)
 .text.usb_get_dev_data_by_cfg
                0x000000000000bd14       0x16 zephyr/libzephyr.a(usb_descriptor.c.obj)
                0x000000000000bd14                usb_get_dev_data_by_cfg
 .text.usb_get_dev_data_by_iface
                0x000000000000bd2a       0x1a zephyr/libzephyr.a(usb_descriptor.c.obj)
                0x000000000000bd2a                usb_get_dev_data_by_iface
 .text.usb_get_dev_data_by_ep
                0x000000000000bd44       0x2c zephyr/libzephyr.a(usb_descriptor.c.obj)
                0x000000000000bd44                usb_get_dev_data_by_ep
 .text.abort_function
                0x000000000000bd70        0x2 zephyr/libzephyr.a(nrf_cc3xx_platform_abort_zephyr.c.obj)
 .text.z_do_kernel_oops
                0x000000000000bd72        0x8 zephyr/arch/arch/arm/core/libarch__arm__core.a(fatal.c.obj)
                0x000000000000bd72                z_do_kernel_oops
 .text.z_arm_nmi
                0x000000000000bd7a        0xe zephyr/arch/arch/arm/core/libarch__arm__core.a(nmi.c.obj)
                0x000000000000bd7a                z_arm_nmi
 .text.z_log_msg_simple_create_0.constprop.0
                0x000000000000bd88        0x8 zephyr/arch/arch/arm/core/cortex_m/libarch__arm__core__cortex_m.a(fault.c.obj)
 .text.z_irq_spurious
                0x000000000000bd90        0x8 zephyr/arch/arch/arm/core/cortex_m/libarch__arm__core__cortex_m.a(irq_manage.c.obj)
                0x000000000000bd90                z_irq_spurious
 .text.configure_builtin_stack_guard
                0x000000000000bd98        0x8 zephyr/arch/arch/arm/core/cortex_m/libarch__arm__core__cortex_m.a(thread.c.obj)
                0x000000000000bd98                configure_builtin_stack_guard
 .text.arch_irq_unlock_outlined
                0x000000000000bda0        0xe zephyr/arch/arch/arm/core/cortex_m/libarch__arm__core__cortex_m.a(thread.c.obj)
                0x000000000000bda0                arch_irq_unlock_outlined
 .text.arch_cpu_idle
                0x000000000000bdae       0x32 zephyr/arch/arch/arm/core/cortex_m/libarch__arm__core__cortex_m.a(cpu_idle.c.obj)
                0x000000000000bdae                arch_cpu_idle
 .text.arch_cpu_atomic_idle
                0x000000000000bde0       0x38 zephyr/arch/arch/arm/core/cortex_m/libarch__arm__core__cortex_m.a(cpu_idle.c.obj)
                0x000000000000bde0                arch_cpu_atomic_idle
 .text.arm_cmse_mpu_region_get
                0x000000000000be18       0x12 zephyr/arch/arch/arm/core/cortex_m/cmse/libarch__arm__core__cortex_m__cmse.a(arm_core_cmse.c.obj)
                0x000000000000be18                arm_cmse_mpu_region_get
 .text.mpu_configure_region
                0x000000000000be2a       0x32 zephyr/arch/arch/arm/core/mpu/libarch__arm__core__mpu.a(arm_mpu.c.obj)
 .text.cbputc   0x000000000000be5c        0xc zephyr/lib/libc/picolibc/liblib__libc__picolibc.a(cbprintf.c.obj)
 .text.picolibc_put
                0x000000000000be68        0xa zephyr/lib/libc/picolibc/liblib__libc__picolibc.a(stdio.c.obj)
 .text.onoff_stop
                0x000000000000be72       0x22 zephyr/soc/soc/nrf5340/libsoc__nordic.a(nrf53_cpunet_mgmt.c.obj)
 .text.hid_interface_config
                0x000000000000be94        0x4 zephyr/subsys/usb/device/class/hid/libsubsys__usb__device__class__hid.a(core.c.obj)
 .text.usb_hid_device_init
                0x000000000000be98        0x4 zephyr/subsys/usb/device/class/hid/libsubsys__usb__device__class__hid.a(core.c.obj)
 .text.z_log_msg_simple_create_0
                0x000000000000be9c        0x4 zephyr/subsys/usb/device/class/hid/libsubsys__usb__device__class__hid.a(core.c.obj)
 .text.usb_hid_init
                0x000000000000bea0       0x14 zephyr/subsys/usb/device/class/hid/libsubsys__usb__device__class__hid.a(core.c.obj)
                0x000000000000bea0                usb_hid_init
 .text.input_to_hid_modifier
                0x000000000000beb4       0x50 zephyr/subsys/input/libsubsys__input.a(input_hid.c.obj)
                0x000000000000beb4                input_to_hid_modifier
 .text.keymap_init
                0x000000000000bf04       0x18 zephyr/subsys/input/libsubsys__input.a(input_keymap.c.obj)
 .text.ep_ctx_reset
                0x000000000000bf1c       0x26 zephyr/drivers/usb/device/libdrivers__usb__device.a(usb_dc_nrfx.c.obj)
 .text.z_log_msg_simple_create_0
                0x000000000000bf42        0x4 zephyr/drivers/usb/device/libdrivers__usb__device.a(usb_dc_nrfx.c.obj)
 .text.k_mutex_lock.constprop.0.isra.0
                0x000000000000bf46        0x4 zephyr/drivers/usb/device/libdrivers__usb__device.a(usb_dc_nrfx.c.obj)
 .text.k_mutex_unlock.isra.0
                0x000000000000bf4a        0x4 zephyr/drivers/usb/device/libdrivers__usb__device.a(usb_dc_nrfx.c.obj)
 .text.usb_dc_ep_disable
                0x000000000000bf4e       0x32 zephyr/drivers/usb/device/libdrivers__usb__device.a(usb_dc_nrfx.c.obj)
                0x000000000000bf4e                usb_dc_ep_disable
 .text.usb_dc_ep_read
                0x000000000000bf80       0x1e zephyr/drivers/usb/device/libdrivers__usb__device.a(usb_dc_nrfx.c.obj)
                0x000000000000bf80                usb_dc_ep_read
 .text.ep2bit   0x000000000000bf9e       0x10 zephyr/drivers/usb/common/nrf_usbd_common/libdrivers__usb__common__nrf_usbd_common.a(nrf_usbd_common.c.obj)
 .text.nrf_usbd_common_ep_max_packet_size_set
                0x000000000000bfae        0xa zephyr/drivers/usb/common/nrf_usbd_common/libdrivers__usb__common__nrf_usbd_common.a(nrf_usbd_common.c.obj)
                0x000000000000bfae                nrf_usbd_common_ep_max_packet_size_set
 .text.nrf_usbd_common_ep_status_get
                0x000000000000bfb8       0x2c zephyr/drivers/usb/common/nrf_usbd_common/libdrivers__usb__common__nrf_usbd_common.a(nrf_usbd_common.c.obj)
                0x000000000000bfb8                nrf_usbd_common_ep_status_get
 .text.get_status
                0x000000000000bfe4       0x12 zephyr/drivers/clock_control/libdrivers__clock_control.a(clock_control_nrf.c.obj)
 .text.stop     0x000000000000bff6       0x50 zephyr/drivers/clock_control/libdrivers__clock_control.a(clock_control_nrf.c.obj)
 .text.api_stop
                0x000000000000c046        0x6 zephyr/drivers/clock_control/libdrivers__clock_control.a(clock_control_nrf.c.obj)
 .text.async_start
                0x000000000000c04c       0x5a zephyr/drivers/clock_control/libdrivers__clock_control.a(clock_control_nrf.c.obj)
 .text.api_start
                0x000000000000c0a6        0xe zephyr/drivers/clock_control/libdrivers__clock_control.a(clock_control_nrf.c.obj)
 .text.onoff_started_callback
                0x000000000000c0b4       0x12 zephyr/drivers/clock_control/libdrivers__clock_control.a(clock_control_nrf.c.obj)
 .text.hfclkaudio_start
                0x000000000000c0c6        0x6 zephyr/drivers/clock_control/libdrivers__clock_control.a(clock_control_nrf.c.obj)
 .text.hfclk192m_start
                0x000000000000c0cc        0x6 zephyr/drivers/clock_control/libdrivers__clock_control.a(clock_control_nrf.c.obj)
 .text.lfclk_start
                0x000000000000c0d2        0x6 zephyr/drivers/clock_control/libdrivers__clock_control.a(clock_control_nrf.c.obj)
 .text.hfclkaudio_stop
                0x000000000000c0d8        0x6 zephyr/drivers/clock_control/libdrivers__clock_control.a(clock_control_nrf.c.obj)
 .text.hfclk192m_stop
                0x000000000000c0de        0x6 zephyr/drivers/clock_control/libdrivers__clock_control.a(clock_control_nrf.c.obj)
 .text.lfclk_stop
                0x000000000000c0e4        0x6 zephyr/drivers/clock_control/libdrivers__clock_control.a(clock_control_nrf.c.obj)
 .text.blocking_start_callback
                0x000000000000c0ea        0x6 zephyr/drivers/clock_control/libdrivers__clock_control.a(clock_control_nrf.c.obj)
 .text.gpio_nrfx_port_get_raw
                0x000000000000c0f0        0xc zephyr/drivers/gpio/libdrivers__gpio.a(gpio_nrfx.c.obj)
 .text.gpio_nrfx_port_set_masked_raw
                0x000000000000c0fc       0x14 zephyr/drivers/gpio/libdrivers__gpio.a(gpio_nrfx.c.obj)
 .text.gpio_nrfx_port_set_bits_raw
                0x000000000000c110        0xa zephyr/drivers/gpio/libdrivers__gpio.a(gpio_nrfx.c.obj)
 .text.gpio_nrfx_port_clear_bits_raw
                0x000000000000c11a        0xa zephyr/drivers/gpio/libdrivers__gpio.a(gpio_nrfx.c.obj)
 .text.gpio_nrfx_port_toggle_bits
                0x000000000000c124       0x14 zephyr/drivers/gpio/libdrivers__gpio.a(gpio_nrfx.c.obj)
 .text.gpio_nrfx_manage_callback
                0x000000000000c138       0x52 zephyr/drivers/gpio/libdrivers__gpio.a(gpio_nrfx.c.obj)
 .text.z_impl_hwinfo_get_device_id
                0x000000000000c18a       0x2c zephyr/drivers/hwinfo/libdrivers__hwinfo.a(hwinfo_nrf.c.obj)
                0x000000000000c18a                z_impl_hwinfo_get_device_id
 .text.i2s_nrfx_config_get
                0x000000000000c1b6       0x2c zephyr/drivers/i2s/libdrivers__i2s.a(i2s_nrfx.c.obj)
 .text.get_next_tx_buffer
                0x000000000000c1e2       0x26 zephyr/drivers/i2s/libdrivers__i2s.a(i2s_nrfx.c.obj)
 .text.z_log_msg_simple_create_1.constprop.0
                0x000000000000c208        0xa zephyr/drivers/i2s/libdrivers__i2s.a(i2s_nrfx.c.obj)
 .text.supply_next_buffers
                0x000000000000c212       0x4a zephyr/drivers/i2s/libdrivers__i2s.a(i2s_nrfx.c.obj)
 .text.z_log_msg_simple_create_0.constprop.0
                0x000000000000c25c        0x8 zephyr/drivers/i2s/libdrivers__i2s.a(i2s_nrfx.c.obj)
 .text.clock_started_callback
                0x000000000000c264       0x2a zephyr/drivers/i2s/libdrivers__i2s.a(i2s_nrfx.c.obj)
 .text.purge_queue.isra.0
                0x000000000000c28e       0x52 zephyr/drivers/i2s/libdrivers__i2s.a(i2s_nrfx.c.obj)
 .text.gpio_pin_configure_dt
                0x000000000000c2e0       0x3e zephyr/drivers/input/libdrivers__input.a(input_gpio_kbd_matrix.c.obj)
 .text.gpio_port_get
                0x000000000000c31e       0x18 zephyr/drivers/input/libdrivers__input.a(input_gpio_kbd_matrix.c.obj)
 .text.gpio_kbd_matrix_read_row
                0x000000000000c336       0x6c zephyr/drivers/input/libdrivers__input.a(input_gpio_kbd_matrix.c.obj)
 .text.gpio_kbd_matrix_is_gpio_coherent
                0x000000000000c3a2       0x34 zephyr/drivers/input/libdrivers__input.a(input_gpio_kbd_matrix.c.obj)
 .text.gpio_kbd_matrix_drive_column
                0x000000000000c3d6       0xcc zephyr/drivers/input/libdrivers__input.a(input_gpio_kbd_matrix.c.obj)
 .text.gpio_pin_get
                0x000000000000c4a2       0x28 zephyr/drivers/input/libdrivers__input.a(input_gpio_keys.c.obj)
 .text.gpio_keys_interrupt
                0x000000000000c4ca       0x34 zephyr/drivers/input/libdrivers__input.a(input_gpio_keys.c.obj)
 .text.input_kbd_matrix_drive_column
                0x000000000000c4fe        0x8 zephyr/drivers/input/libdrivers__input.a(input_kbd_matrix.c.obj)
 .text.input_kbd_matrix_poll_timeout.isra.0
                0x000000000000c506       0x38 zephyr/drivers/input/libdrivers__input.a(input_kbd_matrix.c.obj)
 .text.input_kbd_matrix_poll_start
                0x000000000000c53e        0x8 zephyr/drivers/input/libdrivers__input.a(input_kbd_matrix.c.obj)
                0x000000000000c53e                input_kbd_matrix_poll_start
 .text.pinctrl_lookup_state
                0x000000000000c546       0x26 zephyr/drivers/pinctrl/libdrivers__pinctrl.a(common.c.obj)
                0x000000000000c546                pinctrl_lookup_state
 .text.uarte_nrfx_err_check
                0x000000000000c56c        0xe zephyr/drivers/serial/libdrivers__serial.a(uart_nrfx_uarte.c.obj)
 .text.uarte_nrfx_poll_in
                0x000000000000c57a       0x26 zephyr/drivers/serial/libdrivers__serial.a(uart_nrfx_uarte.c.obj)
 .text.is_tx_ready.isra.0
                0x000000000000c5a0       0x20 zephyr/drivers/serial/libdrivers__serial.a(uart_nrfx_uarte.c.obj)
 .text.uarte_nrfx_isr_int
                0x000000000000c5c0       0x42 zephyr/drivers/serial/libdrivers__serial.a(uart_nrfx_uarte.c.obj)
 .text.pinctrl_apply_state.isra.0